[2026-03-05 11:14:45] ==========================================
[2026-03-05 11:14:45] VPN 自动重连系统启动
[2026-03-05 11:14:45] ==========================================
[2026-03-05 11:14:45] DISPLAY: :1
[2026-03-05 11:14:45] 工作目录: /home/tsl/openclaw/vpn-auto/v2
[2026-03-05 11:14:45] 日志文件: /home/tsl/openclaw/vpn-auto/v2/logs/vpn-20260305.log
[2026-03-05 11:14:45] 
[2026-03-05 11:14:45] Python 版本: Python 3.8.10
[2026-03-05 11:14:45] 检查依赖...
[2026-03-05 11:14:46] ✅ 配置文件: /home/tsl/openclaw/vpn-auto/v2/config/config.yaml
[2026-03-05 11:14:46] 
[2026-03-05 11:14:46] 启动 VPN Watchdog...
[2026-03-05 11:14:46] 
[2026-03-05 11:14:46] [INFO] AT-SPI 驱动已加载
[2026-03-05 11:14:46] [INFO] PyAutoGUI 驱动已加载
[2026-03-05 11:14:46] [INFO] OpenCV 驱动已加载
[2026-03-05 11:14:46] [INFO] 飞书通知已启用，目标用户: ou_b3afb7d2133e4d689be523fc48f3d2b3
[2026-03-05 11:14:46] [INFO] 已加载 3 个驱动
[2026-03-05 11:14:46] [INFO] VPN Watchdog 已启动
[2026-03-05 11:14:46] [INFO] 检测间隔: 60 秒
[2026-03-05 11:14:46] [INFO] 最大失败次数: 3
[2026-03-05 11:16:48] [WARNING] ⚠️  VPN 断开 (失败次数: 1/3)
[2026-03-05 11:17:48] [WARNING] ⚠️  VPN 断开 (失败次数: 2/3)
[2026-03-05 11:18:48] [WARNING] ⚠️  VPN 断开 (失败次数: 3/3)
[2026-03-05 11:18:48] [ERROR] ❌ VPN 连续失败 3 次，触发重连
[2026-03-05 11:18:48] [INFO] ============================================================
[2026-03-05 11:18:48] [INFO] 开始 VPN 重连流程
[2026-03-05 11:18:48] [INFO] ============================================================
[2026-03-05 11:18:48] [INFO] 停止 FortiClient 进程...
[2026-03-05 11:18:48] [WARNING] ⚠️  sudo 返回码 -9，尝试不使用 sudo...
[2026-03-05 11:18:51] [INFO] ✅ FortiClient 进程已停止
[2026-03-05 11:18:51] [INFO] 将光标移动到屏幕中央 (960, 540)...
[2026-03-05 11:18:51] [INFO] 启动 FortiClient...
[2026-03-05 11:18:51] [INFO] 点击左边栏图标 (40, 200)...
[2026-03-05 11:18:53] [INFO] ✅ 已触发 FortiClient 启动
[2026-03-05 11:18:53] [INFO] 等待 FortiClient 窗口出现（最多 30 秒）...
[2026-03-05 11:18:53] [INFO] ✅ 窗口已出现（等待 1 秒）
[2026-03-05 11:18:53] [INFO] 等待 GUI 加载 (15 秒)...
[2026-03-05 11:19:08] [INFO] 尝试点击连接按钮...
[2026-03-05 11:19:08] [INFO] 尝试驱动: ATSPIDriver
[2026-03-05 11:19:08] [INFO] 使用 AT-SPI 查找按钮...
[2026-03-05 11:19:08] [INFO] 找到应用: FortiClient
[2026-03-05 11:19:08] [WARNING] 未找到 FortiClient 应用或按钮
[2026-03-05 11:19:08] [WARNING] ⚠️  ATSPIDriver 失败
[2026-03-05 11:19:08] [INFO] 尝试驱动: PyAutoDriver
[2026-03-05 11:19:08] [INFO] 使用 PyAutoGUI 查找按钮...
[2026-03-05 11:19:08] [INFO] 找到按钮: Point(x=992, y=722)
[2026-03-05 11:19:08] [INFO] ✅ PyAutoGUI 点击成功
[2026-03-05 11:19:08] [INFO] ✅ PyAutoDriver 成功
[2026-03-05 11:19:08] [INFO] 等待 VPN 连接（最多 60 秒，每 10 秒检查一次）...
[2026-03-05 11:19:18] [INFO] 检查 VPN 状态（第 1/6 次）...
[2026-03-05 11:19:18] [INFO] ✅ VPN 已连接（FortiClient 状态），耗时 10 秒
[2026-03-05 11:19:18] [INFO] ============================================================
[2026-03-05 11:19:18] [INFO] ✅ VPN 重连成功
[2026-03-05 11:19:18] [INFO] ============================================================
[2026-03-05 11:25:45] ==========================================
[2026-03-05 11:25:45] VPN 自动重连系统启动
[2026-03-05 11:25:45] ==========================================
[2026-03-05 11:25:45] DISPLAY: :1
[2026-03-05 11:25:45] 工作目录: /home/tsl/openclaw/vpn-auto/v2
[2026-03-05 11:25:45] 日志文件: /home/tsl/openclaw/vpn-auto/v2/logs/vpn-20260305.log
[2026-03-05 11:25:45] 
[2026-03-05 11:25:45] Python 版本: Python 3.8.10
[2026-03-05 11:25:45] 检查依赖...
[2026-03-05 11:25:45] ✅ 配置文件: /home/tsl/openclaw/vpn-auto/v2/config/config.yaml
[2026-03-05 11:25:45] 
[2026-03-05 11:25:45] 启动 VPN Watchdog...
[2026-03-05 11:25:45] 
[2026-03-05 11:25:45] [INFO] AT-SPI 驱动已加载
[2026-03-05 11:25:45] [INFO] 飞书通知已启用，目标用户: ou_b3afb7d2133e4d689be523fc48f3d2b3
[2026-03-05 11:25:45] [INFO] 已加载 1 个驱动
[2026-03-05 11:25:45] [INFO] VPN Watchdog 已启动
[2026-03-05 11:25:45] [INFO] 检测间隔: 60 秒
[2026-03-05 11:25:45] [INFO] 最大失败次数: 3
[2026-03-05 11:30:43] ==========================================
[2026-03-05 11:30:43] VPN 自动重连系统启动
[2026-03-05 11:30:43] ==========================================
[2026-03-05 11:30:43] DISPLAY: :1
[2026-03-05 11:30:43] 工作目录: /home/tsl/openclaw/vpn-auto/v2
[2026-03-05 11:30:43] 日志文件: /home/tsl/openclaw/vpn-auto/v2/logs/vpn-20260305.log
[2026-03-05 11:30:43] 
[2026-03-05 11:30:43] Python 版本: Python 3.8.10
[2026-03-05 11:30:43] 检查依赖...
[2026-03-05 11:30:43] ✅ 配置文件: /home/tsl/openclaw/vpn-auto/v2/config/config.yaml
[2026-03-05 11:30:43] 
[2026-03-05 11:30:43] 启动 VPN Watchdog...
[2026-03-05 11:30:43] 
[2026-03-05 11:30:43] [INFO] PyAutoGUI 驱动已加载
[2026-03-05 11:30:43] [INFO] OpenCV 驱动已加载
[2026-03-05 11:30:43] [INFO] 飞书通知已启用，目标用户: ou_b3afb7d2133e4d689be523fc48f3d2b3
[2026-03-05 11:30:43] [INFO] 已加载 2 个驱动
[2026-03-05 11:30:43] [INFO] VPN Watchdog 已启动
[2026-03-05 11:30:43] [INFO] 检测间隔: 60 秒
[2026-03-05 11:30:43] [INFO] 最大失败次数: 3
[2026-03-05 11:36:51] [WARNING] ⚠️  VPN 断开 (失败次数: 1/3)
[2026-03-05 11:37:37] ==========================================
[2026-03-05 11:37:37] VPN 自动重连系统启动
[2026-03-05 11:37:37] ==========================================
[2026-03-05 11:37:37] DISPLAY: :1
[2026-03-05 11:37:37] 工作目录: /home/tsl/openclaw/vpn-auto/v2
[2026-03-05 11:37:37] 日志文件: /home/tsl/openclaw/vpn-auto/v2/logs/vpn-20260305.log
[2026-03-05 11:37:37] 
[2026-03-05 11:37:37] Python 版本: Python 3.8.10
[2026-03-05 11:37:37] 检查依赖...
[2026-03-05 11:37:38] ✅ 配置文件: /home/tsl/openclaw/vpn-auto/v2/config/config.yaml
[2026-03-05 11:37:38] 
[2026-03-05 11:37:38] 启动 VPN Watchdog...
[2026-03-05 11:37:38] 
[2026-03-05 11:37:38] [INFO] PyAutoGUI 驱动已加载
[2026-03-05 11:37:38] [INFO] OpenCV 驱动已加载
[2026-03-05 11:37:38] [INFO] 飞书通知已启用，目标用户: ou_b3afb7d2133e4d689be523fc48f3d2b3
[2026-03-05 11:37:38] [INFO] 已加载 2 个驱动
[2026-03-05 11:37:38] [INFO] VPN Watchdog 已启动
[2026-03-05 11:37:38] [INFO] 检测间隔: 60 秒
[2026-03-05 11:37:38] [INFO] 最大失败次数: 3
[2026-03-05 11:37:38] [WARNING] ⚠️  VPN 断开 (失败次数: 1/3)
[2026-03-05 11:38:38] [WARNING] ⚠️  VPN 断开 (失败次数: 2/3)
[2026-03-05 11:39:38] [WARNING] ⚠️  VPN 断开 (失败次数: 3/3)
[2026-03-05 11:39:38] [ERROR] ❌ VPN 连续失败 3 次，触发重连
[2026-03-05 11:39:38] [INFO] ============================================================
[2026-03-05 11:39:38] [INFO] 开始 VPN 重连流程
[2026-03-05 11:39:38] [INFO] ============================================================
[2026-03-05 11:39:38] [INFO] 停止 FortiClient 进程...
[2026-03-05 11:39:38] [WARNING] ⚠️  sudo 返回码 -9，尝试不使用 sudo...
[2026-03-05 11:39:40] [INFO] ✅ FortiClient 进程已停止
[2026-03-05 11:39:40] [INFO] 将光标移动到屏幕中央 (960, 540)...
[2026-03-05 11:39:40] [INFO] 启动 FortiClient...
[2026-03-05 11:39:40] [INFO] 点击左边栏图标 (40, 200)...
[2026-03-05 11:39:43] [INFO] ✅ 已触发 FortiClient 启动
[2026-03-05 11:39:43] [INFO] 等待 FortiClient 窗口出现（最多 30 秒）...
[2026-03-05 11:39:43] [INFO] ✅ 窗口已出现（等待 1 秒）
[2026-03-05 11:39:43] [INFO] 等待 GUI 加载 (15 秒)...
[2026-03-05 11:39:58] [INFO] 尝试点击连接按钮...
[2026-03-05 11:39:58] [INFO] 尝试驱动: PyAutoDriver
[2026-03-05 11:39:58] [INFO] 使用 PyAutoGUI 查找按钮...
[2026-03-05 11:39:58] [INFO] 找到按钮: Point(x=992, y=722)
[2026-03-05 11:39:58] [INFO] ✅ PyAutoGUI 点击成功
[2026-03-05 11:39:58] [INFO] ✅ PyAutoDriver 成功
[2026-03-05 11:39:58] [INFO] 等待 VPN 连接（最多 60 秒，每 10 秒检查一次）...
[2026-03-05 11:40:08] [INFO] 检查 VPN 状态（第 1/6 次）...
[2026-03-05 11:40:08] [INFO] ✅ VPN 已连接（FortiClient 状态），耗时 10 秒
[2026-03-05 11:40:08] [INFO] ============================================================
[2026-03-05 11:40:08] [INFO] ✅ VPN 重连成功
[2026-03-05 11:40:08] [INFO] ============================================================
[2026-03-05 19:40:26] [WARNING] ⚠️  VPN 断开 (失败次数: 1/3)
[2026-03-05 19:41:26] [WARNING] ⚠️  VPN 断开 (失败次数: 2/3)
[2026-03-05 19:42:26] [WARNING] ⚠️  VPN 断开 (失败次数: 3/3)
[2026-03-05 19:42:26] [ERROR] ❌ VPN 连续失败 3 次，触发重连
[2026-03-05 19:42:26] [INFO] ============================================================
[2026-03-05 19:42:26] [INFO] 开始 VPN 重连流程
[2026-03-05 19:42:26] [INFO] ============================================================
[2026-03-05 19:42:26] [INFO] 停止 FortiClient 进程...
[2026-03-05 19:42:26] [WARNING] ⚠️  sudo 返回码 -9，尝试不使用 sudo...
[2026-03-05 19:42:28] [INFO] ✅ FortiClient 进程已停止
[2026-03-05 19:42:28] [INFO] 将光标移动到屏幕中央 (960, 540)...
[2026-03-05 19:42:28] [INFO] 启动 FortiClient...
[2026-03-05 19:42:28] [INFO] 点击左边栏图标 (40, 200)...
[2026-03-05 19:42:31] [INFO] ✅ 已触发 FortiClient 启动
[2026-03-05 19:42:31] [INFO] 等待 FortiClient 窗口出现（最多 30 秒）...
[2026-03-05 19:42:46] [WARNING] ⚠️  窗口尚未出现，重试点击左边栏图标...
[2026-03-05 19:42:46] [INFO] 点击左边栏图标 (40, 200)...
[2026-03-05 19:43:05] [INFO] ✅ 窗口已出现（等待 17 秒）
[2026-03-05 19:43:05] [INFO] 等待 GUI 加载 (15 秒)...
[2026-03-05 19:43:20] [INFO] 尝试点击连接按钮...
[2026-03-05 19:43:20] [INFO] 尝试驱动: PyAutoDriver
[2026-03-05 19:43:20] [INFO] 使用 PyAutoGUI 查找按钮...
[2026-03-05 19:43:20] [INFO] 找到按钮: Point(x=992, y=722)
[2026-03-05 19:43:20] [INFO] ✅ PyAutoGUI 点击成功
[2026-03-05 19:43:20] [INFO] ✅ PyAutoDriver 成功
[2026-03-05 19:43:20] [INFO] 等待 VPN 连接（最多 60 秒，每 10 秒检查一次）...
[2026-03-05 19:43:30] [INFO] 检查 VPN 状态（第 1/6 次）...
[2026-03-05 19:43:30] [INFO] ✅ VPN 已连接（FortiClient 状态），耗时 10 秒
[2026-03-05 19:43:30] [INFO] ============================================================
[2026-03-05 19:43:30] [INFO] ✅ VPN 重连成功
[2026-03-05 19:43:30] [INFO] ============================================================
