[2026-03-30 15:58:40] ==========================================
[2026-03-30 15:58:40] VPN 自动重连系统启动
[2026-03-30 15:58:40] ==========================================
[2026-03-30 15:58:40] DISPLAY: :1
[2026-03-30 15:58:40] 工作目录: /home/tsl/openclaw/vpn-auto/v2
[2026-03-30 15:58:40] 日志文件: /home/tsl/openclaw/vpn-auto/v2/logs/vpn-20260330.log
[2026-03-30 15:58:40] 
[2026-03-30 15:58:40] Python 版本: Python 3.8.10
[2026-03-30 15:58:40] 检查依赖...
[2026-03-30 15:58:41] ✅ 配置文件: /home/tsl/openclaw/vpn-auto/v2/config/config.yaml
[2026-03-30 15:58:41] 
[2026-03-30 15:58:41] 启动 VPN Watchdog...
[2026-03-30 15:58:41] 
Traceback (most recent call last):
  File "/home/tsl/.local/lib/python3.8/site-packages/Xlib/support/unix_connect.py", line 76, in get_socket
    s.connect('/tmp/.X11-unix/X%d' % dno)
FileNotFoundError: [Errno 2] No such file or directory

During handling of the above exception, another exception occurred:

Traceback (most recent call last):
  File "/home/tsl/openclaw/vpn-auto/v2/core/watchdog.py", line 110, in <module>
    main()
  File "/home/tsl/openclaw/vpn-auto/v2/core/watchdog.py", line 105, in main
    watchdog = VPNWatchdog(config_path=args.config)
  File "/home/tsl/openclaw/vpn-auto/v2/core/watchdog.py", line 35, in __init__
    self.orchestrator = ReconnectOrchestrator(self.config)
  File "/home/tsl/openclaw/vpn-auto/v2/core/orchestrator.py", line 33, in __init__
    self.drivers = self._init_drivers()
  File "/home/tsl/openclaw/vpn-auto/v2/core/orchestrator.py", line 54, in _init_drivers
    drivers.append(PyAutoDriver(self.config))
  File "/home/tsl/openclaw/vpn-auto/v2/drivers/pyauto_driver.py", line 25, in __init__
    import pyautogui
  File "/home/tsl/.local/lib/python3.8/site-packages/pyautogui/__init__.py", line 246, in <module>
    import mouseinfo
  File "/home/tsl/.local/lib/python3.8/site-packages/mouseinfo/__init__.py", line 223, in <module>
    _display = Display(os.environ['DISPLAY'])
  File "/home/tsl/.local/lib/python3.8/site-packages/Xlib/display.py", line 80, in __init__
    self.display = _BaseDisplay(display)
  File "/home/tsl/.local/lib/python3.8/site-packages/Xlib/display.py", line 62, in __init__
    display.Display.__init__(*(self, ) + args, **keys)
  File "/home/tsl/.local/lib/python3.8/site-packages/Xlib/protocol/display.py", line 58, in __init__
    self.socket = connect.get_socket(name, host, displayno)
  File "/home/tsl/.local/lib/python3.8/site-packages/Xlib/support/connect.py", line 76, in get_socket
    return mod.get_socket(dname, host, dno)
  File "/home/tsl/.local/lib/python3.8/site-packages/Xlib/support/unix_connect.py", line 78, in get_socket
    raise error.DisplayConnectionError(dname, str(val))
Xlib.error.DisplayConnectionError: Can't connect to display ":1": [Errno 2] No such file or directory
[2026-03-30 15:58:52] ==========================================
[2026-03-30 15:58:52] VPN 自动重连系统启动
[2026-03-30 15:58:52] ==========================================
[2026-03-30 15:58:52] DISPLAY: :1
[2026-03-30 15:58:52] 工作目录: /home/tsl/openclaw/vpn-auto/v2
[2026-03-30 15:58:52] 日志文件: /home/tsl/openclaw/vpn-auto/v2/logs/vpn-20260330.log
[2026-03-30 15:58:52] 
[2026-03-30 15:58:52] Python 版本: Python 3.8.10
[2026-03-30 15:58:52] 检查依赖...
[2026-03-30 15:58:52] ✅ 配置文件: /home/tsl/openclaw/vpn-auto/v2/config/config.yaml
[2026-03-30 15:58:52] 
[2026-03-30 15:58:52] 启动 VPN Watchdog...
[2026-03-30 15:58:52] 
Traceback (most recent call last):
  File "/home/tsl/.local/lib/python3.8/site-packages/Xlib/support/unix_connect.py", line 76, in get_socket
    s.connect('/tmp/.X11-unix/X%d' % dno)
FileNotFoundError: [Errno 2] No such file or directory

During handling of the above exception, another exception occurred:

Traceback (most recent call last):
  File "/home/tsl/openclaw/vpn-auto/v2/core/watchdog.py", line 110, in <module>
    main()
  File "/home/tsl/openclaw/vpn-auto/v2/core/watchdog.py", line 105, in main
    watchdog = VPNWatchdog(config_path=args.config)
  File "/home/tsl/openclaw/vpn-auto/v2/core/watchdog.py", line 35, in __init__
    self.orchestrator = ReconnectOrchestrator(self.config)
  File "/home/tsl/openclaw/vpn-auto/v2/core/orchestrator.py", line 33, in __init__
    self.drivers = self._init_drivers()
  File "/home/tsl/openclaw/vpn-auto/v2/core/orchestrator.py", line 54, in _init_drivers
    drivers.append(PyAutoDriver(self.config))
  File "/home/tsl/openclaw/vpn-auto/v2/drivers/pyauto_driver.py", line 25, in __init__
    import pyautogui
  File "/home/tsl/.local/lib/python3.8/site-packages/pyautogui/__init__.py", line 246, in <module>
    import mouseinfo
  File "/home/tsl/.local/lib/python3.8/site-packages/mouseinfo/__init__.py", line 223, in <module>
    _display = Display(os.environ['DISPLAY'])
  File "/home/tsl/.local/lib/python3.8/site-packages/Xlib/display.py", line 80, in __init__
    self.display = _BaseDisplay(display)
  File "/home/tsl/.local/lib/python3.8/site-packages/Xlib/display.py", line 62, in __init__
    display.Display.__init__(*(self, ) + args, **keys)
  File "/home/tsl/.local/lib/python3.8/site-packages/Xlib/protocol/display.py", line 58, in __init__
    self.socket = connect.get_socket(name, host, displayno)
  File "/home/tsl/.local/lib/python3.8/site-packages/Xlib/support/connect.py", line 76, in get_socket
    return mod.get_socket(dname, host, dno)
  File "/home/tsl/.local/lib/python3.8/site-packages/Xlib/support/unix_connect.py", line 78, in get_socket
    raise error.DisplayConnectionError(dname, str(val))
Xlib.error.DisplayConnectionError: Can't connect to display ":1": [Errno 2] No such file or directory
[2026-03-30 15:59:03] ==========================================
[2026-03-30 15:59:03] VPN 自动重连系统启动
[2026-03-30 15:59:03] ==========================================
[2026-03-30 15:59:03] DISPLAY: :1
[2026-03-30 15:59:03] 工作目录: /home/tsl/openclaw/vpn-auto/v2
[2026-03-30 15:59:03] 日志文件: /home/tsl/openclaw/vpn-auto/v2/logs/vpn-20260330.log
[2026-03-30 15:59:03] 
[2026-03-30 15:59:03] Python 版本: Python 3.8.10
[2026-03-30 15:59:03] 检查依赖...
[2026-03-30 15:59:04] ✅ 配置文件: /home/tsl/openclaw/vpn-auto/v2/config/config.yaml
[2026-03-30 15:59:04] 
[2026-03-30 15:59:04] 启动 VPN Watchdog...
[2026-03-30 15:59:04] 
Traceback (most recent call last):
  File "/home/tsl/.local/lib/python3.8/site-packages/Xlib/support/unix_connect.py", line 76, in get_socket
    s.connect('/tmp/.X11-unix/X%d' % dno)
FileNotFoundError: [Errno 2] No such file or directory

During handling of the above exception, another exception occurred:

Traceback (most recent call last):
  File "/home/tsl/openclaw/vpn-auto/v2/core/watchdog.py", line 110, in <module>
    main()
  File "/home/tsl/openclaw/vpn-auto/v2/core/watchdog.py", line 105, in main
    watchdog = VPNWatchdog(config_path=args.config)
  File "/home/tsl/openclaw/vpn-auto/v2/core/watchdog.py", line 35, in __init__
    self.orchestrator = ReconnectOrchestrator(self.config)
  File "/home/tsl/openclaw/vpn-auto/v2/core/orchestrator.py", line 33, in __init__
    self.drivers = self._init_drivers()
  File "/home/tsl/openclaw/vpn-auto/v2/core/orchestrator.py", line 54, in _init_drivers
    drivers.append(PyAutoDriver(self.config))
  File "/home/tsl/openclaw/vpn-auto/v2/drivers/pyauto_driver.py", line 25, in __init__
    import pyautogui
  File "/home/tsl/.local/lib/python3.8/site-packages/pyautogui/__init__.py", line 246, in <module>
    import mouseinfo
  File "/home/tsl/.local/lib/python3.8/site-packages/mouseinfo/__init__.py", line 223, in <module>
    _display = Display(os.environ['DISPLAY'])
  File "/home/tsl/.local/lib/python3.8/site-packages/Xlib/display.py", line 80, in __init__
    self.display = _BaseDisplay(display)
  File "/home/tsl/.local/lib/python3.8/site-packages/Xlib/display.py", line 62, in __init__
    display.Display.__init__(*(self, ) + args, **keys)
  File "/home/tsl/.local/lib/python3.8/site-packages/Xlib/protocol/display.py", line 58, in __init__
    self.socket = connect.get_socket(name, host, displayno)
  File "/home/tsl/.local/lib/python3.8/site-packages/Xlib/support/connect.py", line 76, in get_socket
    return mod.get_socket(dname, host, dno)
  File "/home/tsl/.local/lib/python3.8/site-packages/Xlib/support/unix_connect.py", line 78, in get_socket
    raise error.DisplayConnectionError(dname, str(val))
Xlib.error.DisplayConnectionError: Can't connect to display ":1": [Errno 2] No such file or directory
[2026-03-30 15:59:16] ==========================================
[2026-03-30 15:59:16] VPN 自动重连系统启动
[2026-03-30 15:59:16] ==========================================
[2026-03-30 15:59:16] DISPLAY: :1
[2026-03-30 15:59:16] 工作目录: /home/tsl/openclaw/vpn-auto/v2
[2026-03-30 15:59:16] 日志文件: /home/tsl/openclaw/vpn-auto/v2/logs/vpn-20260330.log
[2026-03-30 15:59:16] 
[2026-03-30 15:59:16] Python 版本: Python 3.8.10
[2026-03-30 15:59:16] 检查依赖...
[2026-03-30 15:59:16] ✅ 配置文件: /home/tsl/openclaw/vpn-auto/v2/config/config.yaml
[2026-03-30 15:59:16] 
[2026-03-30 15:59:16] 启动 VPN Watchdog...
[2026-03-30 15:59:16] 
Traceback (most recent call last):
  File "/home/tsl/.local/lib/python3.8/site-packages/Xlib/support/unix_connect.py", line 76, in get_socket
    s.connect('/tmp/.X11-unix/X%d' % dno)
FileNotFoundError: [Errno 2] No such file or directory

During handling of the above exception, another exception occurred:

Traceback (most recent call last):
  File "/home/tsl/openclaw/vpn-auto/v2/core/watchdog.py", line 110, in <module>
    main()
  File "/home/tsl/openclaw/vpn-auto/v2/core/watchdog.py", line 105, in main
    watchdog = VPNWatchdog(config_path=args.config)
  File "/home/tsl/openclaw/vpn-auto/v2/core/watchdog.py", line 35, in __init__
    self.orchestrator = ReconnectOrchestrator(self.config)
  File "/home/tsl/openclaw/vpn-auto/v2/core/orchestrator.py", line 33, in __init__
    self.drivers = self._init_drivers()
  File "/home/tsl/openclaw/vpn-auto/v2/core/orchestrator.py", line 54, in _init_drivers
    drivers.append(PyAutoDriver(self.config))
  File "/home/tsl/openclaw/vpn-auto/v2/drivers/pyauto_driver.py", line 25, in __init__
    import pyautogui
  File "/home/tsl/.local/lib/python3.8/site-packages/pyautogui/__init__.py", line 246, in <module>
    import mouseinfo
  File "/home/tsl/.local/lib/python3.8/site-packages/mouseinfo/__init__.py", line 223, in <module>
    _display = Display(os.environ['DISPLAY'])
  File "/home/tsl/.local/lib/python3.8/site-packages/Xlib/display.py", line 80, in __init__
    self.display = _BaseDisplay(display)
  File "/home/tsl/.local/lib/python3.8/site-packages/Xlib/display.py", line 62, in __init__
    display.Display.__init__(*(self, ) + args, **keys)
  File "/home/tsl/.local/lib/python3.8/site-packages/Xlib/protocol/display.py", line 58, in __init__
    self.socket = connect.get_socket(name, host, displayno)
  File "/home/tsl/.local/lib/python3.8/site-packages/Xlib/support/connect.py", line 76, in get_socket
    return mod.get_socket(dname, host, dno)
  File "/home/tsl/.local/lib/python3.8/site-packages/Xlib/support/unix_connect.py", line 78, in get_socket
    raise error.DisplayConnectionError(dname, str(val))
Xlib.error.DisplayConnectionError: Can't connect to display ":1": [Errno 2] No such file or directory
[2026-03-30 15:59:27] ==========================================
[2026-03-30 15:59:27] VPN 自动重连系统启动
[2026-03-30 15:59:27] ==========================================
[2026-03-30 15:59:27] DISPLAY: :1
[2026-03-30 15:59:27] 工作目录: /home/tsl/openclaw/vpn-auto/v2
[2026-03-30 15:59:27] 日志文件: /home/tsl/openclaw/vpn-auto/v2/logs/vpn-20260330.log
[2026-03-30 15:59:27] 
[2026-03-30 15:59:27] Python 版本: Python 3.8.10
[2026-03-30 15:59:27] 检查依赖...
[2026-03-30 15:59:27] ✅ 配置文件: /home/tsl/openclaw/vpn-auto/v2/config/config.yaml
[2026-03-30 15:59:27] 
[2026-03-30 15:59:27] 启动 VPN Watchdog...
[2026-03-30 15:59:27] 
[2026-03-30 15:59:28] [INFO] PyAutoGUI 驱动已加载
[2026-03-30 15:59:28] [INFO] OpenCV 驱动已加载
[2026-03-30 15:59:28] [INFO] 飞书通知已启用，目标用户: ou_b3afb7d2133e4d689be523fc48f3d2b3
[2026-03-30 15:59:28] [INFO] 已加载 2 个驱动
[2026-03-30 15:59:28] [INFO] VPN Watchdog 已启动
[2026-03-30 15:59:28] [INFO] 检测间隔: 60 秒
[2026-03-30 15:59:28] [INFO] 最大失败次数: 3
[2026-03-30 15:59:28] [WARNING] ⚠️  VPN 断开 (失败次数: 1/3)
[2026-03-30 16:00:28] [WARNING] ⚠️  VPN 断开 (失败次数: 2/3)
[2026-03-30 16:01:28] [WARNING] ⚠️  VPN 断开 (失败次数: 3/3)
[2026-03-30 16:01:28] [ERROR] ❌ VPN 连续失败 3 次，触发重连
[2026-03-30 16:01:28] [INFO] ============================================================
[2026-03-30 16:01:28] [INFO] 开始 VPN 重连流程
[2026-03-30 16:01:28] [INFO] ============================================================
[2026-03-30 16:01:28] [INFO] 停止 FortiClient 进程...
[2026-03-30 16:01:28] [WARNING] ⚠️  sudo 返回码 -9，尝试不使用 sudo...
[2026-03-30 16:01:30] [INFO] ✅ FortiClient 进程已停止
[2026-03-30 16:01:30] [INFO] 将光标移动到屏幕中央 (960, 540)...
[2026-03-30 16:01:30] [INFO] 启动 FortiClient...
[2026-03-30 16:01:30] [INFO] 点击左边栏图标 (40, 200)...
[2026-03-30 16:01:33] [INFO] ✅ 已触发 FortiClient 启动
[2026-03-30 16:01:33] [INFO] 等待 FortiClient 窗口出现（最多 30 秒）...
[2026-03-30 16:01:33] [INFO] ✅ 窗口已出现（等待 1 秒）
[2026-03-30 16:01:33] [INFO] 等待 GUI 加载 (15 秒)...
[2026-03-30 16:01:48] [INFO] 尝试点击连接按钮...
[2026-03-30 16:01:48] [INFO] 尝试驱动: PyAutoDriver
[2026-03-30 16:01:48] [INFO] 使用 PyAutoGUI 查找按钮...
[2026-03-30 16:01:48] [INFO] 找到按钮: Point(x=992, y=722)
[2026-03-30 16:01:48] [INFO] ✅ PyAutoGUI 点击成功
[2026-03-30 16:01:48] [INFO] ✅ PyAutoDriver 成功
[2026-03-30 16:01:48] [INFO] 等待 VPN 连接（最多 60 秒，每 10 秒检查一次）...
[2026-03-30 16:01:58] [INFO] 检查 VPN 状态（第 1/6 次）...
[2026-03-30 16:02:09] [INFO] 检查 VPN 状态（第 2/6 次）...
[2026-03-30 16:02:19] [INFO] 检查 VPN 状态（第 3/6 次）...
[2026-03-30 16:02:29] [INFO] 检查 VPN 状态（第 4/6 次）...
[2026-03-30 16:02:39] [INFO] 检查 VPN 状态（第 5/6 次）...
[2026-03-30 16:02:49] [INFO] 检查 VPN 状态（第 6/6 次）...
[2026-03-30 16:02:49] [WARNING] ⚠️  VPN 在 60 秒内未连接
[2026-03-30 16:02:49] [WARNING] ⚠️  VPN 需要手动完成 SAML 认证
[2026-03-30 16:02:49] [INFO] 正在截取屏幕...
[2026-03-30 16:02:49] [INFO] 截图已保存: /tmp/vpn-saml-8386.png
[2026-03-30 16:02:59] [INFO] ✅ 飞书图片发送成功
[2026-03-30 16:03:04] [INFO] ✅ 飞书消息发送成功
[2026-03-30 16:03:04] [ERROR] ============================================================
[2026-03-30 16:03:04] [ERROR] ❌ VPN 重连失败
[2026-03-30 16:03:04] [ERROR] ============================================================
[2026-03-30 16:04:04] [WARNING] ⚠️  VPN 断开 (失败次数: 4/3)
[2026-03-30 16:04:04] [ERROR] ❌ VPN 连续失败 4 次，触发重连
[2026-03-30 16:04:04] [INFO] ============================================================
[2026-03-30 16:04:04] [INFO] 开始 VPN 重连流程
[2026-03-30 16:04:04] [INFO] ============================================================
[2026-03-30 16:04:04] [INFO] 停止 FortiClient 进程...
[2026-03-30 16:04:04] [WARNING] ⚠️  sudo 返回码 -9，尝试不使用 sudo...
[2026-03-30 16:04:06] [INFO] ✅ FortiClient 进程已停止
[2026-03-30 16:04:06] [INFO] 将光标移动到屏幕中央 (960, 540)...
[2026-03-30 16:04:06] [INFO] 启动 FortiClient...
[2026-03-30 16:04:06] [INFO] 点击左边栏图标 (40, 200)...
[2026-03-30 16:04:09] [INFO] ✅ 已触发 FortiClient 启动
[2026-03-30 16:04:09] [INFO] 等待 FortiClient 窗口出现（最多 30 秒）...
[2026-03-30 16:04:09] [INFO] ✅ 窗口已出现（等待 1 秒）
[2026-03-30 16:04:09] [INFO] 等待 GUI 加载 (15 秒)...
[2026-03-30 16:04:24] [INFO] 尝试点击连接按钮...
[2026-03-30 16:04:24] [INFO] 尝试驱动: PyAutoDriver
[2026-03-30 16:04:24] [INFO] 使用 PyAutoGUI 查找按钮...
[2026-03-30 16:04:24] [ERROR] PyAutoGUI 驱动异常: 
[2026-03-30 16:04:24] [WARNING] ⚠️  PyAutoDriver 失败
[2026-03-30 16:04:24] [INFO] 尝试驱动: VisionDriver
[2026-03-30 16:04:24] [INFO] 使用 OpenCV 查找按钮...
[2026-03-30 16:04:24] [WARNING] 未找到按钮
[2026-03-30 16:04:24] [WARNING] ⚠️  VisionDriver 失败
[2026-03-30 16:04:24] [ERROR] 所有驱动都失败了
[2026-03-30 16:04:24] [ERROR] 点击连接按钮失败
[2026-03-30 16:04:24] [ERROR] ============================================================
[2026-03-30 16:04:24] [ERROR] ❌ VPN 重连失败
[2026-03-30 16:04:24] [ERROR] ============================================================
[2026-03-30 16:05:24] [WARNING] ⚠️  VPN 断开 (失败次数: 5/3)
[2026-03-30 16:05:24] [ERROR] ❌ VPN 连续失败 5 次，触发重连
[2026-03-30 16:05:24] [INFO] ============================================================
[2026-03-30 16:05:24] [INFO] 开始 VPN 重连流程
[2026-03-30 16:05:24] [INFO] ============================================================
[2026-03-30 16:05:24] [INFO] 停止 FortiClient 进程...
[2026-03-30 16:05:24] [WARNING] ⚠️  sudo 返回码 -9，尝试不使用 sudo...
[2026-03-30 16:05:26] [INFO] ✅ FortiClient 进程已停止
[2026-03-30 16:05:26] [INFO] 将光标移动到屏幕中央 (960, 540)...
[2026-03-30 16:05:26] [INFO] 启动 FortiClient...
[2026-03-30 16:05:26] [INFO] 点击左边栏图标 (40, 200)...
[2026-03-30 16:05:29] [INFO] ✅ 已触发 FortiClient 启动
[2026-03-30 16:05:29] [INFO] 等待 FortiClient 窗口出现（最多 30 秒）...
[2026-03-30 16:05:29] [INFO] ✅ 窗口已出现（等待 1 秒）
[2026-03-30 16:05:29] [INFO] 等待 GUI 加载 (15 秒)...
[2026-03-30 16:05:44] [INFO] 尝试点击连接按钮...
[2026-03-30 16:05:44] [INFO] 尝试驱动: PyAutoDriver
[2026-03-30 16:05:44] [INFO] 使用 PyAutoGUI 查找按钮...
[2026-03-30 16:05:44] [ERROR] PyAutoGUI 驱动异常: 
[2026-03-30 16:05:44] [WARNING] ⚠️  PyAutoDriver 失败
[2026-03-30 16:05:44] [INFO] 尝试驱动: VisionDriver
[2026-03-30 16:05:44] [INFO] 使用 OpenCV 查找按钮...
[2026-03-30 16:05:45] [WARNING] 未找到按钮
[2026-03-30 16:05:45] [WARNING] ⚠️  VisionDriver 失败
[2026-03-30 16:05:45] [ERROR] 所有驱动都失败了
[2026-03-30 16:05:45] [ERROR] 点击连接按钮失败
[2026-03-30 16:05:45] [ERROR] ============================================================
[2026-03-30 16:05:45] [ERROR] ❌ VPN 重连失败
[2026-03-30 16:05:45] [ERROR] ============================================================
[2026-03-30 16:06:45] [WARNING] ⚠️  VPN 断开 (失败次数: 6/3)
[2026-03-30 16:06:45] [ERROR] ❌ VPN 连续失败 6 次，触发重连
[2026-03-30 16:06:45] [INFO] ============================================================
[2026-03-30 16:06:45] [INFO] 开始 VPN 重连流程
[2026-03-30 16:06:45] [INFO] ============================================================
[2026-03-30 16:06:45] [INFO] 停止 FortiClient 进程...
[2026-03-30 16:06:45] [WARNING] ⚠️  sudo 返回码 -9，尝试不使用 sudo...
[2026-03-30 16:06:47] [INFO] ✅ FortiClient 进程已停止
[2026-03-30 16:06:47] [INFO] 将光标移动到屏幕中央 (960, 540)...
[2026-03-30 16:06:47] [INFO] 启动 FortiClient...
[2026-03-30 16:06:47] [INFO] 点击左边栏图标 (40, 200)...
[2026-03-30 16:06:49] [INFO] ✅ 已触发 FortiClient 启动
[2026-03-30 16:06:49] [INFO] 等待 FortiClient 窗口出现（最多 30 秒）...
[2026-03-30 16:06:49] [INFO] ✅ 窗口已出现（等待 1 秒）
[2026-03-30 16:06:49] [INFO] 等待 GUI 加载 (15 秒)...
[2026-03-30 16:07:04] [INFO] 尝试点击连接按钮...
[2026-03-30 16:07:04] [INFO] 尝试驱动: PyAutoDriver
[2026-03-30 16:07:04] [INFO] 使用 PyAutoGUI 查找按钮...
[2026-03-30 16:07:05] [INFO] 找到按钮: Point(x=992, y=722)
[2026-03-30 16:07:05] [INFO] ✅ PyAutoGUI 点击成功
[2026-03-30 16:07:05] [INFO] ✅ PyAutoDriver 成功
[2026-03-30 16:07:05] [INFO] 等待 VPN 连接（最多 60 秒，每 10 秒检查一次）...
[2026-03-30 16:07:15] [INFO] 检查 VPN 状态（第 1/6 次）...
[2026-03-30 16:07:25] [INFO] 检查 VPN 状态（第 2/6 次）...
[2026-03-30 16:07:35] [INFO] 检查 VPN 状态（第 3/6 次）...
[2026-03-30 16:07:45] [INFO] 检查 VPN 状态（第 4/6 次）...
[2026-03-30 16:07:55] [INFO] 检查 VPN 状态（第 5/6 次）...
[2026-03-30 16:08:05] [INFO] 检查 VPN 状态（第 6/6 次）...
[2026-03-30 16:08:05] [WARNING] ⚠️  VPN 在 60 秒内未连接
[2026-03-30 16:08:05] [WARNING] ⚠️  VPN 需要手动完成 SAML 认证
[2026-03-30 16:08:05] [INFO] 正在截取屏幕...
[2026-03-30 16:08:06] [INFO] 截图已保存: /tmp/vpn-saml-8386.png
[2026-03-30 16:08:13] [INFO] ✅ 飞书图片发送成功
[2026-03-30 16:08:19] [INFO] ✅ 飞书消息发送成功
[2026-03-30 16:08:19] [ERROR] ============================================================
[2026-03-30 16:08:19] [ERROR] ❌ VPN 重连失败
[2026-03-30 16:08:19] [ERROR] ============================================================
[2026-03-30 16:09:19] [WARNING] ⚠️  VPN 断开 (失败次数: 7/3)
[2026-03-30 16:09:19] [ERROR] ❌ VPN 连续失败 7 次，触发重连
[2026-03-30 16:09:19] [INFO] ============================================================
[2026-03-30 16:09:19] [INFO] 开始 VPN 重连流程
[2026-03-30 16:09:19] [INFO] ============================================================
[2026-03-30 16:09:19] [INFO] 停止 FortiClient 进程...
[2026-03-30 16:09:19] [WARNING] ⚠️  sudo 返回码 -9，尝试不使用 sudo...
[2026-03-30 16:09:21] [INFO] ✅ FortiClient 进程已停止
[2026-03-30 16:09:21] [INFO] 将光标移动到屏幕中央 (960, 540)...
[2026-03-30 16:09:21] [INFO] 启动 FortiClient...
[2026-03-30 16:09:21] [INFO] 点击左边栏图标 (40, 200)...
[2026-03-30 16:09:23] [INFO] ✅ 已触发 FortiClient 启动
[2026-03-30 16:09:23] [INFO] 等待 FortiClient 窗口出现（最多 30 秒）...
[2026-03-30 16:09:23] [INFO] ✅ 窗口已出现（等待 1 秒）
[2026-03-30 16:09:23] [INFO] 等待 GUI 加载 (15 秒)...
[2026-03-30 16:09:38] [INFO] 尝试点击连接按钮...
[2026-03-30 16:09:38] [INFO] 尝试驱动: PyAutoDriver
[2026-03-30 16:09:38] [INFO] 使用 PyAutoGUI 查找按钮...
[2026-03-30 16:09:39] [INFO] 找到按钮: Point(x=992, y=722)
[2026-03-30 16:09:39] [INFO] ✅ PyAutoGUI 点击成功
[2026-03-30 16:09:39] [INFO] ✅ PyAutoDriver 成功
[2026-03-30 16:09:39] [INFO] 等待 VPN 连接（最多 60 秒，每 10 秒检查一次）...
[2026-03-30 16:09:49] [INFO] 检查 VPN 状态（第 1/6 次）...
[2026-03-30 16:09:59] [INFO] 检查 VPN 状态（第 2/6 次）...
[2026-03-30 16:10:09] [INFO] 检查 VPN 状态（第 3/6 次）...
[2026-03-30 16:10:19] [INFO] 检查 VPN 状态（第 4/6 次）...
[2026-03-30 16:10:29] [INFO] 检查 VPN 状态（第 5/6 次）...
[2026-03-30 16:10:39] [INFO] 检查 VPN 状态（第 6/6 次）...
[2026-03-30 16:10:39] [WARNING] ⚠️  VPN 在 60 秒内未连接
[2026-03-30 16:10:39] [WARNING] ⚠️  VPN 需要手动完成 SAML 认证
[2026-03-30 16:10:39] [INFO] 正在截取屏幕...
[2026-03-30 16:10:40] [INFO] 截图已保存: /tmp/vpn-saml-8386.png
[2026-03-30 16:10:47] [INFO] ✅ 飞书图片发送成功
[2026-03-30 16:10:52] [INFO] ✅ 飞书消息发送成功
[2026-03-30 16:10:52] [ERROR] ============================================================
[2026-03-30 16:10:52] [ERROR] ❌ VPN 重连失败
[2026-03-30 16:10:52] [ERROR] ============================================================
[2026-03-30 16:11:52] [WARNING] ⚠️  VPN 断开 (失败次数: 8/3)
[2026-03-30 16:11:52] [ERROR] ❌ VPN 连续失败 8 次，触发重连
[2026-03-30 16:11:52] [INFO] ============================================================
[2026-03-30 16:11:52] [INFO] 开始 VPN 重连流程
[2026-03-30 16:11:52] [INFO] ============================================================
[2026-03-30 16:11:52] [INFO] 停止 FortiClient 进程...
[2026-03-30 16:11:52] [WARNING] ⚠️  sudo 返回码 -9，尝试不使用 sudo...
[2026-03-30 16:11:54] [INFO] ✅ FortiClient 进程已停止
[2026-03-30 16:11:54] [INFO] 将光标移动到屏幕中央 (960, 540)...
[2026-03-30 16:11:54] [INFO] 启动 FortiClient...
[2026-03-30 16:11:54] [INFO] 点击左边栏图标 (40, 200)...
[2026-03-30 16:11:56] [INFO] ✅ 已触发 FortiClient 启动
[2026-03-30 16:11:56] [INFO] 等待 FortiClient 窗口出现（最多 30 秒）...
[2026-03-30 16:11:56] [INFO] ✅ 窗口已出现（等待 1 秒）
[2026-03-30 16:11:56] [INFO] 等待 GUI 加载 (15 秒)...
[2026-03-30 16:12:12] [INFO] 尝试点击连接按钮...
[2026-03-30 16:12:12] [INFO] 尝试驱动: PyAutoDriver
[2026-03-30 16:12:12] [INFO] 使用 PyAutoGUI 查找按钮...
[2026-03-30 16:12:12] [ERROR] PyAutoGUI 驱动异常: 
[2026-03-30 16:12:12] [WARNING] ⚠️  PyAutoDriver 失败
[2026-03-30 16:12:12] [INFO] 尝试驱动: VisionDriver
[2026-03-30 16:12:12] [INFO] 使用 OpenCV 查找按钮...
[2026-03-30 16:12:12] [WARNING] 未找到按钮
[2026-03-30 16:12:12] [WARNING] ⚠️  VisionDriver 失败
[2026-03-30 16:12:12] [ERROR] 所有驱动都失败了
[2026-03-30 16:12:12] [ERROR] 点击连接按钮失败
[2026-03-30 16:12:12] [ERROR] ============================================================
[2026-03-30 16:12:12] [ERROR] ❌ VPN 重连失败
[2026-03-30 16:12:12] [ERROR] ============================================================
[2026-03-30 16:13:12] [WARNING] ⚠️  VPN 断开 (失败次数: 9/3)
[2026-03-30 16:13:12] [ERROR] ❌ VPN 连续失败 9 次，触发重连
[2026-03-30 16:13:12] [INFO] ============================================================
[2026-03-30 16:13:12] [INFO] 开始 VPN 重连流程
[2026-03-30 16:13:12] [INFO] ============================================================
[2026-03-30 16:13:12] [INFO] 停止 FortiClient 进程...
[2026-03-30 16:13:12] [WARNING] ⚠️  sudo 返回码 -9，尝试不使用 sudo...
[2026-03-30 16:13:14] [INFO] ✅ FortiClient 进程已停止
[2026-03-30 16:13:14] [INFO] 将光标移动到屏幕中央 (960, 540)...
[2026-03-30 16:13:14] [INFO] 启动 FortiClient...
[2026-03-30 16:13:14] [INFO] 点击左边栏图标 (40, 200)...
[2026-03-30 16:13:17] [INFO] ✅ 已触发 FortiClient 启动
[2026-03-30 16:13:17] [INFO] 等待 FortiClient 窗口出现（最多 30 秒）...
[2026-03-30 16:13:20] [INFO] ✅ 窗口已出现（等待 4 秒）
[2026-03-30 16:13:20] [INFO] 等待 GUI 加载 (15 秒)...
[2026-03-30 16:13:35] [INFO] 尝试点击连接按钮...
[2026-03-30 16:13:35] [INFO] 尝试驱动: PyAutoDriver
[2026-03-30 16:13:35] [INFO] 使用 PyAutoGUI 查找按钮...
[2026-03-30 16:13:35] [ERROR] PyAutoGUI 驱动异常: 
[2026-03-30 16:13:35] [WARNING] ⚠️  PyAutoDriver 失败
[2026-03-30 16:13:35] [INFO] 尝试驱动: VisionDriver
[2026-03-30 16:13:35] [INFO] 使用 OpenCV 查找按钮...
[2026-03-30 16:13:35] [WARNING] 未找到按钮
[2026-03-30 16:13:35] [WARNING] ⚠️  VisionDriver 失败
[2026-03-30 16:13:35] [ERROR] 所有驱动都失败了
[2026-03-30 16:13:35] [ERROR] 点击连接按钮失败
[2026-03-30 16:13:35] [ERROR] ============================================================
[2026-03-30 16:13:35] [ERROR] ❌ VPN 重连失败
[2026-03-30 16:13:35] [ERROR] ============================================================
[2026-03-30 16:14:35] [WARNING] ⚠️  VPN 断开 (失败次数: 10/3)
[2026-03-30 16:14:35] [ERROR] ❌ VPN 连续失败 10 次，触发重连
[2026-03-30 16:14:35] [INFO] ============================================================
[2026-03-30 16:14:35] [INFO] 开始 VPN 重连流程
[2026-03-30 16:14:35] [INFO] ============================================================
[2026-03-30 16:14:35] [INFO] 停止 FortiClient 进程...
[2026-03-30 16:14:35] [WARNING] ⚠️  sudo 返回码 -9，尝试不使用 sudo...
[2026-03-30 16:14:37] [INFO] ✅ FortiClient 进程已停止
[2026-03-30 16:14:37] [INFO] 将光标移动到屏幕中央 (960, 540)...
[2026-03-30 16:14:38] [INFO] 启动 FortiClient...
[2026-03-30 16:14:38] [INFO] 点击左边栏图标 (40, 200)...
[2026-03-30 16:14:40] [INFO] ✅ 已触发 FortiClient 启动
[2026-03-30 16:14:40] [INFO] 等待 FortiClient 窗口出现（最多 30 秒）...
[2026-03-30 16:14:40] [INFO] ✅ 窗口已出现（等待 1 秒）
[2026-03-30 16:14:40] [INFO] 等待 GUI 加载 (15 秒)...
[2026-03-30 16:14:55] [INFO] 尝试点击连接按钮...
[2026-03-30 16:14:55] [INFO] 尝试驱动: PyAutoDriver
[2026-03-30 16:14:55] [INFO] 使用 PyAutoGUI 查找按钮...
[2026-03-30 16:14:55] [ERROR] PyAutoGUI 驱动异常: 
[2026-03-30 16:14:55] [WARNING] ⚠️  PyAutoDriver 失败
[2026-03-30 16:14:55] [INFO] 尝试驱动: VisionDriver
[2026-03-30 16:14:55] [INFO] 使用 OpenCV 查找按钮...
[2026-03-30 16:14:56] [WARNING] 未找到按钮
[2026-03-30 16:14:56] [WARNING] ⚠️  VisionDriver 失败
[2026-03-30 16:14:56] [ERROR] 所有驱动都失败了
[2026-03-30 16:14:56] [ERROR] 点击连接按钮失败
[2026-03-30 16:14:56] [ERROR] ============================================================
[2026-03-30 16:14:56] [ERROR] ❌ VPN 重连失败
[2026-03-30 16:14:56] [ERROR] ============================================================
[2026-03-30 16:15:56] [WARNING] ⚠️  VPN 断开 (失败次数: 11/3)
[2026-03-30 16:15:56] [ERROR] ❌ VPN 连续失败 11 次，触发重连
[2026-03-30 16:15:56] [INFO] ============================================================
[2026-03-30 16:15:56] [INFO] 开始 VPN 重连流程
[2026-03-30 16:15:56] [INFO] ============================================================
[2026-03-30 16:15:56] [INFO] 停止 FortiClient 进程...
[2026-03-30 16:15:56] [WARNING] ⚠️  sudo 返回码 -9，尝试不使用 sudo...
[2026-03-30 16:15:58] [INFO] ✅ FortiClient 进程已停止
[2026-03-30 16:15:58] [INFO] 将光标移动到屏幕中央 (960, 540)...
[2026-03-30 16:15:58] [INFO] 启动 FortiClient...
[2026-03-30 16:15:58] [INFO] 点击左边栏图标 (40, 200)...
[2026-03-30 16:16:00] [INFO] ✅ 已触发 FortiClient 启动
[2026-03-30 16:16:00] [INFO] 等待 FortiClient 窗口出现（最多 30 秒）...
[2026-03-30 16:16:01] [INFO] ✅ 窗口已出现（等待 1 秒）
[2026-03-30 16:16:01] [INFO] 等待 GUI 加载 (15 秒)...
[2026-03-30 16:16:16] [INFO] 尝试点击连接按钮...
[2026-03-30 16:16:16] [INFO] 尝试驱动: PyAutoDriver
[2026-03-30 16:16:16] [INFO] 使用 PyAutoGUI 查找按钮...
[2026-03-30 16:16:16] [INFO] 找到按钮: Point(x=992, y=722)
[2026-03-30 16:16:16] [INFO] ✅ PyAutoGUI 点击成功
[2026-03-30 16:16:16] [INFO] ✅ PyAutoDriver 成功
[2026-03-30 16:16:16] [INFO] 等待 VPN 连接（最多 60 秒，每 10 秒检查一次）...
[2026-03-30 16:16:26] [INFO] 检查 VPN 状态（第 1/6 次）...
[2026-03-30 16:16:36] [INFO] 检查 VPN 状态（第 2/6 次）...
[2026-03-30 16:16:46] [INFO] 检查 VPN 状态（第 3/6 次）...
[2026-03-30 16:16:56] [INFO] 检查 VPN 状态（第 4/6 次）...
[2026-03-30 16:17:06] [INFO] 检查 VPN 状态（第 5/6 次）...
[2026-03-30 16:17:16] [INFO] 检查 VPN 状态（第 6/6 次）...
[2026-03-30 16:17:16] [WARNING] ⚠️  VPN 在 60 秒内未连接
[2026-03-30 16:17:16] [WARNING] ⚠️  VPN 需要手动完成 SAML 认证
[2026-03-30 16:17:16] [INFO] 正在截取屏幕...
[2026-03-30 16:17:17] [INFO] 截图已保存: /tmp/vpn-saml-8386.png
[2026-03-30 16:17:25] [INFO] ✅ 飞书图片发送成功
[2026-03-30 16:17:30] [INFO] ✅ 飞书消息发送成功
[2026-03-30 16:17:30] [ERROR] ============================================================
[2026-03-30 16:17:30] [ERROR] ❌ VPN 重连失败
[2026-03-30 16:17:30] [ERROR] ============================================================
[2026-03-30 16:18:30] [WARNING] ⚠️  VPN 断开 (失败次数: 12/3)
[2026-03-30 16:18:30] [ERROR] ❌ VPN 连续失败 12 次，触发重连
[2026-03-30 16:18:30] [INFO] ============================================================
[2026-03-30 16:18:30] [INFO] 开始 VPN 重连流程
[2026-03-30 16:18:30] [INFO] ============================================================
[2026-03-30 16:18:30] [INFO] 停止 FortiClient 进程...
[2026-03-30 16:18:30] [WARNING] ⚠️  sudo 返回码 -9，尝试不使用 sudo...
[2026-03-30 16:18:32] [INFO] ✅ FortiClient 进程已停止
[2026-03-30 16:18:32] [INFO] 将光标移动到屏幕中央 (960, 540)...
[2026-03-30 16:18:32] [INFO] 启动 FortiClient...
[2026-03-30 16:18:32] [INFO] 点击左边栏图标 (40, 200)...
[2026-03-30 16:18:35] [INFO] ✅ 已触发 FortiClient 启动
[2026-03-30 16:18:35] [INFO] 等待 FortiClient 窗口出现（最多 30 秒）...
[2026-03-30 16:18:50] [WARNING] ⚠️  窗口尚未出现，重试点击左边栏图标...
[2026-03-30 16:18:50] [INFO] 点击左边栏图标 (40, 200)...
[2026-03-30 16:19:09] [INFO] ✅ 窗口已出现（等待 17 秒）
[2026-03-30 16:19:09] [INFO] 等待 GUI 加载 (15 秒)...
[2026-03-30 16:19:24] [INFO] 尝试点击连接按钮...
[2026-03-30 16:19:24] [INFO] 尝试驱动: PyAutoDriver
[2026-03-30 16:19:24] [INFO] 使用 PyAutoGUI 查找按钮...
[2026-03-30 16:19:24] [INFO] 找到按钮: Point(x=992, y=722)
[2026-03-30 16:19:24] [INFO] ✅ PyAutoGUI 点击成功
[2026-03-30 16:19:24] [INFO] ✅ PyAutoDriver 成功
[2026-03-30 16:19:24] [INFO] 等待 VPN 连接（最多 60 秒，每 10 秒检查一次）...
[2026-03-30 16:19:34] [INFO] 检查 VPN 状态（第 1/6 次）...
[2026-03-30 16:19:44] [INFO] 检查 VPN 状态（第 2/6 次）...
[2026-03-30 16:19:54] [INFO] 检查 VPN 状态（第 3/6 次）...
[2026-03-30 16:20:04] [INFO] 检查 VPN 状态（第 4/6 次）...
[2026-03-30 16:20:14] [INFO] 检查 VPN 状态（第 5/6 次）...
[2026-03-30 16:20:24] [INFO] 检查 VPN 状态（第 6/6 次）...
[2026-03-30 16:20:25] [WARNING] ⚠️  VPN 在 60 秒内未连接
[2026-03-30 16:20:25] [WARNING] ⚠️  VPN 需要手动完成 SAML 认证
[2026-03-30 16:20:25] [INFO] 正在截取屏幕...
[2026-03-30 16:20:25] [INFO] 截图已保存: /tmp/vpn-saml-8386.png
[2026-03-30 16:20:32] [INFO] ✅ 飞书图片发送成功
[2026-03-30 16:20:36] [INFO] ✅ 飞书消息发送成功
[2026-03-30 16:20:36] [ERROR] ============================================================
[2026-03-30 16:20:36] [ERROR] ❌ VPN 重连失败
[2026-03-30 16:20:36] [ERROR] ============================================================
[2026-03-30 16:21:36] [WARNING] ⚠️  VPN 断开 (失败次数: 13/3)
[2026-03-30 16:21:36] [ERROR] ❌ VPN 连续失败 13 次，触发重连
[2026-03-30 16:21:36] [INFO] ============================================================
[2026-03-30 16:21:36] [INFO] 开始 VPN 重连流程
[2026-03-30 16:21:36] [INFO] ============================================================
[2026-03-30 16:21:36] [INFO] 停止 FortiClient 进程...
[2026-03-30 16:21:36] [WARNING] ⚠️  sudo 返回码 -9，尝试不使用 sudo...
[2026-03-30 16:21:38] [INFO] ✅ FortiClient 进程已停止
[2026-03-30 16:21:38] [INFO] 将光标移动到屏幕中央 (960, 540)...
[2026-03-30 16:21:39] [INFO] 启动 FortiClient...
[2026-03-30 16:21:39] [INFO] 点击左边栏图标 (40, 200)...
[2026-03-30 16:21:41] [INFO] ✅ 已触发 FortiClient 启动
[2026-03-30 16:21:41] [INFO] 等待 FortiClient 窗口出现（最多 30 秒）...
[2026-03-30 16:21:41] [INFO] ✅ 窗口已出现（等待 1 秒）
[2026-03-30 16:21:41] [INFO] 等待 GUI 加载 (15 秒)...
[2026-03-30 16:21:56] [INFO] 尝试点击连接按钮...
[2026-03-30 16:21:56] [INFO] 尝试驱动: PyAutoDriver
[2026-03-30 16:21:56] [INFO] 使用 PyAutoGUI 查找按钮...
[2026-03-30 16:21:56] [ERROR] PyAutoGUI 驱动异常: 
[2026-03-30 16:21:56] [WARNING] ⚠️  PyAutoDriver 失败
[2026-03-30 16:21:56] [INFO] 尝试驱动: VisionDriver
[2026-03-30 16:21:56] [INFO] 使用 OpenCV 查找按钮...
[2026-03-30 16:21:56] [WARNING] 未找到按钮
[2026-03-30 16:21:56] [WARNING] ⚠️  VisionDriver 失败
[2026-03-30 16:21:56] [ERROR] 所有驱动都失败了
[2026-03-30 16:21:56] [ERROR] 点击连接按钮失败
[2026-03-30 16:21:56] [ERROR] ============================================================
[2026-03-30 16:21:56] [ERROR] ❌ VPN 重连失败
[2026-03-30 16:21:56] [ERROR] ============================================================
[2026-03-30 16:22:58] [INFO] ✅ VPN 已恢复连接
[2026-03-31 00:23:02] [WARNING] ⚠️  VPN 断开 (失败次数: 1/3)
[2026-03-31 00:24:02] [WARNING] ⚠️  VPN 断开 (失败次数: 2/3)
[2026-03-31 00:25:02] [WARNING] ⚠️  VPN 断开 (失败次数: 3/3)
[2026-03-31 00:25:02] [ERROR] ❌ VPN 连续失败 3 次，触发重连
[2026-03-31 00:25:02] [INFO] ============================================================
[2026-03-31 00:25:02] [INFO] 开始 VPN 重连流程
[2026-03-31 00:25:02] [INFO] ============================================================
[2026-03-31 00:25:02] [INFO] 停止 FortiClient 进程...
[2026-03-31 00:25:02] [WARNING] ⚠️  sudo 返回码 -9，尝试不使用 sudo...
[2026-03-31 00:25:04] [INFO] ✅ FortiClient 进程已停止
[2026-03-31 00:25:04] [INFO] 将光标移动到屏幕中央 (960, 540)...
[2026-03-31 00:25:04] [INFO] 启动 FortiClient...
[2026-03-31 00:25:04] [INFO] 点击左边栏图标 (40, 200)...
[2026-03-31 00:25:07] [INFO] ✅ 已触发 FortiClient 启动
[2026-03-31 00:25:07] [INFO] 等待 FortiClient 窗口出现（最多 30 秒）...
[2026-03-31 00:25:22] [WARNING] ⚠️  窗口尚未出现，重试点击左边栏图标...
[2026-03-31 00:25:22] [INFO] 点击左边栏图标 (40, 200)...
[2026-03-31 00:25:41] [INFO] ✅ 窗口已出现（等待 17 秒）
[2026-03-31 00:25:41] [INFO] 等待 GUI 加载 (15 秒)...
[2026-03-31 00:25:56] [INFO] 尝试点击连接按钮...
[2026-03-31 00:25:56] [INFO] 尝试驱动: PyAutoDriver
[2026-03-31 00:25:56] [INFO] 使用 PyAutoGUI 查找按钮...
[2026-03-31 00:25:57] [INFO] 找到按钮: Point(x=992, y=722)
[2026-03-31 00:25:57] [INFO] ✅ PyAutoGUI 点击成功
[2026-03-31 00:25:57] [INFO] ✅ PyAutoDriver 成功
[2026-03-31 00:25:57] [INFO] 等待 VPN 连接（最多 60 秒，每 10 秒检查一次）...
[2026-03-31 00:26:07] [INFO] 检查 VPN 状态（第 1/6 次）...
[2026-03-31 00:26:07] [INFO] ✅ VPN 已连接（FortiClient 状态），耗时 10 秒
[2026-03-31 00:26:07] [INFO] ============================================================
[2026-03-31 00:26:07] [INFO] ✅ VPN 重连成功
[2026-03-31 00:26:07] [INFO] ============================================================
[2026-03-31 06:52:04] [WARNING] ⚠️  VPN 断开 (失败次数: 1/3)
[2026-03-31 06:53:04] [WARNING] ⚠️  VPN 断开 (失败次数: 2/3)
[2026-03-31 06:54:04] [WARNING] ⚠️  VPN 断开 (失败次数: 3/3)
[2026-03-31 06:54:04] [ERROR] ❌ VPN 连续失败 3 次，触发重连
[2026-03-31 06:54:04] [INFO] ============================================================
[2026-03-31 06:54:04] [INFO] 开始 VPN 重连流程
[2026-03-31 06:54:04] [INFO] ============================================================
[2026-03-31 06:54:04] [INFO] 停止 FortiClient 进程...
[2026-03-31 06:54:04] [WARNING] ⚠️  sudo 返回码 -9，尝试不使用 sudo...
[2026-03-31 06:54:06] [INFO] ✅ FortiClient 进程已停止
[2026-03-31 06:54:06] [INFO] 将光标移动到屏幕中央 (960, 540)...
[2026-03-31 06:54:06] [INFO] 启动 FortiClient...
[2026-03-31 06:54:06] [INFO] 点击左边栏图标 (40, 200)...
[2026-03-31 06:54:09] [INFO] ✅ 已触发 FortiClient 启动
[2026-03-31 06:54:09] [INFO] 等待 FortiClient 窗口出现（最多 30 秒）...
[2026-03-31 06:54:09] [INFO] ✅ 窗口已出现（等待 1 秒）
[2026-03-31 06:54:09] [INFO] 等待 GUI 加载 (15 秒)...
[2026-03-31 06:54:24] [INFO] 尝试点击连接按钮...
[2026-03-31 06:54:24] [INFO] 尝试驱动: PyAutoDriver
[2026-03-31 06:54:24] [INFO] 使用 PyAutoGUI 查找按钮...
[2026-03-31 06:54:24] [INFO] 找到按钮: Point(x=992, y=722)
[2026-03-31 06:54:24] [INFO] ✅ PyAutoGUI 点击成功
[2026-03-31 06:54:24] [INFO] ✅ PyAutoDriver 成功
[2026-03-31 06:54:24] [INFO] 等待 VPN 连接（最多 60 秒，每 10 秒检查一次）...
[2026-03-31 06:54:34] [INFO] 检查 VPN 状态（第 1/6 次）...
[2026-03-31 06:54:34] [INFO] ✅ VPN 已连接（FortiClient 状态），耗时 10 秒
[2026-03-31 06:54:34] [INFO] ============================================================
[2026-03-31 06:54:34] [INFO] ✅ VPN 重连成功
[2026-03-31 06:54:34] [INFO] ============================================================
[2026-03-31 14:55:16] [WARNING] ⚠️  VPN 断开 (失败次数: 1/3)
[2026-03-31 14:56:16] [WARNING] ⚠️  VPN 断开 (失败次数: 2/3)
[2026-03-31 14:57:16] [WARNING] ⚠️  VPN 断开 (失败次数: 3/3)
[2026-03-31 14:57:16] [ERROR] ❌ VPN 连续失败 3 次，触发重连
[2026-03-31 14:57:16] [INFO] ============================================================
[2026-03-31 14:57:16] [INFO] 开始 VPN 重连流程
[2026-03-31 14:57:16] [INFO] ============================================================
[2026-03-31 14:57:16] [INFO] 停止 FortiClient 进程...
[2026-03-31 14:57:16] [WARNING] ⚠️  sudo 返回码 -9，尝试不使用 sudo...
[2026-03-31 14:57:18] [INFO] ✅ FortiClient 进程已停止
[2026-03-31 14:57:19] [INFO] 将光标移动到屏幕中央 (960, 540)...
[2026-03-31 14:57:19] [INFO] 启动 FortiClient...
[2026-03-31 14:57:19] [INFO] 点击左边栏图标 (40, 200)...
[2026-03-31 14:57:21] [INFO] ✅ 已触发 FortiClient 启动
[2026-03-31 14:57:21] [INFO] 等待 FortiClient 窗口出现（最多 30 秒）...
[2026-03-31 14:57:21] [INFO] ✅ 窗口已出现（等待 1 秒）
[2026-03-31 14:57:21] [INFO] 等待 GUI 加载 (15 秒)...
[2026-03-31 14:57:36] [INFO] 尝试点击连接按钮...
[2026-03-31 14:57:36] [INFO] 尝试驱动: PyAutoDriver
[2026-03-31 14:57:36] [INFO] 使用 PyAutoGUI 查找按钮...
[2026-03-31 14:57:37] [INFO] 找到按钮: Point(x=992, y=722)
[2026-03-31 14:57:37] [INFO] ✅ PyAutoGUI 点击成功
[2026-03-31 14:57:37] [INFO] ✅ PyAutoDriver 成功
[2026-03-31 14:57:37] [INFO] 等待 VPN 连接（最多 60 秒，每 10 秒检查一次）...
[2026-03-31 14:57:47] [INFO] 检查 VPN 状态（第 1/6 次）...
[2026-03-31 14:57:47] [INFO] ✅ VPN 已连接（FortiClient 状态），耗时 10 秒
[2026-03-31 14:57:47] [INFO] ============================================================
[2026-03-31 14:57:47] [INFO] ✅ VPN 重连成功
[2026-03-31 14:57:47] [INFO] ============================================================
[2026-03-31 17:16:55] [WARNING] ⚠️  VPN 断开 (失败次数: 1/3)
[2026-03-31 17:17:57] [INFO] ✅ VPN 已恢复连接
[2026-03-31 17:22:13] [WARNING] ⚠️  VPN 断开 (失败次数: 1/3)
[2026-03-31 17:23:25] [WARNING] ⚠️  VPN 断开 (失败次数: 2/3)
[2026-03-31 17:24:37] [WARNING] ⚠️  VPN 断开 (失败次数: 3/3)
[2026-03-31 17:24:37] [ERROR] ❌ VPN 连续失败 3 次，触发重连
[2026-03-31 17:24:37] [INFO] ============================================================
[2026-03-31 17:24:37] [INFO] 开始 VPN 重连流程
[2026-03-31 17:24:37] [INFO] ============================================================
[2026-03-31 17:24:37] [INFO] 停止 FortiClient 进程...
[2026-03-31 17:24:37] [WARNING] ⚠️  sudo 返回码 -9，尝试不使用 sudo...
[2026-03-31 17:24:39] [INFO] ✅ FortiClient 进程已停止
[2026-03-31 17:24:39] [INFO] 将光标移动到屏幕中央 (960, 540)...
[2026-03-31 17:24:39] [INFO] 启动 FortiClient...
[2026-03-31 17:24:39] [INFO] 点击左边栏图标 (40, 200)...
[2026-03-31 17:24:42] [INFO] ✅ 已触发 FortiClient 启动
[2026-03-31 17:24:42] [INFO] 等待 FortiClient 窗口出现（最多 30 秒）...
[2026-03-31 17:24:42] [INFO] ✅ 窗口已出现（等待 1 秒）
[2026-03-31 17:24:42] [INFO] 等待 GUI 加载 (15 秒)...
[2026-03-31 17:24:57] [INFO] 尝试点击连接按钮...
[2026-03-31 17:24:57] [INFO] 尝试驱动: PyAutoDriver
[2026-03-31 17:24:57] [INFO] 使用 PyAutoGUI 查找按钮...
[2026-03-31 17:24:58] [INFO] 找到按钮: Point(x=989, y=751)
[2026-03-31 17:24:58] [INFO] ✅ PyAutoGUI 点击成功
[2026-03-31 17:24:58] [INFO] ✅ PyAutoDriver 成功
[2026-03-31 17:24:58] [INFO] 等待 VPN 连接（最多 60 秒，每 10 秒检查一次）...
[2026-03-31 17:25:08] [INFO] 检查 VPN 状态（第 1/6 次）...
[2026-03-31 17:25:18] [INFO] 检查 VPN 状态（第 2/6 次）...
[2026-03-31 17:25:28] [INFO] 检查 VPN 状态（第 3/6 次）...
[2026-03-31 17:25:38] [INFO] 检查 VPN 状态（第 4/6 次）...
[2026-03-31 17:25:48] [INFO] 检查 VPN 状态（第 5/6 次）...
[2026-03-31 17:25:59] [INFO] 检查 VPN 状态（第 6/6 次）...
[2026-03-31 17:25:59] [WARNING] ⚠️  VPN 在 60 秒内未连接
[2026-03-31 17:25:59] [WARNING] ⚠️  VPN 需要手动完成 SAML 认证
[2026-03-31 17:25:59] [INFO] 正在截取屏幕...
[2026-03-31 17:25:59] [INFO] 截图已保存: /tmp/vpn-saml-8386.png
[2026-03-31 17:26:11] [INFO] ✅ 飞书图片发送成功
[2026-03-31 17:26:16] [INFO] ✅ 飞书消息发送成功
[2026-03-31 17:26:16] [ERROR] ============================================================
[2026-03-31 17:26:16] [ERROR] ❌ VPN 重连失败
[2026-03-31 17:26:16] [ERROR] ============================================================
[2026-03-31 17:27:16] [WARNING] ⚠️  VPN 断开 (失败次数: 4/3)
[2026-03-31 17:27:16] [ERROR] ❌ VPN 连续失败 4 次，触发重连
[2026-03-31 17:27:16] [INFO] ============================================================
[2026-03-31 17:27:16] [INFO] 开始 VPN 重连流程
[2026-03-31 17:27:16] [INFO] ============================================================
[2026-03-31 17:27:16] [INFO] 停止 FortiClient 进程...
[2026-03-31 17:27:16] [WARNING] ⚠️  sudo 返回码 -9，尝试不使用 sudo...
[2026-03-31 17:27:18] [INFO] ✅ FortiClient 进程已停止
[2026-03-31 17:27:18] [INFO] 将光标移动到屏幕中央 (960, 540)...
[2026-03-31 17:27:18] [INFO] 启动 FortiClient...
[2026-03-31 17:27:18] [INFO] 点击左边栏图标 (40, 200)...
[2026-03-31 17:27:21] [INFO] ✅ 已触发 FortiClient 启动
[2026-03-31 17:27:21] [INFO] 等待 FortiClient 窗口出现（最多 30 秒）...
[2026-03-31 17:27:21] [INFO] ✅ 窗口已出现（等待 1 秒）
[2026-03-31 17:27:21] [INFO] 等待 GUI 加载 (15 秒)...
[2026-03-31 17:27:36] [INFO] 尝试点击连接按钮...
[2026-03-31 17:27:36] [INFO] 尝试驱动: PyAutoDriver
[2026-03-31 17:27:36] [INFO] 使用 PyAutoGUI 查找按钮...
[2026-03-31 17:27:37] [INFO] 找到按钮: Point(x=992, y=722)
[2026-03-31 17:27:37] [INFO] ✅ PyAutoGUI 点击成功
[2026-03-31 17:27:37] [INFO] ✅ PyAutoDriver 成功
[2026-03-31 17:27:37] [INFO] 等待 VPN 连接（最多 60 秒，每 10 秒检查一次）...
[2026-03-31 17:27:47] [INFO] 检查 VPN 状态（第 1/6 次）...
[2026-03-31 17:27:47] [INFO] ✅ VPN 已连接（FortiClient 状态），耗时 10 秒
[2026-03-31 17:27:47] [INFO] ============================================================
[2026-03-31 17:27:47] [INFO] ✅ VPN 重连成功
[2026-03-31 17:27:47] [INFO] ============================================================
[2026-03-31 17:53:28] [ERROR] 检查 VPN 接口失败: Command '['forticlient', 'vpn', 'status']' timed out after 5 seconds
[2026-03-31 17:53:32] [WARNING] ⚠️  VPN 断开 (失败次数: 1/3)
[2026-03-31 17:54:39] [ERROR] 检查 VPN 接口失败: Command '['forticlient', 'vpn', 'status']' timed out after 5 seconds
[2026-03-31 17:54:39] [WARNING] ⚠️  VPN 断开 (失败次数: 2/3)
[2026-03-31 17:55:50] [ERROR] 检查 VPN 接口失败: Command '['forticlient', 'vpn', 'status']' timed out after 5 seconds
[2026-03-31 17:55:53] [WARNING] ⚠️  VPN 断开 (失败次数: 3/3)
[2026-03-31 17:55:54] [ERROR] ❌ VPN 连续失败 3 次，触发重连
[2026-03-31 17:55:56] [INFO] ============================================================
[2026-03-31 17:55:57] [INFO] 开始 VPN 重连流程
[2026-03-31 17:55:58] [INFO] ============================================================
[2026-03-31 17:56:00] [INFO] 停止 FortiClient 进程...
[2026-03-31 17:56:52] [ERROR] 停止 FortiClient 失败: [Errno 1] Operation not permitted
[2026-03-31 17:56:52] [ERROR] 停止 FortiClient 失败
[2026-03-31 17:56:52] [ERROR] ============================================================
[2026-03-31 17:56:52] [ERROR] ❌ VPN 重连失败
[2026-03-31 17:56:52] [ERROR] ============================================================
[2026-03-31 17:58:03] [ERROR] 检查 VPN 接口失败: Command '['forticlient', 'vpn', 'status']' timed out after 5 seconds
[2026-03-31 17:58:04] [WARNING] ⚠️  VPN 断开 (失败次数: 4/3)
[2026-03-31 17:58:06] [ERROR] ❌ VPN 连续失败 4 次，触发重连
[2026-03-31 17:58:07] [INFO] ============================================================
[2026-03-31 17:58:09] [INFO] 开始 VPN 重连流程
[2026-03-31 17:58:10] [INFO] ============================================================
[2026-03-31 17:58:11] [INFO] 停止 FortiClient 进程...
[2026-03-31 17:58:26] [ERROR] 停止 FortiClient 失败: Command '['sudo', '-n', 'pkill', '-9', '-f', 'forticlient']' timed out after 10 seconds
[2026-03-31 17:58:28] [ERROR] 停止 FortiClient 失败
[2026-03-31 17:58:30] [ERROR] ============================================================
[2026-03-31 17:58:33] [ERROR] ❌ VPN 重连失败
[2026-03-31 17:58:36] [ERROR] ============================================================
[2026-03-31 18:00:03] [ERROR] 检查 VPN 接口失败: Command '['forticlient', 'vpn', 'status']' timed out after 5 seconds
[2026-03-31 18:00:04] [WARNING] ⚠️  VPN 断开 (失败次数: 5/3)
[2026-03-31 18:00:04] [ERROR] ❌ VPN 连续失败 5 次，触发重连
[2026-03-31 18:00:04] [INFO] ============================================================
[2026-03-31 18:00:04] [INFO] 开始 VPN 重连流程
[2026-03-31 18:00:04] [INFO] ============================================================
[2026-03-31 18:00:04] [INFO] 停止 FortiClient 进程...
[2026-03-31 18:00:20] [ERROR] 停止 FortiClient 失败: Command '['sudo', '-n', 'pkill', '-9', '-f', 'forticlient']' timed out after 10 seconds
[2026-03-31 18:00:22] [ERROR] 停止 FortiClient 失败
[2026-03-31 18:00:22] [ERROR] ============================================================
[2026-03-31 18:00:22] [ERROR] ❌ VPN 重连失败
[2026-03-31 18:00:22] [ERROR] ============================================================
[2026-03-31 18:01:29] [ERROR] 检查 VPN 接口失败: Command '['forticlient', 'vpn', 'status']' timed out after 5 seconds
[2026-03-31 18:01:29] [WARNING] ⚠️  VPN 断开 (失败次数: 6/3)
[2026-03-31 18:01:29] [ERROR] ❌ VPN 连续失败 6 次，触发重连
[2026-03-31 18:01:29] [INFO] ============================================================
[2026-03-31 18:01:29] [INFO] 开始 VPN 重连流程
[2026-03-31 18:01:29] [INFO] ============================================================
[2026-03-31 18:01:29] [INFO] 停止 FortiClient 进程...
[2026-03-31 18:01:41] [ERROR] 停止 FortiClient 失败: [Errno 1] Operation not permitted
[2026-03-31 18:01:41] [ERROR] 停止 FortiClient 失败
[2026-03-31 18:01:41] [ERROR] ============================================================
[2026-03-31 18:01:41] [ERROR] ❌ VPN 重连失败
[2026-03-31 18:01:41] [ERROR] ============================================================
[2026-03-31 18:02:41] [WARNING] ⚠️  VPN 断开 (失败次数: 7/3)
[2026-03-31 18:02:41] [ERROR] ❌ VPN 连续失败 7 次，触发重连
[2026-03-31 18:02:41] [INFO] ============================================================
[2026-03-31 18:02:41] [INFO] 开始 VPN 重连流程
[2026-03-31 18:02:41] [INFO] ============================================================
[2026-03-31 18:02:41] [INFO] 停止 FortiClient 进程...
[2026-03-31 18:02:41] [WARNING] ⚠️  sudo 返回码 -9，尝试不使用 sudo...
[2026-03-31 18:02:43] [INFO] ✅ FortiClient 进程已停止
[2026-03-31 18:02:43] [INFO] 将光标移动到屏幕中央 (960, 540)...
[2026-03-31 18:02:43] [INFO] 启动 FortiClient...
[2026-03-31 18:02:43] [INFO] 点击左边栏图标 (40, 200)...
[2026-03-31 18:02:46] [INFO] ✅ 已触发 FortiClient 启动
[2026-03-31 18:02:46] [INFO] 等待 FortiClient 窗口出现（最多 30 秒）...
[2026-03-31 18:02:46] [INFO] ✅ 窗口已出现（等待 1 秒）
[2026-03-31 18:02:46] [INFO] 等待 GUI 加载 (15 秒)...
[2026-03-31 18:03:01] [INFO] 尝试点击连接按钮...
[2026-03-31 18:03:01] [INFO] 尝试驱动: PyAutoDriver
[2026-03-31 18:03:01] [INFO] 使用 PyAutoGUI 查找按钮...
[2026-03-31 18:03:02] [ERROR] PyAutoGUI 驱动异常: 
[2026-03-31 18:03:02] [WARNING] ⚠️  PyAutoDriver 失败
[2026-03-31 18:03:02] [INFO] 尝试驱动: VisionDriver
[2026-03-31 18:03:02] [INFO] 使用 OpenCV 查找按钮...
[2026-03-31 18:03:02] [WARNING] 未找到按钮
[2026-03-31 18:03:02] [WARNING] ⚠️  VisionDriver 失败
[2026-03-31 18:03:02] [ERROR] 所有驱动都失败了
[2026-03-31 18:03:02] [ERROR] 点击连接按钮失败
[2026-03-31 18:03:02] [ERROR] ============================================================
[2026-03-31 18:03:02] [ERROR] ❌ VPN 重连失败
[2026-03-31 18:03:02] [ERROR] ============================================================
[2026-03-31 18:04:03] [WARNING] ⚠️  VPN 断开 (失败次数: 8/3)
[2026-03-31 18:04:03] [ERROR] ❌ VPN 连续失败 8 次，触发重连
[2026-03-31 18:04:03] [INFO] ============================================================
[2026-03-31 18:04:03] [INFO] 开始 VPN 重连流程
[2026-03-31 18:04:03] [INFO] ============================================================
[2026-03-31 18:04:03] [INFO] 停止 FortiClient 进程...
[2026-03-31 18:04:03] [WARNING] ⚠️  sudo 返回码 -9，尝试不使用 sudo...
[2026-03-31 18:04:05] [INFO] ✅ FortiClient 进程已停止
[2026-03-31 18:04:05] [INFO] 将光标移动到屏幕中央 (960, 540)...
[2026-03-31 18:04:05] [INFO] 启动 FortiClient...
[2026-03-31 18:04:05] [INFO] 点击左边栏图标 (40, 200)...
[2026-03-31 18:04:07] [INFO] ✅ 已触发 FortiClient 启动
[2026-03-31 18:04:07] [INFO] 等待 FortiClient 窗口出现（最多 30 秒）...
[2026-03-31 18:04:07] [INFO] ✅ 窗口已出现（等待 1 秒）
[2026-03-31 18:04:07] [INFO] 等待 GUI 加载 (15 秒)...
[2026-03-31 18:04:23] [INFO] 尝试点击连接按钮...
[2026-03-31 18:04:23] [INFO] 尝试驱动: PyAutoDriver
[2026-03-31 18:04:25] [INFO] 使用 PyAutoGUI 查找按钮...
[2026-03-31 18:05:06] [ERROR] PyAutoGUI 驱动异常: 
[2026-03-31 18:05:06] [WARNING] ⚠️  PyAutoDriver 失败
[2026-03-31 18:05:06] [INFO] 尝试驱动: VisionDriver
[2026-03-31 18:05:06] [INFO] 使用 OpenCV 查找按钮...
[2026-03-31 18:05:06] [WARNING] 未找到按钮
[2026-03-31 18:05:06] [WARNING] ⚠️  VisionDriver 失败
[2026-03-31 18:05:06] [ERROR] 所有驱动都失败了
[2026-03-31 18:05:06] [ERROR] 点击连接按钮失败
[2026-03-31 18:05:06] [ERROR] ============================================================
[2026-03-31 18:05:06] [ERROR] ❌ VPN 重连失败
[2026-03-31 18:05:06] [ERROR] ============================================================
[2026-03-31 18:06:07] [WARNING] ⚠️  VPN 断开 (失败次数: 9/3)
[2026-03-31 18:06:07] [ERROR] ❌ VPN 连续失败 9 次，触发重连
[2026-03-31 18:06:07] [INFO] ============================================================
[2026-03-31 18:06:07] [INFO] 开始 VPN 重连流程
[2026-03-31 18:06:07] [INFO] ============================================================
[2026-03-31 18:06:07] [INFO] 停止 FortiClient 进程...
[2026-03-31 18:06:07] [WARNING] ⚠️  sudo 返回码 -9，尝试不使用 sudo...
[2026-03-31 18:06:09] [INFO] ✅ FortiClient 进程已停止
[2026-03-31 18:06:09] [INFO] 将光标移动到屏幕中央 (960, 540)...
[2026-03-31 18:06:09] [INFO] 启动 FortiClient...
[2026-03-31 18:06:09] [INFO] 点击左边栏图标 (40, 200)...
[2026-03-31 18:06:11] [INFO] ✅ 已触发 FortiClient 启动
[2026-03-31 18:06:11] [INFO] 等待 FortiClient 窗口出现（最多 30 秒）...
[2026-03-31 18:06:11] [INFO] ✅ 窗口已出现（等待 1 秒）
[2026-03-31 18:06:11] [INFO] 等待 GUI 加载 (15 秒)...
[2026-03-31 18:06:26] [INFO] 尝试点击连接按钮...
[2026-03-31 18:06:26] [INFO] 尝试驱动: PyAutoDriver
[2026-03-31 18:06:26] [INFO] 使用 PyAutoGUI 查找按钮...
[2026-03-31 18:06:27] [INFO] 找到按钮: Point(x=992, y=722)
[2026-03-31 18:06:27] [INFO] ✅ PyAutoGUI 点击成功
[2026-03-31 18:06:27] [INFO] ✅ PyAutoDriver 成功
[2026-03-31 18:06:27] [INFO] 等待 VPN 连接（最多 60 秒，每 10 秒检查一次）...
[2026-03-31 18:06:37] [INFO] 检查 VPN 状态（第 1/6 次）...
[2026-03-31 18:06:37] [INFO] ✅ VPN 已连接（FortiClient 状态），耗时 10 秒
[2026-03-31 18:06:37] [INFO] ============================================================
[2026-03-31 18:06:37] [INFO] ✅ VPN 重连成功
[2026-03-31 18:06:37] [INFO] ============================================================
[2026-03-31 18:07:51] [ERROR] 检查 VPN 接口失败: Command '['forticlient', 'vpn', 'status']' timed out after 5 seconds
[2026-03-31 18:07:54] [WARNING] ⚠️  VPN 断开 (失败次数: 1/3)
[2026-03-31 18:09:03] [ERROR] 检查 VPN 接口失败: Command '['forticlient', 'vpn', 'status']' timed out after 5 seconds
[2026-03-31 18:09:04] [WARNING] ⚠️  VPN 断开 (失败次数: 2/3)
[2026-03-31 18:11:10] [ERROR] 检查 VPN 接口失败: Command '['forticlient', 'vpn', 'status']' timed out after 5 seconds
[2026-03-31 18:11:47] [WARNING] ⚠️  VPN 断开 (失败次数: 3/3)
[2026-03-31 18:12:25] [ERROR] ❌ VPN 连续失败 3 次，触发重连
[2026-03-31 18:12:29] [INFO] ============================================================
[2026-03-31 18:12:31] [INFO] 开始 VPN 重连流程
[2026-03-31 18:12:33] [INFO] ============================================================
[2026-03-31 18:12:34] [INFO] 停止 FortiClient 进程...
[2026-03-31 18:12:38] [WARNING] ⚠️  sudo 返回码 -9，尝试不使用 sudo...
[2026-03-31 18:12:42] [INFO] ✅ FortiClient 进程已停止
[2026-03-31 18:12:58] [INFO] 将光标移动到屏幕中央 (960, 540)...
[2026-03-31 18:13:48] [INFO] 启动 FortiClient...
[2026-03-31 18:13:49] [INFO] 点击左边栏图标 (40, 200)...
[2026-03-31 18:15:13] [INFO] ✅ 已触发 FortiClient 启动
[2026-03-31 18:15:16] [INFO] 等待 FortiClient 窗口出现（最多 30 秒）...
