[2026-03-20 18:26:02] ==========================================
[2026-03-20 18:26:02] VPN 自动重连系统启动
[2026-03-20 18:26:02] ==========================================
[2026-03-20 18:26:02] DISPLAY: :1
[2026-03-20 18:26:02] 工作目录: /home/tsl/openclaw/vpn-auto/v2
[2026-03-20 18:26:02] 日志文件: /home/tsl/openclaw/vpn-auto/v2/logs/vpn-20260320.log
[2026-03-20 18:26:02] 
[2026-03-20 18:26:02] Python 版本: Python 3.8.10
[2026-03-20 18:26:02] 检查依赖...
[2026-03-20 18:26:03] ✅ 配置文件: /home/tsl/openclaw/vpn-auto/v2/config/config.yaml
[2026-03-20 18:26:03] 
[2026-03-20 18:26:03] 启动 VPN Watchdog...
[2026-03-20 18:26:03] 
Traceback (most recent call last):
  File "/home/tsl/.local/lib/python3.8/site-packages/Xlib/support/unix_connect.py", line 76, in get_socket
    s.connect('/tmp/.X11-unix/X%d' % dno)
FileNotFoundError: [Errno 2] No such file or directory

During handling of the above exception, another exception occurred:

Traceback (most recent call last):
  File "/home/tsl/openclaw/vpn-auto/v2/core/watchdog.py", line 110, in <module>
    main()
  File "/home/tsl/openclaw/vpn-auto/v2/core/watchdog.py", line 105, in main
    watchdog = VPNWatchdog(config_path=args.config)
  File "/home/tsl/openclaw/vpn-auto/v2/core/watchdog.py", line 35, in __init__
    self.orchestrator = ReconnectOrchestrator(self.config)
  File "/home/tsl/openclaw/vpn-auto/v2/core/orchestrator.py", line 33, in __init__
    self.drivers = self._init_drivers()
  File "/home/tsl/openclaw/vpn-auto/v2/core/orchestrator.py", line 54, in _init_drivers
    drivers.append(PyAutoDriver(self.config))
  File "/home/tsl/openclaw/vpn-auto/v2/drivers/pyauto_driver.py", line 25, in __init__
    import pyautogui
  File "/home/tsl/.local/lib/python3.8/site-packages/pyautogui/__init__.py", line 246, in <module>
    import mouseinfo
  File "/home/tsl/.local/lib/python3.8/site-packages/mouseinfo/__init__.py", line 223, in <module>
    _display = Display(os.environ['DISPLAY'])
  File "/home/tsl/.local/lib/python3.8/site-packages/Xlib/display.py", line 80, in __init__
    self.display = _BaseDisplay(display)
  File "/home/tsl/.local/lib/python3.8/site-packages/Xlib/display.py", line 62, in __init__
    display.Display.__init__(*(self, ) + args, **keys)
  File "/home/tsl/.local/lib/python3.8/site-packages/Xlib/protocol/display.py", line 58, in __init__
    self.socket = connect.get_socket(name, host, displayno)
  File "/home/tsl/.local/lib/python3.8/site-packages/Xlib/support/connect.py", line 76, in get_socket
    return mod.get_socket(dname, host, dno)
  File "/home/tsl/.local/lib/python3.8/site-packages/Xlib/support/unix_connect.py", line 78, in get_socket
    raise error.DisplayConnectionError(dname, str(val))
Xlib.error.DisplayConnectionError: Can't connect to display ":1": [Errno 2] No such file or directory
[2026-03-20 18:26:13] ==========================================
[2026-03-20 18:26:13] VPN 自动重连系统启动
[2026-03-20 18:26:13] ==========================================
[2026-03-20 18:26:13] DISPLAY: :1
[2026-03-20 18:26:13] 工作目录: /home/tsl/openclaw/vpn-auto/v2
[2026-03-20 18:26:13] 日志文件: /home/tsl/openclaw/vpn-auto/v2/logs/vpn-20260320.log
[2026-03-20 18:26:14] 
[2026-03-20 18:26:14] Python 版本: Python 3.8.10
[2026-03-20 18:26:14] 检查依赖...
[2026-03-20 18:26:14] ✅ 配置文件: /home/tsl/openclaw/vpn-auto/v2/config/config.yaml
[2026-03-20 18:26:14] 
[2026-03-20 18:26:14] 启动 VPN Watchdog...
[2026-03-20 18:26:14] 
Traceback (most recent call last):
  File "/home/tsl/.local/lib/python3.8/site-packages/Xlib/support/unix_connect.py", line 76, in get_socket
    s.connect('/tmp/.X11-unix/X%d' % dno)
FileNotFoundError: [Errno 2] No such file or directory

During handling of the above exception, another exception occurred:

Traceback (most recent call last):
  File "/home/tsl/openclaw/vpn-auto/v2/core/watchdog.py", line 110, in <module>
    main()
  File "/home/tsl/openclaw/vpn-auto/v2/core/watchdog.py", line 105, in main
    watchdog = VPNWatchdog(config_path=args.config)
  File "/home/tsl/openclaw/vpn-auto/v2/core/watchdog.py", line 35, in __init__
    self.orchestrator = ReconnectOrchestrator(self.config)
  File "/home/tsl/openclaw/vpn-auto/v2/core/orchestrator.py", line 33, in __init__
    self.drivers = self._init_drivers()
  File "/home/tsl/openclaw/vpn-auto/v2/core/orchestrator.py", line 54, in _init_drivers
    drivers.append(PyAutoDriver(self.config))
  File "/home/tsl/openclaw/vpn-auto/v2/drivers/pyauto_driver.py", line 25, in __init__
    import pyautogui
  File "/home/tsl/.local/lib/python3.8/site-packages/pyautogui/__init__.py", line 246, in <module>
    import mouseinfo
  File "/home/tsl/.local/lib/python3.8/site-packages/mouseinfo/__init__.py", line 223, in <module>
    _display = Display(os.environ['DISPLAY'])
  File "/home/tsl/.local/lib/python3.8/site-packages/Xlib/display.py", line 80, in __init__
    self.display = _BaseDisplay(display)
  File "/home/tsl/.local/lib/python3.8/site-packages/Xlib/display.py", line 62, in __init__
    display.Display.__init__(*(self, ) + args, **keys)
  File "/home/tsl/.local/lib/python3.8/site-packages/Xlib/protocol/display.py", line 58, in __init__
    self.socket = connect.get_socket(name, host, displayno)
  File "/home/tsl/.local/lib/python3.8/site-packages/Xlib/support/connect.py", line 76, in get_socket
    return mod.get_socket(dname, host, dno)
  File "/home/tsl/.local/lib/python3.8/site-packages/Xlib/support/unix_connect.py", line 78, in get_socket
    raise error.DisplayConnectionError(dname, str(val))
Xlib.error.DisplayConnectionError: Can't connect to display ":1": [Errno 2] No such file or directory
[2026-03-20 18:26:25] ==========================================
[2026-03-20 18:26:25] VPN 自动重连系统启动
[2026-03-20 18:26:25] ==========================================
[2026-03-20 18:26:25] DISPLAY: :1
[2026-03-20 18:26:25] 工作目录: /home/tsl/openclaw/vpn-auto/v2
[2026-03-20 18:26:25] 日志文件: /home/tsl/openclaw/vpn-auto/v2/logs/vpn-20260320.log
[2026-03-20 18:26:25] 
[2026-03-20 18:26:25] Python 版本: Python 3.8.10
[2026-03-20 18:26:25] 检查依赖...
[2026-03-20 18:26:25] ✅ 配置文件: /home/tsl/openclaw/vpn-auto/v2/config/config.yaml
[2026-03-20 18:26:25] 
[2026-03-20 18:26:25] 启动 VPN Watchdog...
[2026-03-20 18:26:25] 
Traceback (most recent call last):
  File "/home/tsl/.local/lib/python3.8/site-packages/Xlib/support/unix_connect.py", line 76, in get_socket
    s.connect('/tmp/.X11-unix/X%d' % dno)
FileNotFoundError: [Errno 2] No such file or directory

During handling of the above exception, another exception occurred:

Traceback (most recent call last):
  File "/home/tsl/openclaw/vpn-auto/v2/core/watchdog.py", line 110, in <module>
    main()
  File "/home/tsl/openclaw/vpn-auto/v2/core/watchdog.py", line 105, in main
    watchdog = VPNWatchdog(config_path=args.config)
  File "/home/tsl/openclaw/vpn-auto/v2/core/watchdog.py", line 35, in __init__
    self.orchestrator = ReconnectOrchestrator(self.config)
  File "/home/tsl/openclaw/vpn-auto/v2/core/orchestrator.py", line 33, in __init__
    self.drivers = self._init_drivers()
  File "/home/tsl/openclaw/vpn-auto/v2/core/orchestrator.py", line 54, in _init_drivers
    drivers.append(PyAutoDriver(self.config))
  File "/home/tsl/openclaw/vpn-auto/v2/drivers/pyauto_driver.py", line 25, in __init__
    import pyautogui
  File "/home/tsl/.local/lib/python3.8/site-packages/pyautogui/__init__.py", line 246, in <module>
    import mouseinfo
  File "/home/tsl/.local/lib/python3.8/site-packages/mouseinfo/__init__.py", line 223, in <module>
    _display = Display(os.environ['DISPLAY'])
  File "/home/tsl/.local/lib/python3.8/site-packages/Xlib/display.py", line 80, in __init__
    self.display = _BaseDisplay(display)
  File "/home/tsl/.local/lib/python3.8/site-packages/Xlib/display.py", line 62, in __init__
    display.Display.__init__(*(self, ) + args, **keys)
  File "/home/tsl/.local/lib/python3.8/site-packages/Xlib/protocol/display.py", line 58, in __init__
    self.socket = connect.get_socket(name, host, displayno)
  File "/home/tsl/.local/lib/python3.8/site-packages/Xlib/support/connect.py", line 76, in get_socket
    return mod.get_socket(dname, host, dno)
  File "/home/tsl/.local/lib/python3.8/site-packages/Xlib/support/unix_connect.py", line 78, in get_socket
    raise error.DisplayConnectionError(dname, str(val))
Xlib.error.DisplayConnectionError: Can't connect to display ":1": [Errno 2] No such file or directory
[2026-03-20 18:26:36] ==========================================
[2026-03-20 18:26:36] VPN 自动重连系统启动
[2026-03-20 18:26:36] ==========================================
[2026-03-20 18:26:36] DISPLAY: :1
[2026-03-20 18:26:36] 工作目录: /home/tsl/openclaw/vpn-auto/v2
[2026-03-20 18:26:36] 日志文件: /home/tsl/openclaw/vpn-auto/v2/logs/vpn-20260320.log
[2026-03-20 18:26:36] 
[2026-03-20 18:26:36] Python 版本: Python 3.8.10
[2026-03-20 18:26:36] 检查依赖...
[2026-03-20 18:26:36] ✅ 配置文件: /home/tsl/openclaw/vpn-auto/v2/config/config.yaml
[2026-03-20 18:26:36] 
[2026-03-20 18:26:36] 启动 VPN Watchdog...
[2026-03-20 18:26:36] 
Traceback (most recent call last):
  File "/home/tsl/.local/lib/python3.8/site-packages/Xlib/support/unix_connect.py", line 76, in get_socket
    s.connect('/tmp/.X11-unix/X%d' % dno)
FileNotFoundError: [Errno 2] No such file or directory

During handling of the above exception, another exception occurred:

Traceback (most recent call last):
  File "/home/tsl/openclaw/vpn-auto/v2/core/watchdog.py", line 110, in <module>
    main()
  File "/home/tsl/openclaw/vpn-auto/v2/core/watchdog.py", line 105, in main
    watchdog = VPNWatchdog(config_path=args.config)
  File "/home/tsl/openclaw/vpn-auto/v2/core/watchdog.py", line 35, in __init__
    self.orchestrator = ReconnectOrchestrator(self.config)
  File "/home/tsl/openclaw/vpn-auto/v2/core/orchestrator.py", line 33, in __init__
    self.drivers = self._init_drivers()
  File "/home/tsl/openclaw/vpn-auto/v2/core/orchestrator.py", line 54, in _init_drivers
    drivers.append(PyAutoDriver(self.config))
  File "/home/tsl/openclaw/vpn-auto/v2/drivers/pyauto_driver.py", line 25, in __init__
    import pyautogui
  File "/home/tsl/.local/lib/python3.8/site-packages/pyautogui/__init__.py", line 246, in <module>
    import mouseinfo
  File "/home/tsl/.local/lib/python3.8/site-packages/mouseinfo/__init__.py", line 223, in <module>
    _display = Display(os.environ['DISPLAY'])
  File "/home/tsl/.local/lib/python3.8/site-packages/Xlib/display.py", line 80, in __init__
    self.display = _BaseDisplay(display)
  File "/home/tsl/.local/lib/python3.8/site-packages/Xlib/display.py", line 62, in __init__
    display.Display.__init__(*(self, ) + args, **keys)
  File "/home/tsl/.local/lib/python3.8/site-packages/Xlib/protocol/display.py", line 58, in __init__
    self.socket = connect.get_socket(name, host, displayno)
  File "/home/tsl/.local/lib/python3.8/site-packages/Xlib/support/connect.py", line 76, in get_socket
    return mod.get_socket(dname, host, dno)
  File "/home/tsl/.local/lib/python3.8/site-packages/Xlib/support/unix_connect.py", line 78, in get_socket
    raise error.DisplayConnectionError(dname, str(val))
Xlib.error.DisplayConnectionError: Can't connect to display ":1": [Errno 2] No such file or directory
[2026-03-20 18:26:46] ==========================================
[2026-03-20 18:26:46] VPN 自动重连系统启动
[2026-03-20 18:26:46] ==========================================
[2026-03-20 18:26:46] DISPLAY: :1
[2026-03-20 18:26:46] 工作目录: /home/tsl/openclaw/vpn-auto/v2
[2026-03-20 18:26:46] 日志文件: /home/tsl/openclaw/vpn-auto/v2/logs/vpn-20260320.log
[2026-03-20 18:26:46] 
[2026-03-20 18:26:46] Python 版本: Python 3.8.10
[2026-03-20 18:26:46] 检查依赖...
[2026-03-20 18:26:47] ✅ 配置文件: /home/tsl/openclaw/vpn-auto/v2/config/config.yaml
[2026-03-20 18:26:47] 
[2026-03-20 18:26:47] 启动 VPN Watchdog...
[2026-03-20 18:26:47] 
Traceback (most recent call last):
  File "/home/tsl/.local/lib/python3.8/site-packages/Xlib/support/unix_connect.py", line 76, in get_socket
    s.connect('/tmp/.X11-unix/X%d' % dno)
FileNotFoundError: [Errno 2] No such file or directory

During handling of the above exception, another exception occurred:

Traceback (most recent call last):
  File "/home/tsl/openclaw/vpn-auto/v2/core/watchdog.py", line 110, in <module>
    main()
  File "/home/tsl/openclaw/vpn-auto/v2/core/watchdog.py", line 105, in main
    watchdog = VPNWatchdog(config_path=args.config)
  File "/home/tsl/openclaw/vpn-auto/v2/core/watchdog.py", line 35, in __init__
    self.orchestrator = ReconnectOrchestrator(self.config)
  File "/home/tsl/openclaw/vpn-auto/v2/core/orchestrator.py", line 33, in __init__
    self.drivers = self._init_drivers()
  File "/home/tsl/openclaw/vpn-auto/v2/core/orchestrator.py", line 54, in _init_drivers
    drivers.append(PyAutoDriver(self.config))
  File "/home/tsl/openclaw/vpn-auto/v2/drivers/pyauto_driver.py", line 25, in __init__
    import pyautogui
  File "/home/tsl/.local/lib/python3.8/site-packages/pyautogui/__init__.py", line 246, in <module>
    import mouseinfo
  File "/home/tsl/.local/lib/python3.8/site-packages/mouseinfo/__init__.py", line 223, in <module>
    _display = Display(os.environ['DISPLAY'])
  File "/home/tsl/.local/lib/python3.8/site-packages/Xlib/display.py", line 80, in __init__
    self.display = _BaseDisplay(display)
  File "/home/tsl/.local/lib/python3.8/site-packages/Xlib/display.py", line 62, in __init__
    display.Display.__init__(*(self, ) + args, **keys)
  File "/home/tsl/.local/lib/python3.8/site-packages/Xlib/protocol/display.py", line 58, in __init__
    self.socket = connect.get_socket(name, host, displayno)
  File "/home/tsl/.local/lib/python3.8/site-packages/Xlib/support/connect.py", line 76, in get_socket
    return mod.get_socket(dname, host, dno)
  File "/home/tsl/.local/lib/python3.8/site-packages/Xlib/support/unix_connect.py", line 78, in get_socket
    raise error.DisplayConnectionError(dname, str(val))
Xlib.error.DisplayConnectionError: Can't connect to display ":1": [Errno 2] No such file or directory
[2026-03-20 18:26:57] ==========================================
[2026-03-20 18:26:57] VPN 自动重连系统启动
[2026-03-20 18:26:57] ==========================================
[2026-03-20 18:26:57] DISPLAY: :1
[2026-03-20 18:26:57] 工作目录: /home/tsl/openclaw/vpn-auto/v2
[2026-03-20 18:26:57] 日志文件: /home/tsl/openclaw/vpn-auto/v2/logs/vpn-20260320.log
[2026-03-20 18:26:57] 
[2026-03-20 18:26:57] Python 版本: Python 3.8.10
[2026-03-20 18:26:57] 检查依赖...
[2026-03-20 18:26:58] ✅ 配置文件: /home/tsl/openclaw/vpn-auto/v2/config/config.yaml
[2026-03-20 18:26:58] 
[2026-03-20 18:26:58] 启动 VPN Watchdog...
[2026-03-20 18:26:58] 
Traceback (most recent call last):
  File "/home/tsl/.local/lib/python3.8/site-packages/Xlib/support/unix_connect.py", line 76, in get_socket
    s.connect('/tmp/.X11-unix/X%d' % dno)
FileNotFoundError: [Errno 2] No such file or directory

During handling of the above exception, another exception occurred:

Traceback (most recent call last):
  File "/home/tsl/openclaw/vpn-auto/v2/core/watchdog.py", line 110, in <module>
    main()
  File "/home/tsl/openclaw/vpn-auto/v2/core/watchdog.py", line 105, in main
    watchdog = VPNWatchdog(config_path=args.config)
  File "/home/tsl/openclaw/vpn-auto/v2/core/watchdog.py", line 35, in __init__
    self.orchestrator = ReconnectOrchestrator(self.config)
  File "/home/tsl/openclaw/vpn-auto/v2/core/orchestrator.py", line 33, in __init__
    self.drivers = self._init_drivers()
  File "/home/tsl/openclaw/vpn-auto/v2/core/orchestrator.py", line 54, in _init_drivers
    drivers.append(PyAutoDriver(self.config))
  File "/home/tsl/openclaw/vpn-auto/v2/drivers/pyauto_driver.py", line 25, in __init__
    import pyautogui
  File "/home/tsl/.local/lib/python3.8/site-packages/pyautogui/__init__.py", line 246, in <module>
    import mouseinfo
  File "/home/tsl/.local/lib/python3.8/site-packages/mouseinfo/__init__.py", line 223, in <module>
    _display = Display(os.environ['DISPLAY'])
  File "/home/tsl/.local/lib/python3.8/site-packages/Xlib/display.py", line 80, in __init__
    self.display = _BaseDisplay(display)
  File "/home/tsl/.local/lib/python3.8/site-packages/Xlib/display.py", line 62, in __init__
    display.Display.__init__(*(self, ) + args, **keys)
  File "/home/tsl/.local/lib/python3.8/site-packages/Xlib/protocol/display.py", line 58, in __init__
    self.socket = connect.get_socket(name, host, displayno)
  File "/home/tsl/.local/lib/python3.8/site-packages/Xlib/support/connect.py", line 76, in get_socket
    return mod.get_socket(dname, host, dno)
  File "/home/tsl/.local/lib/python3.8/site-packages/Xlib/support/unix_connect.py", line 78, in get_socket
    raise error.DisplayConnectionError(dname, str(val))
Xlib.error.DisplayConnectionError: Can't connect to display ":1": [Errno 2] No such file or directory
[2026-03-20 18:27:08] ==========================================
[2026-03-20 18:27:08] VPN 自动重连系统启动
[2026-03-20 18:27:08] ==========================================
[2026-03-20 18:27:08] DISPLAY: :1
[2026-03-20 18:27:08] 工作目录: /home/tsl/openclaw/vpn-auto/v2
[2026-03-20 18:27:08] 日志文件: /home/tsl/openclaw/vpn-auto/v2/logs/vpn-20260320.log
[2026-03-20 18:27:08] 
[2026-03-20 18:27:08] Python 版本: Python 3.8.10
[2026-03-20 18:27:08] 检查依赖...
[2026-03-20 18:27:08] ✅ 配置文件: /home/tsl/openclaw/vpn-auto/v2/config/config.yaml
[2026-03-20 18:27:08] 
[2026-03-20 18:27:08] 启动 VPN Watchdog...
[2026-03-20 18:27:08] 
Traceback (most recent call last):
  File "/home/tsl/.local/lib/python3.8/site-packages/Xlib/support/unix_connect.py", line 76, in get_socket
    s.connect('/tmp/.X11-unix/X%d' % dno)
FileNotFoundError: [Errno 2] No such file or directory

During handling of the above exception, another exception occurred:

Traceback (most recent call last):
  File "/home/tsl/openclaw/vpn-auto/v2/core/watchdog.py", line 110, in <module>
    main()
  File "/home/tsl/openclaw/vpn-auto/v2/core/watchdog.py", line 105, in main
    watchdog = VPNWatchdog(config_path=args.config)
  File "/home/tsl/openclaw/vpn-auto/v2/core/watchdog.py", line 35, in __init__
    self.orchestrator = ReconnectOrchestrator(self.config)
  File "/home/tsl/openclaw/vpn-auto/v2/core/orchestrator.py", line 33, in __init__
    self.drivers = self._init_drivers()
  File "/home/tsl/openclaw/vpn-auto/v2/core/orchestrator.py", line 54, in _init_drivers
    drivers.append(PyAutoDriver(self.config))
  File "/home/tsl/openclaw/vpn-auto/v2/drivers/pyauto_driver.py", line 25, in __init__
    import pyautogui
  File "/home/tsl/.local/lib/python3.8/site-packages/pyautogui/__init__.py", line 246, in <module>
    import mouseinfo
  File "/home/tsl/.local/lib/python3.8/site-packages/mouseinfo/__init__.py", line 223, in <module>
    _display = Display(os.environ['DISPLAY'])
  File "/home/tsl/.local/lib/python3.8/site-packages/Xlib/display.py", line 80, in __init__
    self.display = _BaseDisplay(display)
  File "/home/tsl/.local/lib/python3.8/site-packages/Xlib/display.py", line 62, in __init__
    display.Display.__init__(*(self, ) + args, **keys)
  File "/home/tsl/.local/lib/python3.8/site-packages/Xlib/protocol/display.py", line 58, in __init__
    self.socket = connect.get_socket(name, host, displayno)
  File "/home/tsl/.local/lib/python3.8/site-packages/Xlib/support/connect.py", line 76, in get_socket
    return mod.get_socket(dname, host, dno)
  File "/home/tsl/.local/lib/python3.8/site-packages/Xlib/support/unix_connect.py", line 78, in get_socket
    raise error.DisplayConnectionError(dname, str(val))
Xlib.error.DisplayConnectionError: Can't connect to display ":1": [Errno 2] No such file or directory
[2026-03-20 18:27:19] ==========================================
[2026-03-20 18:27:19] VPN 自动重连系统启动
[2026-03-20 18:27:19] ==========================================
[2026-03-20 18:27:19] DISPLAY: :1
[2026-03-20 18:27:19] 工作目录: /home/tsl/openclaw/vpn-auto/v2
[2026-03-20 18:27:19] 日志文件: /home/tsl/openclaw/vpn-auto/v2/logs/vpn-20260320.log
[2026-03-20 18:27:19] 
[2026-03-20 18:27:19] Python 版本: Python 3.8.10
[2026-03-20 18:27:19] 检查依赖...
[2026-03-20 18:27:19] ✅ 配置文件: /home/tsl/openclaw/vpn-auto/v2/config/config.yaml
[2026-03-20 18:27:19] 
[2026-03-20 18:27:19] 启动 VPN Watchdog...
[2026-03-20 18:27:19] 
Traceback (most recent call last):
  File "/home/tsl/.local/lib/python3.8/site-packages/Xlib/support/unix_connect.py", line 76, in get_socket
    s.connect('/tmp/.X11-unix/X%d' % dno)
FileNotFoundError: [Errno 2] No such file or directory

During handling of the above exception, another exception occurred:

Traceback (most recent call last):
  File "/home/tsl/openclaw/vpn-auto/v2/core/watchdog.py", line 110, in <module>
    main()
  File "/home/tsl/openclaw/vpn-auto/v2/core/watchdog.py", line 105, in main
    watchdog = VPNWatchdog(config_path=args.config)
  File "/home/tsl/openclaw/vpn-auto/v2/core/watchdog.py", line 35, in __init__
    self.orchestrator = ReconnectOrchestrator(self.config)
  File "/home/tsl/openclaw/vpn-auto/v2/core/orchestrator.py", line 33, in __init__
    self.drivers = self._init_drivers()
  File "/home/tsl/openclaw/vpn-auto/v2/core/orchestrator.py", line 54, in _init_drivers
    drivers.append(PyAutoDriver(self.config))
  File "/home/tsl/openclaw/vpn-auto/v2/drivers/pyauto_driver.py", line 25, in __init__
    import pyautogui
  File "/home/tsl/.local/lib/python3.8/site-packages/pyautogui/__init__.py", line 246, in <module>
    import mouseinfo
  File "/home/tsl/.local/lib/python3.8/site-packages/mouseinfo/__init__.py", line 223, in <module>
    _display = Display(os.environ['DISPLAY'])
  File "/home/tsl/.local/lib/python3.8/site-packages/Xlib/display.py", line 80, in __init__
    self.display = _BaseDisplay(display)
  File "/home/tsl/.local/lib/python3.8/site-packages/Xlib/display.py", line 62, in __init__
    display.Display.__init__(*(self, ) + args, **keys)
  File "/home/tsl/.local/lib/python3.8/site-packages/Xlib/protocol/display.py", line 58, in __init__
    self.socket = connect.get_socket(name, host, displayno)
  File "/home/tsl/.local/lib/python3.8/site-packages/Xlib/support/connect.py", line 76, in get_socket
    return mod.get_socket(dname, host, dno)
  File "/home/tsl/.local/lib/python3.8/site-packages/Xlib/support/unix_connect.py", line 78, in get_socket
    raise error.DisplayConnectionError(dname, str(val))
Xlib.error.DisplayConnectionError: Can't connect to display ":1": [Errno 2] No such file or directory
[2026-03-20 18:27:30] ==========================================
[2026-03-20 18:27:30] VPN 自动重连系统启动
[2026-03-20 18:27:30] ==========================================
[2026-03-20 18:27:30] DISPLAY: :1
[2026-03-20 18:27:30] 工作目录: /home/tsl/openclaw/vpn-auto/v2
[2026-03-20 18:27:30] 日志文件: /home/tsl/openclaw/vpn-auto/v2/logs/vpn-20260320.log
[2026-03-20 18:27:30] 
[2026-03-20 18:27:30] Python 版本: Python 3.8.10
[2026-03-20 18:27:30] 检查依赖...
[2026-03-20 18:27:30] ✅ 配置文件: /home/tsl/openclaw/vpn-auto/v2/config/config.yaml
[2026-03-20 18:27:30] 
[2026-03-20 18:27:30] 启动 VPN Watchdog...
[2026-03-20 18:27:30] 
Traceback (most recent call last):
  File "/home/tsl/.local/lib/python3.8/site-packages/Xlib/support/unix_connect.py", line 76, in get_socket
    s.connect('/tmp/.X11-unix/X%d' % dno)
FileNotFoundError: [Errno 2] No such file or directory

During handling of the above exception, another exception occurred:

Traceback (most recent call last):
  File "/home/tsl/openclaw/vpn-auto/v2/core/watchdog.py", line 110, in <module>
    main()
  File "/home/tsl/openclaw/vpn-auto/v2/core/watchdog.py", line 105, in main
    watchdog = VPNWatchdog(config_path=args.config)
  File "/home/tsl/openclaw/vpn-auto/v2/core/watchdog.py", line 35, in __init__
    self.orchestrator = ReconnectOrchestrator(self.config)
  File "/home/tsl/openclaw/vpn-auto/v2/core/orchestrator.py", line 33, in __init__
    self.drivers = self._init_drivers()
  File "/home/tsl/openclaw/vpn-auto/v2/core/orchestrator.py", line 54, in _init_drivers
    drivers.append(PyAutoDriver(self.config))
  File "/home/tsl/openclaw/vpn-auto/v2/drivers/pyauto_driver.py", line 25, in __init__
    import pyautogui
  File "/home/tsl/.local/lib/python3.8/site-packages/pyautogui/__init__.py", line 246, in <module>
    import mouseinfo
  File "/home/tsl/.local/lib/python3.8/site-packages/mouseinfo/__init__.py", line 223, in <module>
    _display = Display(os.environ['DISPLAY'])
  File "/home/tsl/.local/lib/python3.8/site-packages/Xlib/display.py", line 80, in __init__
    self.display = _BaseDisplay(display)
  File "/home/tsl/.local/lib/python3.8/site-packages/Xlib/display.py", line 62, in __init__
    display.Display.__init__(*(self, ) + args, **keys)
  File "/home/tsl/.local/lib/python3.8/site-packages/Xlib/protocol/display.py", line 58, in __init__
    self.socket = connect.get_socket(name, host, displayno)
  File "/home/tsl/.local/lib/python3.8/site-packages/Xlib/support/connect.py", line 76, in get_socket
    return mod.get_socket(dname, host, dno)
  File "/home/tsl/.local/lib/python3.8/site-packages/Xlib/support/unix_connect.py", line 78, in get_socket
    raise error.DisplayConnectionError(dname, str(val))
Xlib.error.DisplayConnectionError: Can't connect to display ":1": [Errno 2] No such file or directory
[2026-03-20 18:27:40] ==========================================
[2026-03-20 18:27:40] VPN 自动重连系统启动
[2026-03-20 18:27:40] ==========================================
[2026-03-20 18:27:40] DISPLAY: :1
[2026-03-20 18:27:40] 工作目录: /home/tsl/openclaw/vpn-auto/v2
[2026-03-20 18:27:40] 日志文件: /home/tsl/openclaw/vpn-auto/v2/logs/vpn-20260320.log
[2026-03-20 18:27:40] 
[2026-03-20 18:27:40] Python 版本: Python 3.8.10
[2026-03-20 18:27:40] 检查依赖...
[2026-03-20 18:27:41] ✅ 配置文件: /home/tsl/openclaw/vpn-auto/v2/config/config.yaml
[2026-03-20 18:27:41] 
[2026-03-20 18:27:41] 启动 VPN Watchdog...
[2026-03-20 18:27:41] 
Traceback (most recent call last):
  File "/home/tsl/.local/lib/python3.8/site-packages/Xlib/support/unix_connect.py", line 76, in get_socket
    s.connect('/tmp/.X11-unix/X%d' % dno)
FileNotFoundError: [Errno 2] No such file or directory

During handling of the above exception, another exception occurred:

Traceback (most recent call last):
  File "/home/tsl/openclaw/vpn-auto/v2/core/watchdog.py", line 110, in <module>
    main()
  File "/home/tsl/openclaw/vpn-auto/v2/core/watchdog.py", line 105, in main
    watchdog = VPNWatchdog(config_path=args.config)
  File "/home/tsl/openclaw/vpn-auto/v2/core/watchdog.py", line 35, in __init__
    self.orchestrator = ReconnectOrchestrator(self.config)
  File "/home/tsl/openclaw/vpn-auto/v2/core/orchestrator.py", line 33, in __init__
    self.drivers = self._init_drivers()
  File "/home/tsl/openclaw/vpn-auto/v2/core/orchestrator.py", line 54, in _init_drivers
    drivers.append(PyAutoDriver(self.config))
  File "/home/tsl/openclaw/vpn-auto/v2/drivers/pyauto_driver.py", line 25, in __init__
    import pyautogui
  File "/home/tsl/.local/lib/python3.8/site-packages/pyautogui/__init__.py", line 246, in <module>
    import mouseinfo
  File "/home/tsl/.local/lib/python3.8/site-packages/mouseinfo/__init__.py", line 223, in <module>
    _display = Display(os.environ['DISPLAY'])
  File "/home/tsl/.local/lib/python3.8/site-packages/Xlib/display.py", line 80, in __init__
    self.display = _BaseDisplay(display)
  File "/home/tsl/.local/lib/python3.8/site-packages/Xlib/display.py", line 62, in __init__
    display.Display.__init__(*(self, ) + args, **keys)
  File "/home/tsl/.local/lib/python3.8/site-packages/Xlib/protocol/display.py", line 58, in __init__
    self.socket = connect.get_socket(name, host, displayno)
  File "/home/tsl/.local/lib/python3.8/site-packages/Xlib/support/connect.py", line 76, in get_socket
    return mod.get_socket(dname, host, dno)
  File "/home/tsl/.local/lib/python3.8/site-packages/Xlib/support/unix_connect.py", line 78, in get_socket
    raise error.DisplayConnectionError(dname, str(val))
Xlib.error.DisplayConnectionError: Can't connect to display ":1": [Errno 2] No such file or directory
[2026-03-20 18:27:51] ==========================================
[2026-03-20 18:27:51] VPN 自动重连系统启动
[2026-03-20 18:27:51] ==========================================
[2026-03-20 18:27:51] DISPLAY: :1
[2026-03-20 18:27:51] 工作目录: /home/tsl/openclaw/vpn-auto/v2
[2026-03-20 18:27:51] 日志文件: /home/tsl/openclaw/vpn-auto/v2/logs/vpn-20260320.log
[2026-03-20 18:27:51] 
[2026-03-20 18:27:51] Python 版本: Python 3.8.10
[2026-03-20 18:27:51] 检查依赖...
[2026-03-20 18:27:51] ✅ 配置文件: /home/tsl/openclaw/vpn-auto/v2/config/config.yaml
[2026-03-20 18:27:51] 
[2026-03-20 18:27:51] 启动 VPN Watchdog...
[2026-03-20 18:27:51] 
Traceback (most recent call last):
  File "/home/tsl/.local/lib/python3.8/site-packages/Xlib/support/unix_connect.py", line 76, in get_socket
    s.connect('/tmp/.X11-unix/X%d' % dno)
FileNotFoundError: [Errno 2] No such file or directory

During handling of the above exception, another exception occurred:

Traceback (most recent call last):
  File "/home/tsl/openclaw/vpn-auto/v2/core/watchdog.py", line 110, in <module>
    main()
  File "/home/tsl/openclaw/vpn-auto/v2/core/watchdog.py", line 105, in main
    watchdog = VPNWatchdog(config_path=args.config)
  File "/home/tsl/openclaw/vpn-auto/v2/core/watchdog.py", line 35, in __init__
    self.orchestrator = ReconnectOrchestrator(self.config)
  File "/home/tsl/openclaw/vpn-auto/v2/core/orchestrator.py", line 33, in __init__
    self.drivers = self._init_drivers()
  File "/home/tsl/openclaw/vpn-auto/v2/core/orchestrator.py", line 54, in _init_drivers
    drivers.append(PyAutoDriver(self.config))
  File "/home/tsl/openclaw/vpn-auto/v2/drivers/pyauto_driver.py", line 25, in __init__
    import pyautogui
  File "/home/tsl/.local/lib/python3.8/site-packages/pyautogui/__init__.py", line 246, in <module>
    import mouseinfo
  File "/home/tsl/.local/lib/python3.8/site-packages/mouseinfo/__init__.py", line 223, in <module>
    _display = Display(os.environ['DISPLAY'])
  File "/home/tsl/.local/lib/python3.8/site-packages/Xlib/display.py", line 80, in __init__
    self.display = _BaseDisplay(display)
  File "/home/tsl/.local/lib/python3.8/site-packages/Xlib/display.py", line 62, in __init__
    display.Display.__init__(*(self, ) + args, **keys)
  File "/home/tsl/.local/lib/python3.8/site-packages/Xlib/protocol/display.py", line 58, in __init__
    self.socket = connect.get_socket(name, host, displayno)
  File "/home/tsl/.local/lib/python3.8/site-packages/Xlib/support/connect.py", line 76, in get_socket
    return mod.get_socket(dname, host, dno)
  File "/home/tsl/.local/lib/python3.8/site-packages/Xlib/support/unix_connect.py", line 78, in get_socket
    raise error.DisplayConnectionError(dname, str(val))
Xlib.error.DisplayConnectionError: Can't connect to display ":1": [Errno 2] No such file or directory
[2026-03-20 18:28:02] ==========================================
[2026-03-20 18:28:02] VPN 自动重连系统启动
[2026-03-20 18:28:02] ==========================================
[2026-03-20 18:28:02] DISPLAY: :1
[2026-03-20 18:28:02] 工作目录: /home/tsl/openclaw/vpn-auto/v2
[2026-03-20 18:28:02] 日志文件: /home/tsl/openclaw/vpn-auto/v2/logs/vpn-20260320.log
[2026-03-20 18:28:02] 
[2026-03-20 18:28:02] Python 版本: Python 3.8.10
[2026-03-20 18:28:02] 检查依赖...
[2026-03-20 18:28:02] ✅ 配置文件: /home/tsl/openclaw/vpn-auto/v2/config/config.yaml
[2026-03-20 18:28:02] 
[2026-03-20 18:28:02] 启动 VPN Watchdog...
[2026-03-20 18:28:02] 
Traceback (most recent call last):
  File "/home/tsl/.local/lib/python3.8/site-packages/Xlib/support/unix_connect.py", line 76, in get_socket
    s.connect('/tmp/.X11-unix/X%d' % dno)
FileNotFoundError: [Errno 2] No such file or directory

During handling of the above exception, another exception occurred:

Traceback (most recent call last):
  File "/home/tsl/openclaw/vpn-auto/v2/core/watchdog.py", line 110, in <module>
    main()
  File "/home/tsl/openclaw/vpn-auto/v2/core/watchdog.py", line 105, in main
    watchdog = VPNWatchdog(config_path=args.config)
  File "/home/tsl/openclaw/vpn-auto/v2/core/watchdog.py", line 35, in __init__
    self.orchestrator = ReconnectOrchestrator(self.config)
  File "/home/tsl/openclaw/vpn-auto/v2/core/orchestrator.py", line 33, in __init__
    self.drivers = self._init_drivers()
  File "/home/tsl/openclaw/vpn-auto/v2/core/orchestrator.py", line 54, in _init_drivers
    drivers.append(PyAutoDriver(self.config))
  File "/home/tsl/openclaw/vpn-auto/v2/drivers/pyauto_driver.py", line 25, in __init__
    import pyautogui
  File "/home/tsl/.local/lib/python3.8/site-packages/pyautogui/__init__.py", line 246, in <module>
    import mouseinfo
  File "/home/tsl/.local/lib/python3.8/site-packages/mouseinfo/__init__.py", line 223, in <module>
    _display = Display(os.environ['DISPLAY'])
  File "/home/tsl/.local/lib/python3.8/site-packages/Xlib/display.py", line 80, in __init__
    self.display = _BaseDisplay(display)
  File "/home/tsl/.local/lib/python3.8/site-packages/Xlib/display.py", line 62, in __init__
    display.Display.__init__(*(self, ) + args, **keys)
  File "/home/tsl/.local/lib/python3.8/site-packages/Xlib/protocol/display.py", line 58, in __init__
    self.socket = connect.get_socket(name, host, displayno)
  File "/home/tsl/.local/lib/python3.8/site-packages/Xlib/support/connect.py", line 76, in get_socket
    return mod.get_socket(dname, host, dno)
  File "/home/tsl/.local/lib/python3.8/site-packages/Xlib/support/unix_connect.py", line 78, in get_socket
    raise error.DisplayConnectionError(dname, str(val))
Xlib.error.DisplayConnectionError: Can't connect to display ":1": [Errno 2] No such file or directory
[2026-03-20 18:28:13] ==========================================
[2026-03-20 18:28:13] VPN 自动重连系统启动
[2026-03-20 18:28:13] ==========================================
[2026-03-20 18:28:13] DISPLAY: :1
[2026-03-20 18:28:13] 工作目录: /home/tsl/openclaw/vpn-auto/v2
[2026-03-20 18:28:13] 日志文件: /home/tsl/openclaw/vpn-auto/v2/logs/vpn-20260320.log
[2026-03-20 18:28:13] 
[2026-03-20 18:28:13] Python 版本: Python 3.8.10
[2026-03-20 18:28:13] 检查依赖...
[2026-03-20 18:28:13] ✅ 配置文件: /home/tsl/openclaw/vpn-auto/v2/config/config.yaml
[2026-03-20 18:28:13] 
[2026-03-20 18:28:13] 启动 VPN Watchdog...
[2026-03-20 18:28:13] 
Traceback (most recent call last):
  File "/home/tsl/.local/lib/python3.8/site-packages/Xlib/support/unix_connect.py", line 76, in get_socket
    s.connect('/tmp/.X11-unix/X%d' % dno)
FileNotFoundError: [Errno 2] No such file or directory

During handling of the above exception, another exception occurred:

Traceback (most recent call last):
  File "/home/tsl/openclaw/vpn-auto/v2/core/watchdog.py", line 110, in <module>
    main()
  File "/home/tsl/openclaw/vpn-auto/v2/core/watchdog.py", line 105, in main
    watchdog = VPNWatchdog(config_path=args.config)
  File "/home/tsl/openclaw/vpn-auto/v2/core/watchdog.py", line 35, in __init__
    self.orchestrator = ReconnectOrchestrator(self.config)
  File "/home/tsl/openclaw/vpn-auto/v2/core/orchestrator.py", line 33, in __init__
    self.drivers = self._init_drivers()
  File "/home/tsl/openclaw/vpn-auto/v2/core/orchestrator.py", line 54, in _init_drivers
    drivers.append(PyAutoDriver(self.config))
  File "/home/tsl/openclaw/vpn-auto/v2/drivers/pyauto_driver.py", line 25, in __init__
    import pyautogui
  File "/home/tsl/.local/lib/python3.8/site-packages/pyautogui/__init__.py", line 246, in <module>
    import mouseinfo
  File "/home/tsl/.local/lib/python3.8/site-packages/mouseinfo/__init__.py", line 223, in <module>
    _display = Display(os.environ['DISPLAY'])
  File "/home/tsl/.local/lib/python3.8/site-packages/Xlib/display.py", line 80, in __init__
    self.display = _BaseDisplay(display)
  File "/home/tsl/.local/lib/python3.8/site-packages/Xlib/display.py", line 62, in __init__
    display.Display.__init__(*(self, ) + args, **keys)
  File "/home/tsl/.local/lib/python3.8/site-packages/Xlib/protocol/display.py", line 58, in __init__
    self.socket = connect.get_socket(name, host, displayno)
  File "/home/tsl/.local/lib/python3.8/site-packages/Xlib/support/connect.py", line 76, in get_socket
    return mod.get_socket(dname, host, dno)
  File "/home/tsl/.local/lib/python3.8/site-packages/Xlib/support/unix_connect.py", line 78, in get_socket
    raise error.DisplayConnectionError(dname, str(val))
Xlib.error.DisplayConnectionError: Can't connect to display ":1": [Errno 2] No such file or directory
[2026-03-20 18:28:24] ==========================================
[2026-03-20 18:28:24] VPN 自动重连系统启动
[2026-03-20 18:28:24] ==========================================
[2026-03-20 18:28:24] DISPLAY: :1
[2026-03-20 18:28:24] 工作目录: /home/tsl/openclaw/vpn-auto/v2
[2026-03-20 18:28:24] 日志文件: /home/tsl/openclaw/vpn-auto/v2/logs/vpn-20260320.log
[2026-03-20 18:28:24] 
[2026-03-20 18:28:24] Python 版本: Python 3.8.10
[2026-03-20 18:28:24] 检查依赖...
[2026-03-20 18:28:24] ✅ 配置文件: /home/tsl/openclaw/vpn-auto/v2/config/config.yaml
[2026-03-20 18:28:24] 
[2026-03-20 18:28:24] 启动 VPN Watchdog...
[2026-03-20 18:28:24] 
Traceback (most recent call last):
  File "/home/tsl/.local/lib/python3.8/site-packages/Xlib/support/unix_connect.py", line 76, in get_socket
    s.connect('/tmp/.X11-unix/X%d' % dno)
FileNotFoundError: [Errno 2] No such file or directory

During handling of the above exception, another exception occurred:

Traceback (most recent call last):
  File "/home/tsl/openclaw/vpn-auto/v2/core/watchdog.py", line 110, in <module>
    main()
  File "/home/tsl/openclaw/vpn-auto/v2/core/watchdog.py", line 105, in main
    watchdog = VPNWatchdog(config_path=args.config)
  File "/home/tsl/openclaw/vpn-auto/v2/core/watchdog.py", line 35, in __init__
    self.orchestrator = ReconnectOrchestrator(self.config)
  File "/home/tsl/openclaw/vpn-auto/v2/core/orchestrator.py", line 33, in __init__
    self.drivers = self._init_drivers()
  File "/home/tsl/openclaw/vpn-auto/v2/core/orchestrator.py", line 54, in _init_drivers
    drivers.append(PyAutoDriver(self.config))
  File "/home/tsl/openclaw/vpn-auto/v2/drivers/pyauto_driver.py", line 25, in __init__
    import pyautogui
  File "/home/tsl/.local/lib/python3.8/site-packages/pyautogui/__init__.py", line 246, in <module>
    import mouseinfo
  File "/home/tsl/.local/lib/python3.8/site-packages/mouseinfo/__init__.py", line 223, in <module>
    _display = Display(os.environ['DISPLAY'])
  File "/home/tsl/.local/lib/python3.8/site-packages/Xlib/display.py", line 80, in __init__
    self.display = _BaseDisplay(display)
  File "/home/tsl/.local/lib/python3.8/site-packages/Xlib/display.py", line 62, in __init__
    display.Display.__init__(*(self, ) + args, **keys)
  File "/home/tsl/.local/lib/python3.8/site-packages/Xlib/protocol/display.py", line 58, in __init__
    self.socket = connect.get_socket(name, host, displayno)
  File "/home/tsl/.local/lib/python3.8/site-packages/Xlib/support/connect.py", line 76, in get_socket
    return mod.get_socket(dname, host, dno)
  File "/home/tsl/.local/lib/python3.8/site-packages/Xlib/support/unix_connect.py", line 78, in get_socket
    raise error.DisplayConnectionError(dname, str(val))
Xlib.error.DisplayConnectionError: Can't connect to display ":1": [Errno 2] No such file or directory
[2026-03-20 18:28:34] ==========================================
[2026-03-20 18:28:34] VPN 自动重连系统启动
[2026-03-20 18:28:34] ==========================================
[2026-03-20 18:28:34] DISPLAY: :1
[2026-03-20 18:28:34] 工作目录: /home/tsl/openclaw/vpn-auto/v2
[2026-03-20 18:28:34] 日志文件: /home/tsl/openclaw/vpn-auto/v2/logs/vpn-20260320.log
[2026-03-20 18:28:34] 
[2026-03-20 18:28:34] Python 版本: Python 3.8.10
[2026-03-20 18:28:34] 检查依赖...
[2026-03-20 18:28:35] ✅ 配置文件: /home/tsl/openclaw/vpn-auto/v2/config/config.yaml
[2026-03-20 18:28:35] 
[2026-03-20 18:28:35] 启动 VPN Watchdog...
[2026-03-20 18:28:35] 
Traceback (most recent call last):
  File "/home/tsl/.local/lib/python3.8/site-packages/Xlib/support/unix_connect.py", line 76, in get_socket
    s.connect('/tmp/.X11-unix/X%d' % dno)
FileNotFoundError: [Errno 2] No such file or directory

During handling of the above exception, another exception occurred:

Traceback (most recent call last):
  File "/home/tsl/openclaw/vpn-auto/v2/core/watchdog.py", line 110, in <module>
    main()
  File "/home/tsl/openclaw/vpn-auto/v2/core/watchdog.py", line 105, in main
    watchdog = VPNWatchdog(config_path=args.config)
  File "/home/tsl/openclaw/vpn-auto/v2/core/watchdog.py", line 35, in __init__
    self.orchestrator = ReconnectOrchestrator(self.config)
  File "/home/tsl/openclaw/vpn-auto/v2/core/orchestrator.py", line 33, in __init__
    self.drivers = self._init_drivers()
  File "/home/tsl/openclaw/vpn-auto/v2/core/orchestrator.py", line 54, in _init_drivers
    drivers.append(PyAutoDriver(self.config))
  File "/home/tsl/openclaw/vpn-auto/v2/drivers/pyauto_driver.py", line 25, in __init__
    import pyautogui
  File "/home/tsl/.local/lib/python3.8/site-packages/pyautogui/__init__.py", line 246, in <module>
    import mouseinfo
  File "/home/tsl/.local/lib/python3.8/site-packages/mouseinfo/__init__.py", line 223, in <module>
    _display = Display(os.environ['DISPLAY'])
  File "/home/tsl/.local/lib/python3.8/site-packages/Xlib/display.py", line 80, in __init__
    self.display = _BaseDisplay(display)
  File "/home/tsl/.local/lib/python3.8/site-packages/Xlib/display.py", line 62, in __init__
    display.Display.__init__(*(self, ) + args, **keys)
  File "/home/tsl/.local/lib/python3.8/site-packages/Xlib/protocol/display.py", line 58, in __init__
    self.socket = connect.get_socket(name, host, displayno)
  File "/home/tsl/.local/lib/python3.8/site-packages/Xlib/support/connect.py", line 76, in get_socket
    return mod.get_socket(dname, host, dno)
  File "/home/tsl/.local/lib/python3.8/site-packages/Xlib/support/unix_connect.py", line 78, in get_socket
    raise error.DisplayConnectionError(dname, str(val))
Xlib.error.DisplayConnectionError: Can't connect to display ":1": [Errno 2] No such file or directory
[2026-03-20 18:28:45] ==========================================
[2026-03-20 18:28:45] VPN 自动重连系统启动
[2026-03-20 18:28:45] ==========================================
[2026-03-20 18:28:45] DISPLAY: :1
[2026-03-20 18:28:45] 工作目录: /home/tsl/openclaw/vpn-auto/v2
[2026-03-20 18:28:45] 日志文件: /home/tsl/openclaw/vpn-auto/v2/logs/vpn-20260320.log
[2026-03-20 18:28:45] 
[2026-03-20 18:28:45] Python 版本: Python 3.8.10
[2026-03-20 18:28:45] 检查依赖...
[2026-03-20 18:28:46] ✅ 配置文件: /home/tsl/openclaw/vpn-auto/v2/config/config.yaml
[2026-03-20 18:28:46] 
[2026-03-20 18:28:46] 启动 VPN Watchdog...
[2026-03-20 18:28:46] 
Traceback (most recent call last):
  File "/home/tsl/.local/lib/python3.8/site-packages/Xlib/support/unix_connect.py", line 76, in get_socket
    s.connect('/tmp/.X11-unix/X%d' % dno)
FileNotFoundError: [Errno 2] No such file or directory

During handling of the above exception, another exception occurred:

Traceback (most recent call last):
  File "/home/tsl/openclaw/vpn-auto/v2/core/watchdog.py", line 110, in <module>
    main()
  File "/home/tsl/openclaw/vpn-auto/v2/core/watchdog.py", line 105, in main
    watchdog = VPNWatchdog(config_path=args.config)
  File "/home/tsl/openclaw/vpn-auto/v2/core/watchdog.py", line 35, in __init__
    self.orchestrator = ReconnectOrchestrator(self.config)
  File "/home/tsl/openclaw/vpn-auto/v2/core/orchestrator.py", line 33, in __init__
    self.drivers = self._init_drivers()
  File "/home/tsl/openclaw/vpn-auto/v2/core/orchestrator.py", line 54, in _init_drivers
    drivers.append(PyAutoDriver(self.config))
  File "/home/tsl/openclaw/vpn-auto/v2/drivers/pyauto_driver.py", line 25, in __init__
    import pyautogui
  File "/home/tsl/.local/lib/python3.8/site-packages/pyautogui/__init__.py", line 246, in <module>
    import mouseinfo
  File "/home/tsl/.local/lib/python3.8/site-packages/mouseinfo/__init__.py", line 223, in <module>
    _display = Display(os.environ['DISPLAY'])
  File "/home/tsl/.local/lib/python3.8/site-packages/Xlib/display.py", line 80, in __init__
    self.display = _BaseDisplay(display)
  File "/home/tsl/.local/lib/python3.8/site-packages/Xlib/display.py", line 62, in __init__
    display.Display.__init__(*(self, ) + args, **keys)
  File "/home/tsl/.local/lib/python3.8/site-packages/Xlib/protocol/display.py", line 58, in __init__
    self.socket = connect.get_socket(name, host, displayno)
  File "/home/tsl/.local/lib/python3.8/site-packages/Xlib/support/connect.py", line 76, in get_socket
    return mod.get_socket(dname, host, dno)
  File "/home/tsl/.local/lib/python3.8/site-packages/Xlib/support/unix_connect.py", line 78, in get_socket
    raise error.DisplayConnectionError(dname, str(val))
Xlib.error.DisplayConnectionError: Can't connect to display ":1": [Errno 2] No such file or directory
[2026-03-20 18:28:56] ==========================================
[2026-03-20 18:28:56] VPN 自动重连系统启动
[2026-03-20 18:28:56] ==========================================
[2026-03-20 18:28:56] DISPLAY: :1
[2026-03-20 18:28:56] 工作目录: /home/tsl/openclaw/vpn-auto/v2
[2026-03-20 18:28:56] 日志文件: /home/tsl/openclaw/vpn-auto/v2/logs/vpn-20260320.log
[2026-03-20 18:28:56] 
[2026-03-20 18:28:56] Python 版本: Python 3.8.10
[2026-03-20 18:28:56] 检查依赖...
[2026-03-20 18:28:56] ✅ 配置文件: /home/tsl/openclaw/vpn-auto/v2/config/config.yaml
[2026-03-20 18:28:56] 
[2026-03-20 18:28:56] 启动 VPN Watchdog...
[2026-03-20 18:28:56] 
Traceback (most recent call last):
  File "/home/tsl/.local/lib/python3.8/site-packages/Xlib/support/unix_connect.py", line 76, in get_socket
    s.connect('/tmp/.X11-unix/X%d' % dno)
FileNotFoundError: [Errno 2] No such file or directory

During handling of the above exception, another exception occurred:

Traceback (most recent call last):
  File "/home/tsl/openclaw/vpn-auto/v2/core/watchdog.py", line 110, in <module>
    main()
  File "/home/tsl/openclaw/vpn-auto/v2/core/watchdog.py", line 105, in main
    watchdog = VPNWatchdog(config_path=args.config)
  File "/home/tsl/openclaw/vpn-auto/v2/core/watchdog.py", line 35, in __init__
    self.orchestrator = ReconnectOrchestrator(self.config)
  File "/home/tsl/openclaw/vpn-auto/v2/core/orchestrator.py", line 33, in __init__
    self.drivers = self._init_drivers()
  File "/home/tsl/openclaw/vpn-auto/v2/core/orchestrator.py", line 54, in _init_drivers
    drivers.append(PyAutoDriver(self.config))
  File "/home/tsl/openclaw/vpn-auto/v2/drivers/pyauto_driver.py", line 25, in __init__
    import pyautogui
  File "/home/tsl/.local/lib/python3.8/site-packages/pyautogui/__init__.py", line 246, in <module>
    import mouseinfo
  File "/home/tsl/.local/lib/python3.8/site-packages/mouseinfo/__init__.py", line 223, in <module>
    _display = Display(os.environ['DISPLAY'])
  File "/home/tsl/.local/lib/python3.8/site-packages/Xlib/display.py", line 80, in __init__
    self.display = _BaseDisplay(display)
  File "/home/tsl/.local/lib/python3.8/site-packages/Xlib/display.py", line 62, in __init__
    display.Display.__init__(*(self, ) + args, **keys)
  File "/home/tsl/.local/lib/python3.8/site-packages/Xlib/protocol/display.py", line 58, in __init__
    self.socket = connect.get_socket(name, host, displayno)
  File "/home/tsl/.local/lib/python3.8/site-packages/Xlib/support/connect.py", line 76, in get_socket
    return mod.get_socket(dname, host, dno)
  File "/home/tsl/.local/lib/python3.8/site-packages/Xlib/support/unix_connect.py", line 78, in get_socket
    raise error.DisplayConnectionError(dname, str(val))
Xlib.error.DisplayConnectionError: Can't connect to display ":1": [Errno 2] No such file or directory
[2026-03-20 18:29:07] ==========================================
[2026-03-20 18:29:07] VPN 自动重连系统启动
[2026-03-20 18:29:07] ==========================================
[2026-03-20 18:29:07] DISPLAY: :1
[2026-03-20 18:29:07] 工作目录: /home/tsl/openclaw/vpn-auto/v2
[2026-03-20 18:29:07] 日志文件: /home/tsl/openclaw/vpn-auto/v2/logs/vpn-20260320.log
[2026-03-20 18:29:07] 
[2026-03-20 18:29:07] Python 版本: Python 3.8.10
[2026-03-20 18:29:07] 检查依赖...
[2026-03-20 18:29:07] ✅ 配置文件: /home/tsl/openclaw/vpn-auto/v2/config/config.yaml
[2026-03-20 18:29:07] 
[2026-03-20 18:29:07] 启动 VPN Watchdog...
[2026-03-20 18:29:07] 
Traceback (most recent call last):
  File "/home/tsl/.local/lib/python3.8/site-packages/Xlib/support/unix_connect.py", line 76, in get_socket
    s.connect('/tmp/.X11-unix/X%d' % dno)
FileNotFoundError: [Errno 2] No such file or directory

During handling of the above exception, another exception occurred:

Traceback (most recent call last):
  File "/home/tsl/openclaw/vpn-auto/v2/core/watchdog.py", line 110, in <module>
    main()
  File "/home/tsl/openclaw/vpn-auto/v2/core/watchdog.py", line 105, in main
    watchdog = VPNWatchdog(config_path=args.config)
  File "/home/tsl/openclaw/vpn-auto/v2/core/watchdog.py", line 35, in __init__
    self.orchestrator = ReconnectOrchestrator(self.config)
  File "/home/tsl/openclaw/vpn-auto/v2/core/orchestrator.py", line 33, in __init__
    self.drivers = self._init_drivers()
  File "/home/tsl/openclaw/vpn-auto/v2/core/orchestrator.py", line 54, in _init_drivers
    drivers.append(PyAutoDriver(self.config))
  File "/home/tsl/openclaw/vpn-auto/v2/drivers/pyauto_driver.py", line 25, in __init__
    import pyautogui
  File "/home/tsl/.local/lib/python3.8/site-packages/pyautogui/__init__.py", line 246, in <module>
    import mouseinfo
  File "/home/tsl/.local/lib/python3.8/site-packages/mouseinfo/__init__.py", line 223, in <module>
    _display = Display(os.environ['DISPLAY'])
  File "/home/tsl/.local/lib/python3.8/site-packages/Xlib/display.py", line 80, in __init__
    self.display = _BaseDisplay(display)
  File "/home/tsl/.local/lib/python3.8/site-packages/Xlib/display.py", line 62, in __init__
    display.Display.__init__(*(self, ) + args, **keys)
  File "/home/tsl/.local/lib/python3.8/site-packages/Xlib/protocol/display.py", line 58, in __init__
    self.socket = connect.get_socket(name, host, displayno)
  File "/home/tsl/.local/lib/python3.8/site-packages/Xlib/support/connect.py", line 76, in get_socket
    return mod.get_socket(dname, host, dno)
  File "/home/tsl/.local/lib/python3.8/site-packages/Xlib/support/unix_connect.py", line 78, in get_socket
    raise error.DisplayConnectionError(dname, str(val))
Xlib.error.DisplayConnectionError: Can't connect to display ":1": [Errno 2] No such file or directory
[2026-03-20 18:29:17] ==========================================
[2026-03-20 18:29:17] VPN 自动重连系统启动
[2026-03-20 18:29:17] ==========================================
[2026-03-20 18:29:17] DISPLAY: :1
[2026-03-20 18:29:17] 工作目录: /home/tsl/openclaw/vpn-auto/v2
[2026-03-20 18:29:17] 日志文件: /home/tsl/openclaw/vpn-auto/v2/logs/vpn-20260320.log
[2026-03-20 18:29:17] 
[2026-03-20 18:29:17] Python 版本: Python 3.8.10
[2026-03-20 18:29:17] 检查依赖...
[2026-03-20 18:29:18] ✅ 配置文件: /home/tsl/openclaw/vpn-auto/v2/config/config.yaml
[2026-03-20 18:29:18] 
[2026-03-20 18:29:18] 启动 VPN Watchdog...
[2026-03-20 18:29:18] 
Traceback (most recent call last):
  File "/home/tsl/.local/lib/python3.8/site-packages/Xlib/support/unix_connect.py", line 76, in get_socket
    s.connect('/tmp/.X11-unix/X%d' % dno)
FileNotFoundError: [Errno 2] No such file or directory

During handling of the above exception, another exception occurred:

Traceback (most recent call last):
  File "/home/tsl/openclaw/vpn-auto/v2/core/watchdog.py", line 110, in <module>
    main()
  File "/home/tsl/openclaw/vpn-auto/v2/core/watchdog.py", line 105, in main
    watchdog = VPNWatchdog(config_path=args.config)
  File "/home/tsl/openclaw/vpn-auto/v2/core/watchdog.py", line 35, in __init__
    self.orchestrator = ReconnectOrchestrator(self.config)
  File "/home/tsl/openclaw/vpn-auto/v2/core/orchestrator.py", line 33, in __init__
    self.drivers = self._init_drivers()
  File "/home/tsl/openclaw/vpn-auto/v2/core/orchestrator.py", line 54, in _init_drivers
    drivers.append(PyAutoDriver(self.config))
  File "/home/tsl/openclaw/vpn-auto/v2/drivers/pyauto_driver.py", line 25, in __init__
    import pyautogui
  File "/home/tsl/.local/lib/python3.8/site-packages/pyautogui/__init__.py", line 246, in <module>
    import mouseinfo
  File "/home/tsl/.local/lib/python3.8/site-packages/mouseinfo/__init__.py", line 223, in <module>
    _display = Display(os.environ['DISPLAY'])
  File "/home/tsl/.local/lib/python3.8/site-packages/Xlib/display.py", line 80, in __init__
    self.display = _BaseDisplay(display)
  File "/home/tsl/.local/lib/python3.8/site-packages/Xlib/display.py", line 62, in __init__
    display.Display.__init__(*(self, ) + args, **keys)
  File "/home/tsl/.local/lib/python3.8/site-packages/Xlib/protocol/display.py", line 58, in __init__
    self.socket = connect.get_socket(name, host, displayno)
  File "/home/tsl/.local/lib/python3.8/site-packages/Xlib/support/connect.py", line 76, in get_socket
    return mod.get_socket(dname, host, dno)
  File "/home/tsl/.local/lib/python3.8/site-packages/Xlib/support/unix_connect.py", line 78, in get_socket
    raise error.DisplayConnectionError(dname, str(val))
Xlib.error.DisplayConnectionError: Can't connect to display ":1": [Errno 2] No such file or directory
[2026-03-20 18:29:28] ==========================================
[2026-03-20 18:29:28] VPN 自动重连系统启动
[2026-03-20 18:29:28] ==========================================
[2026-03-20 18:29:28] DISPLAY: :1
[2026-03-20 18:29:28] 工作目录: /home/tsl/openclaw/vpn-auto/v2
[2026-03-20 18:29:28] 日志文件: /home/tsl/openclaw/vpn-auto/v2/logs/vpn-20260320.log
[2026-03-20 18:29:28] 
[2026-03-20 18:29:28] Python 版本: Python 3.8.10
[2026-03-20 18:29:28] 检查依赖...
[2026-03-20 18:29:28] ✅ 配置文件: /home/tsl/openclaw/vpn-auto/v2/config/config.yaml
[2026-03-20 18:29:28] 
[2026-03-20 18:29:28] 启动 VPN Watchdog...
[2026-03-20 18:29:28] 
Traceback (most recent call last):
  File "/home/tsl/.local/lib/python3.8/site-packages/Xlib/support/unix_connect.py", line 76, in get_socket
    s.connect('/tmp/.X11-unix/X%d' % dno)
FileNotFoundError: [Errno 2] No such file or directory

During handling of the above exception, another exception occurred:

Traceback (most recent call last):
  File "/home/tsl/openclaw/vpn-auto/v2/core/watchdog.py", line 110, in <module>
    main()
  File "/home/tsl/openclaw/vpn-auto/v2/core/watchdog.py", line 105, in main
    watchdog = VPNWatchdog(config_path=args.config)
  File "/home/tsl/openclaw/vpn-auto/v2/core/watchdog.py", line 35, in __init__
    self.orchestrator = ReconnectOrchestrator(self.config)
  File "/home/tsl/openclaw/vpn-auto/v2/core/orchestrator.py", line 33, in __init__
    self.drivers = self._init_drivers()
  File "/home/tsl/openclaw/vpn-auto/v2/core/orchestrator.py", line 54, in _init_drivers
    drivers.append(PyAutoDriver(self.config))
  File "/home/tsl/openclaw/vpn-auto/v2/drivers/pyauto_driver.py", line 25, in __init__
    import pyautogui
  File "/home/tsl/.local/lib/python3.8/site-packages/pyautogui/__init__.py", line 246, in <module>
    import mouseinfo
  File "/home/tsl/.local/lib/python3.8/site-packages/mouseinfo/__init__.py", line 223, in <module>
    _display = Display(os.environ['DISPLAY'])
  File "/home/tsl/.local/lib/python3.8/site-packages/Xlib/display.py", line 80, in __init__
    self.display = _BaseDisplay(display)
  File "/home/tsl/.local/lib/python3.8/site-packages/Xlib/display.py", line 62, in __init__
    display.Display.__init__(*(self, ) + args, **keys)
  File "/home/tsl/.local/lib/python3.8/site-packages/Xlib/protocol/display.py", line 58, in __init__
    self.socket = connect.get_socket(name, host, displayno)
  File "/home/tsl/.local/lib/python3.8/site-packages/Xlib/support/connect.py", line 76, in get_socket
    return mod.get_socket(dname, host, dno)
  File "/home/tsl/.local/lib/python3.8/site-packages/Xlib/support/unix_connect.py", line 78, in get_socket
    raise error.DisplayConnectionError(dname, str(val))
Xlib.error.DisplayConnectionError: Can't connect to display ":1": [Errno 2] No such file or directory
[2026-03-20 18:29:39] ==========================================
[2026-03-20 18:29:39] VPN 自动重连系统启动
[2026-03-20 18:29:39] ==========================================
[2026-03-20 18:29:39] DISPLAY: :1
[2026-03-20 18:29:39] 工作目录: /home/tsl/openclaw/vpn-auto/v2
[2026-03-20 18:29:39] 日志文件: /home/tsl/openclaw/vpn-auto/v2/logs/vpn-20260320.log
[2026-03-20 18:29:39] 
[2026-03-20 18:29:39] Python 版本: Python 3.8.10
[2026-03-20 18:29:39] 检查依赖...
[2026-03-20 18:29:39] ✅ 配置文件: /home/tsl/openclaw/vpn-auto/v2/config/config.yaml
[2026-03-20 18:29:39] 
[2026-03-20 18:29:39] 启动 VPN Watchdog...
[2026-03-20 18:29:39] 
Traceback (most recent call last):
  File "/home/tsl/.local/lib/python3.8/site-packages/Xlib/support/unix_connect.py", line 76, in get_socket
    s.connect('/tmp/.X11-unix/X%d' % dno)
FileNotFoundError: [Errno 2] No such file or directory

During handling of the above exception, another exception occurred:

Traceback (most recent call last):
  File "/home/tsl/openclaw/vpn-auto/v2/core/watchdog.py", line 110, in <module>
    main()
  File "/home/tsl/openclaw/vpn-auto/v2/core/watchdog.py", line 105, in main
    watchdog = VPNWatchdog(config_path=args.config)
  File "/home/tsl/openclaw/vpn-auto/v2/core/watchdog.py", line 35, in __init__
    self.orchestrator = ReconnectOrchestrator(self.config)
  File "/home/tsl/openclaw/vpn-auto/v2/core/orchestrator.py", line 33, in __init__
    self.drivers = self._init_drivers()
  File "/home/tsl/openclaw/vpn-auto/v2/core/orchestrator.py", line 54, in _init_drivers
    drivers.append(PyAutoDriver(self.config))
  File "/home/tsl/openclaw/vpn-auto/v2/drivers/pyauto_driver.py", line 25, in __init__
    import pyautogui
  File "/home/tsl/.local/lib/python3.8/site-packages/pyautogui/__init__.py", line 246, in <module>
    import mouseinfo
  File "/home/tsl/.local/lib/python3.8/site-packages/mouseinfo/__init__.py", line 223, in <module>
    _display = Display(os.environ['DISPLAY'])
  File "/home/tsl/.local/lib/python3.8/site-packages/Xlib/display.py", line 80, in __init__
    self.display = _BaseDisplay(display)
  File "/home/tsl/.local/lib/python3.8/site-packages/Xlib/display.py", line 62, in __init__
    display.Display.__init__(*(self, ) + args, **keys)
  File "/home/tsl/.local/lib/python3.8/site-packages/Xlib/protocol/display.py", line 58, in __init__
    self.socket = connect.get_socket(name, host, displayno)
  File "/home/tsl/.local/lib/python3.8/site-packages/Xlib/support/connect.py", line 76, in get_socket
    return mod.get_socket(dname, host, dno)
  File "/home/tsl/.local/lib/python3.8/site-packages/Xlib/support/unix_connect.py", line 78, in get_socket
    raise error.DisplayConnectionError(dname, str(val))
Xlib.error.DisplayConnectionError: Can't connect to display ":1": [Errno 2] No such file or directory
[2026-03-20 18:29:50] ==========================================
[2026-03-20 18:29:50] VPN 自动重连系统启动
[2026-03-20 18:29:50] ==========================================
[2026-03-20 18:29:50] DISPLAY: :1
[2026-03-20 18:29:50] 工作目录: /home/tsl/openclaw/vpn-auto/v2
[2026-03-20 18:29:50] 日志文件: /home/tsl/openclaw/vpn-auto/v2/logs/vpn-20260320.log
[2026-03-20 18:29:50] 
[2026-03-20 18:29:50] Python 版本: Python 3.8.10
[2026-03-20 18:29:50] 检查依赖...
[2026-03-20 18:29:50] ✅ 配置文件: /home/tsl/openclaw/vpn-auto/v2/config/config.yaml
[2026-03-20 18:29:50] 
[2026-03-20 18:29:50] 启动 VPN Watchdog...
[2026-03-20 18:29:50] 
Traceback (most recent call last):
  File "/home/tsl/.local/lib/python3.8/site-packages/Xlib/support/unix_connect.py", line 76, in get_socket
    s.connect('/tmp/.X11-unix/X%d' % dno)
FileNotFoundError: [Errno 2] No such file or directory

During handling of the above exception, another exception occurred:

Traceback (most recent call last):
  File "/home/tsl/openclaw/vpn-auto/v2/core/watchdog.py", line 110, in <module>
    main()
  File "/home/tsl/openclaw/vpn-auto/v2/core/watchdog.py", line 105, in main
    watchdog = VPNWatchdog(config_path=args.config)
  File "/home/tsl/openclaw/vpn-auto/v2/core/watchdog.py", line 35, in __init__
    self.orchestrator = ReconnectOrchestrator(self.config)
  File "/home/tsl/openclaw/vpn-auto/v2/core/orchestrator.py", line 33, in __init__
    self.drivers = self._init_drivers()
  File "/home/tsl/openclaw/vpn-auto/v2/core/orchestrator.py", line 54, in _init_drivers
    drivers.append(PyAutoDriver(self.config))
  File "/home/tsl/openclaw/vpn-auto/v2/drivers/pyauto_driver.py", line 25, in __init__
    import pyautogui
  File "/home/tsl/.local/lib/python3.8/site-packages/pyautogui/__init__.py", line 246, in <module>
    import mouseinfo
  File "/home/tsl/.local/lib/python3.8/site-packages/mouseinfo/__init__.py", line 223, in <module>
    _display = Display(os.environ['DISPLAY'])
  File "/home/tsl/.local/lib/python3.8/site-packages/Xlib/display.py", line 80, in __init__
    self.display = _BaseDisplay(display)
  File "/home/tsl/.local/lib/python3.8/site-packages/Xlib/display.py", line 62, in __init__
    display.Display.__init__(*(self, ) + args, **keys)
  File "/home/tsl/.local/lib/python3.8/site-packages/Xlib/protocol/display.py", line 58, in __init__
    self.socket = connect.get_socket(name, host, displayno)
  File "/home/tsl/.local/lib/python3.8/site-packages/Xlib/support/connect.py", line 76, in get_socket
    return mod.get_socket(dname, host, dno)
  File "/home/tsl/.local/lib/python3.8/site-packages/Xlib/support/unix_connect.py", line 78, in get_socket
    raise error.DisplayConnectionError(dname, str(val))
Xlib.error.DisplayConnectionError: Can't connect to display ":1": [Errno 2] No such file or directory
[2026-03-20 18:30:00] ==========================================
[2026-03-20 18:30:00] VPN 自动重连系统启动
[2026-03-20 18:30:00] ==========================================
[2026-03-20 18:30:00] DISPLAY: :1
[2026-03-20 18:30:00] 工作目录: /home/tsl/openclaw/vpn-auto/v2
[2026-03-20 18:30:00] 日志文件: /home/tsl/openclaw/vpn-auto/v2/logs/vpn-20260320.log
[2026-03-20 18:30:00] 
[2026-03-20 18:30:00] Python 版本: Python 3.8.10
[2026-03-20 18:30:00] 检查依赖...
[2026-03-20 18:30:01] ✅ 配置文件: /home/tsl/openclaw/vpn-auto/v2/config/config.yaml
[2026-03-20 18:30:01] 
[2026-03-20 18:30:01] 启动 VPN Watchdog...
[2026-03-20 18:30:01] 
Traceback (most recent call last):
  File "/home/tsl/.local/lib/python3.8/site-packages/Xlib/support/unix_connect.py", line 76, in get_socket
    s.connect('/tmp/.X11-unix/X%d' % dno)
FileNotFoundError: [Errno 2] No such file or directory

During handling of the above exception, another exception occurred:

Traceback (most recent call last):
  File "/home/tsl/openclaw/vpn-auto/v2/core/watchdog.py", line 110, in <module>
    main()
  File "/home/tsl/openclaw/vpn-auto/v2/core/watchdog.py", line 105, in main
    watchdog = VPNWatchdog(config_path=args.config)
  File "/home/tsl/openclaw/vpn-auto/v2/core/watchdog.py", line 35, in __init__
    self.orchestrator = ReconnectOrchestrator(self.config)
  File "/home/tsl/openclaw/vpn-auto/v2/core/orchestrator.py", line 33, in __init__
    self.drivers = self._init_drivers()
  File "/home/tsl/openclaw/vpn-auto/v2/core/orchestrator.py", line 54, in _init_drivers
    drivers.append(PyAutoDriver(self.config))
  File "/home/tsl/openclaw/vpn-auto/v2/drivers/pyauto_driver.py", line 25, in __init__
    import pyautogui
  File "/home/tsl/.local/lib/python3.8/site-packages/pyautogui/__init__.py", line 246, in <module>
    import mouseinfo
  File "/home/tsl/.local/lib/python3.8/site-packages/mouseinfo/__init__.py", line 223, in <module>
    _display = Display(os.environ['DISPLAY'])
  File "/home/tsl/.local/lib/python3.8/site-packages/Xlib/display.py", line 80, in __init__
    self.display = _BaseDisplay(display)
  File "/home/tsl/.local/lib/python3.8/site-packages/Xlib/display.py", line 62, in __init__
    display.Display.__init__(*(self, ) + args, **keys)
  File "/home/tsl/.local/lib/python3.8/site-packages/Xlib/protocol/display.py", line 58, in __init__
    self.socket = connect.get_socket(name, host, displayno)
  File "/home/tsl/.local/lib/python3.8/site-packages/Xlib/support/connect.py", line 76, in get_socket
    return mod.get_socket(dname, host, dno)
  File "/home/tsl/.local/lib/python3.8/site-packages/Xlib/support/unix_connect.py", line 78, in get_socket
    raise error.DisplayConnectionError(dname, str(val))
Xlib.error.DisplayConnectionError: Can't connect to display ":1": [Errno 2] No such file or directory
[2026-03-20 18:30:11] ==========================================
[2026-03-20 18:30:11] VPN 自动重连系统启动
[2026-03-20 18:30:11] ==========================================
[2026-03-20 18:30:11] DISPLAY: :1
[2026-03-20 18:30:11] 工作目录: /home/tsl/openclaw/vpn-auto/v2
[2026-03-20 18:30:11] 日志文件: /home/tsl/openclaw/vpn-auto/v2/logs/vpn-20260320.log
[2026-03-20 18:30:11] 
[2026-03-20 18:30:11] Python 版本: Python 3.8.10
[2026-03-20 18:30:11] 检查依赖...
[2026-03-20 18:30:12] ✅ 配置文件: /home/tsl/openclaw/vpn-auto/v2/config/config.yaml
[2026-03-20 18:30:12] 
[2026-03-20 18:30:12] 启动 VPN Watchdog...
[2026-03-20 18:30:12] 
Traceback (most recent call last):
  File "/home/tsl/.local/lib/python3.8/site-packages/Xlib/support/unix_connect.py", line 76, in get_socket
    s.connect('/tmp/.X11-unix/X%d' % dno)
FileNotFoundError: [Errno 2] No such file or directory

During handling of the above exception, another exception occurred:

Traceback (most recent call last):
  File "/home/tsl/openclaw/vpn-auto/v2/core/watchdog.py", line 110, in <module>
    main()
  File "/home/tsl/openclaw/vpn-auto/v2/core/watchdog.py", line 105, in main
    watchdog = VPNWatchdog(config_path=args.config)
  File "/home/tsl/openclaw/vpn-auto/v2/core/watchdog.py", line 35, in __init__
    self.orchestrator = ReconnectOrchestrator(self.config)
  File "/home/tsl/openclaw/vpn-auto/v2/core/orchestrator.py", line 33, in __init__
    self.drivers = self._init_drivers()
  File "/home/tsl/openclaw/vpn-auto/v2/core/orchestrator.py", line 54, in _init_drivers
    drivers.append(PyAutoDriver(self.config))
  File "/home/tsl/openclaw/vpn-auto/v2/drivers/pyauto_driver.py", line 25, in __init__
    import pyautogui
  File "/home/tsl/.local/lib/python3.8/site-packages/pyautogui/__init__.py", line 246, in <module>
    import mouseinfo
  File "/home/tsl/.local/lib/python3.8/site-packages/mouseinfo/__init__.py", line 223, in <module>
    _display = Display(os.environ['DISPLAY'])
  File "/home/tsl/.local/lib/python3.8/site-packages/Xlib/display.py", line 80, in __init__
    self.display = _BaseDisplay(display)
  File "/home/tsl/.local/lib/python3.8/site-packages/Xlib/display.py", line 62, in __init__
    display.Display.__init__(*(self, ) + args, **keys)
  File "/home/tsl/.local/lib/python3.8/site-packages/Xlib/protocol/display.py", line 58, in __init__
    self.socket = connect.get_socket(name, host, displayno)
  File "/home/tsl/.local/lib/python3.8/site-packages/Xlib/support/connect.py", line 76, in get_socket
    return mod.get_socket(dname, host, dno)
  File "/home/tsl/.local/lib/python3.8/site-packages/Xlib/support/unix_connect.py", line 78, in get_socket
    raise error.DisplayConnectionError(dname, str(val))
Xlib.error.DisplayConnectionError: Can't connect to display ":1": [Errno 2] No such file or directory
[2026-03-20 18:30:22] ==========================================
[2026-03-20 18:30:22] VPN 自动重连系统启动
[2026-03-20 18:30:22] ==========================================
[2026-03-20 18:30:22] DISPLAY: :1
[2026-03-20 18:30:22] 工作目录: /home/tsl/openclaw/vpn-auto/v2
[2026-03-20 18:30:22] 日志文件: /home/tsl/openclaw/vpn-auto/v2/logs/vpn-20260320.log
[2026-03-20 18:30:22] 
[2026-03-20 18:30:22] Python 版本: Python 3.8.10
[2026-03-20 18:30:22] 检查依赖...
[2026-03-20 18:30:22] ✅ 配置文件: /home/tsl/openclaw/vpn-auto/v2/config/config.yaml
[2026-03-20 18:30:22] 
[2026-03-20 18:30:22] 启动 VPN Watchdog...
[2026-03-20 18:30:22] 
Traceback (most recent call last):
  File "/home/tsl/.local/lib/python3.8/site-packages/Xlib/support/unix_connect.py", line 76, in get_socket
    s.connect('/tmp/.X11-unix/X%d' % dno)
FileNotFoundError: [Errno 2] No such file or directory

During handling of the above exception, another exception occurred:

Traceback (most recent call last):
  File "/home/tsl/openclaw/vpn-auto/v2/core/watchdog.py", line 110, in <module>
    main()
  File "/home/tsl/openclaw/vpn-auto/v2/core/watchdog.py", line 105, in main
    watchdog = VPNWatchdog(config_path=args.config)
  File "/home/tsl/openclaw/vpn-auto/v2/core/watchdog.py", line 35, in __init__
    self.orchestrator = ReconnectOrchestrator(self.config)
  File "/home/tsl/openclaw/vpn-auto/v2/core/orchestrator.py", line 33, in __init__
    self.drivers = self._init_drivers()
  File "/home/tsl/openclaw/vpn-auto/v2/core/orchestrator.py", line 54, in _init_drivers
    drivers.append(PyAutoDriver(self.config))
  File "/home/tsl/openclaw/vpn-auto/v2/drivers/pyauto_driver.py", line 25, in __init__
    import pyautogui
  File "/home/tsl/.local/lib/python3.8/site-packages/pyautogui/__init__.py", line 246, in <module>
    import mouseinfo
  File "/home/tsl/.local/lib/python3.8/site-packages/mouseinfo/__init__.py", line 223, in <module>
    _display = Display(os.environ['DISPLAY'])
  File "/home/tsl/.local/lib/python3.8/site-packages/Xlib/display.py", line 80, in __init__
    self.display = _BaseDisplay(display)
  File "/home/tsl/.local/lib/python3.8/site-packages/Xlib/display.py", line 62, in __init__
    display.Display.__init__(*(self, ) + args, **keys)
  File "/home/tsl/.local/lib/python3.8/site-packages/Xlib/protocol/display.py", line 58, in __init__
    self.socket = connect.get_socket(name, host, displayno)
  File "/home/tsl/.local/lib/python3.8/site-packages/Xlib/support/connect.py", line 76, in get_socket
    return mod.get_socket(dname, host, dno)
  File "/home/tsl/.local/lib/python3.8/site-packages/Xlib/support/unix_connect.py", line 78, in get_socket
    raise error.DisplayConnectionError(dname, str(val))
Xlib.error.DisplayConnectionError: Can't connect to display ":1": [Errno 2] No such file or directory
[2026-03-20 18:30:33] ==========================================
[2026-03-20 18:30:33] VPN 自动重连系统启动
[2026-03-20 18:30:33] ==========================================
[2026-03-20 18:30:33] DISPLAY: :1
[2026-03-20 18:30:33] 工作目录: /home/tsl/openclaw/vpn-auto/v2
[2026-03-20 18:30:33] 日志文件: /home/tsl/openclaw/vpn-auto/v2/logs/vpn-20260320.log
[2026-03-20 18:30:33] 
[2026-03-20 18:30:33] Python 版本: Python 3.8.10
[2026-03-20 18:30:33] 检查依赖...
[2026-03-20 18:30:33] ✅ 配置文件: /home/tsl/openclaw/vpn-auto/v2/config/config.yaml
[2026-03-20 18:30:33] 
[2026-03-20 18:30:33] 启动 VPN Watchdog...
[2026-03-20 18:30:33] 
Traceback (most recent call last):
  File "/home/tsl/.local/lib/python3.8/site-packages/Xlib/support/unix_connect.py", line 76, in get_socket
    s.connect('/tmp/.X11-unix/X%d' % dno)
FileNotFoundError: [Errno 2] No such file or directory

During handling of the above exception, another exception occurred:

Traceback (most recent call last):
  File "/home/tsl/openclaw/vpn-auto/v2/core/watchdog.py", line 110, in <module>
    main()
  File "/home/tsl/openclaw/vpn-auto/v2/core/watchdog.py", line 105, in main
    watchdog = VPNWatchdog(config_path=args.config)
  File "/home/tsl/openclaw/vpn-auto/v2/core/watchdog.py", line 35, in __init__
    self.orchestrator = ReconnectOrchestrator(self.config)
  File "/home/tsl/openclaw/vpn-auto/v2/core/orchestrator.py", line 33, in __init__
    self.drivers = self._init_drivers()
  File "/home/tsl/openclaw/vpn-auto/v2/core/orchestrator.py", line 54, in _init_drivers
    drivers.append(PyAutoDriver(self.config))
  File "/home/tsl/openclaw/vpn-auto/v2/drivers/pyauto_driver.py", line 25, in __init__
    import pyautogui
  File "/home/tsl/.local/lib/python3.8/site-packages/pyautogui/__init__.py", line 246, in <module>
    import mouseinfo
  File "/home/tsl/.local/lib/python3.8/site-packages/mouseinfo/__init__.py", line 223, in <module>
    _display = Display(os.environ['DISPLAY'])
  File "/home/tsl/.local/lib/python3.8/site-packages/Xlib/display.py", line 80, in __init__
    self.display = _BaseDisplay(display)
  File "/home/tsl/.local/lib/python3.8/site-packages/Xlib/display.py", line 62, in __init__
    display.Display.__init__(*(self, ) + args, **keys)
  File "/home/tsl/.local/lib/python3.8/site-packages/Xlib/protocol/display.py", line 58, in __init__
    self.socket = connect.get_socket(name, host, displayno)
  File "/home/tsl/.local/lib/python3.8/site-packages/Xlib/support/connect.py", line 76, in get_socket
    return mod.get_socket(dname, host, dno)
  File "/home/tsl/.local/lib/python3.8/site-packages/Xlib/support/unix_connect.py", line 78, in get_socket
    raise error.DisplayConnectionError(dname, str(val))
Xlib.error.DisplayConnectionError: Can't connect to display ":1": [Errno 2] No such file or directory
[2026-03-20 18:30:43] ==========================================
[2026-03-20 18:30:43] VPN 自动重连系统启动
[2026-03-20 18:30:43] ==========================================
[2026-03-20 18:30:43] DISPLAY: :1
[2026-03-20 18:30:43] 工作目录: /home/tsl/openclaw/vpn-auto/v2
[2026-03-20 18:30:43] 日志文件: /home/tsl/openclaw/vpn-auto/v2/logs/vpn-20260320.log
[2026-03-20 18:30:43] 
[2026-03-20 18:30:43] Python 版本: Python 3.8.10
[2026-03-20 18:30:43] 检查依赖...
[2026-03-20 18:30:44] ✅ 配置文件: /home/tsl/openclaw/vpn-auto/v2/config/config.yaml
[2026-03-20 18:30:44] 
[2026-03-20 18:30:44] 启动 VPN Watchdog...
[2026-03-20 18:30:44] 
Traceback (most recent call last):
  File "/home/tsl/.local/lib/python3.8/site-packages/Xlib/support/unix_connect.py", line 76, in get_socket
    s.connect('/tmp/.X11-unix/X%d' % dno)
FileNotFoundError: [Errno 2] No such file or directory

During handling of the above exception, another exception occurred:

Traceback (most recent call last):
  File "/home/tsl/openclaw/vpn-auto/v2/core/watchdog.py", line 110, in <module>
    main()
  File "/home/tsl/openclaw/vpn-auto/v2/core/watchdog.py", line 105, in main
    watchdog = VPNWatchdog(config_path=args.config)
  File "/home/tsl/openclaw/vpn-auto/v2/core/watchdog.py", line 35, in __init__
    self.orchestrator = ReconnectOrchestrator(self.config)
  File "/home/tsl/openclaw/vpn-auto/v2/core/orchestrator.py", line 33, in __init__
    self.drivers = self._init_drivers()
  File "/home/tsl/openclaw/vpn-auto/v2/core/orchestrator.py", line 54, in _init_drivers
    drivers.append(PyAutoDriver(self.config))
  File "/home/tsl/openclaw/vpn-auto/v2/drivers/pyauto_driver.py", line 25, in __init__
    import pyautogui
  File "/home/tsl/.local/lib/python3.8/site-packages/pyautogui/__init__.py", line 246, in <module>
    import mouseinfo
  File "/home/tsl/.local/lib/python3.8/site-packages/mouseinfo/__init__.py", line 223, in <module>
    _display = Display(os.environ['DISPLAY'])
  File "/home/tsl/.local/lib/python3.8/site-packages/Xlib/display.py", line 80, in __init__
    self.display = _BaseDisplay(display)
  File "/home/tsl/.local/lib/python3.8/site-packages/Xlib/display.py", line 62, in __init__
    display.Display.__init__(*(self, ) + args, **keys)
  File "/home/tsl/.local/lib/python3.8/site-packages/Xlib/protocol/display.py", line 58, in __init__
    self.socket = connect.get_socket(name, host, displayno)
  File "/home/tsl/.local/lib/python3.8/site-packages/Xlib/support/connect.py", line 76, in get_socket
    return mod.get_socket(dname, host, dno)
  File "/home/tsl/.local/lib/python3.8/site-packages/Xlib/support/unix_connect.py", line 78, in get_socket
    raise error.DisplayConnectionError(dname, str(val))
Xlib.error.DisplayConnectionError: Can't connect to display ":1": [Errno 2] No such file or directory
[2026-03-20 18:30:54] ==========================================
[2026-03-20 18:30:54] VPN 自动重连系统启动
[2026-03-20 18:30:54] ==========================================
[2026-03-20 18:30:54] DISPLAY: :1
[2026-03-20 18:30:54] 工作目录: /home/tsl/openclaw/vpn-auto/v2
[2026-03-20 18:30:54] 日志文件: /home/tsl/openclaw/vpn-auto/v2/logs/vpn-20260320.log
[2026-03-20 18:30:54] 
[2026-03-20 18:30:54] Python 版本: Python 3.8.10
[2026-03-20 18:30:54] 检查依赖...
[2026-03-20 18:30:54] ✅ 配置文件: /home/tsl/openclaw/vpn-auto/v2/config/config.yaml
[2026-03-20 18:30:54] 
[2026-03-20 18:30:54] 启动 VPN Watchdog...
[2026-03-20 18:30:54] 
Traceback (most recent call last):
  File "/home/tsl/.local/lib/python3.8/site-packages/Xlib/support/unix_connect.py", line 76, in get_socket
    s.connect('/tmp/.X11-unix/X%d' % dno)
FileNotFoundError: [Errno 2] No such file or directory

During handling of the above exception, another exception occurred:

Traceback (most recent call last):
  File "/home/tsl/openclaw/vpn-auto/v2/core/watchdog.py", line 110, in <module>
    main()
  File "/home/tsl/openclaw/vpn-auto/v2/core/watchdog.py", line 105, in main
    watchdog = VPNWatchdog(config_path=args.config)
  File "/home/tsl/openclaw/vpn-auto/v2/core/watchdog.py", line 35, in __init__
    self.orchestrator = ReconnectOrchestrator(self.config)
  File "/home/tsl/openclaw/vpn-auto/v2/core/orchestrator.py", line 33, in __init__
    self.drivers = self._init_drivers()
  File "/home/tsl/openclaw/vpn-auto/v2/core/orchestrator.py", line 54, in _init_drivers
    drivers.append(PyAutoDriver(self.config))
  File "/home/tsl/openclaw/vpn-auto/v2/drivers/pyauto_driver.py", line 25, in __init__
    import pyautogui
  File "/home/tsl/.local/lib/python3.8/site-packages/pyautogui/__init__.py", line 246, in <module>
    import mouseinfo
  File "/home/tsl/.local/lib/python3.8/site-packages/mouseinfo/__init__.py", line 223, in <module>
    _display = Display(os.environ['DISPLAY'])
  File "/home/tsl/.local/lib/python3.8/site-packages/Xlib/display.py", line 80, in __init__
    self.display = _BaseDisplay(display)
  File "/home/tsl/.local/lib/python3.8/site-packages/Xlib/display.py", line 62, in __init__
    display.Display.__init__(*(self, ) + args, **keys)
  File "/home/tsl/.local/lib/python3.8/site-packages/Xlib/protocol/display.py", line 58, in __init__
    self.socket = connect.get_socket(name, host, displayno)
  File "/home/tsl/.local/lib/python3.8/site-packages/Xlib/support/connect.py", line 76, in get_socket
    return mod.get_socket(dname, host, dno)
  File "/home/tsl/.local/lib/python3.8/site-packages/Xlib/support/unix_connect.py", line 78, in get_socket
    raise error.DisplayConnectionError(dname, str(val))
Xlib.error.DisplayConnectionError: Can't connect to display ":1": [Errno 2] No such file or directory
[2026-03-20 18:31:05] ==========================================
[2026-03-20 18:31:05] VPN 自动重连系统启动
[2026-03-20 18:31:05] ==========================================
[2026-03-20 18:31:05] DISPLAY: :1
[2026-03-20 18:31:05] 工作目录: /home/tsl/openclaw/vpn-auto/v2
[2026-03-20 18:31:05] 日志文件: /home/tsl/openclaw/vpn-auto/v2/logs/vpn-20260320.log
[2026-03-20 18:31:05] 
[2026-03-20 18:31:05] Python 版本: Python 3.8.10
[2026-03-20 18:31:05] 检查依赖...
[2026-03-20 18:31:06] ✅ 配置文件: /home/tsl/openclaw/vpn-auto/v2/config/config.yaml
[2026-03-20 18:31:06] 
[2026-03-20 18:31:06] 启动 VPN Watchdog...
[2026-03-20 18:31:06] 
Traceback (most recent call last):
  File "/home/tsl/.local/lib/python3.8/site-packages/Xlib/support/unix_connect.py", line 76, in get_socket
    s.connect('/tmp/.X11-unix/X%d' % dno)
FileNotFoundError: [Errno 2] No such file or directory

During handling of the above exception, another exception occurred:

Traceback (most recent call last):
  File "/home/tsl/openclaw/vpn-auto/v2/core/watchdog.py", line 110, in <module>
    main()
  File "/home/tsl/openclaw/vpn-auto/v2/core/watchdog.py", line 105, in main
    watchdog = VPNWatchdog(config_path=args.config)
  File "/home/tsl/openclaw/vpn-auto/v2/core/watchdog.py", line 35, in __init__
    self.orchestrator = ReconnectOrchestrator(self.config)
  File "/home/tsl/openclaw/vpn-auto/v2/core/orchestrator.py", line 33, in __init__
    self.drivers = self._init_drivers()
  File "/home/tsl/openclaw/vpn-auto/v2/core/orchestrator.py", line 54, in _init_drivers
    drivers.append(PyAutoDriver(self.config))
  File "/home/tsl/openclaw/vpn-auto/v2/drivers/pyauto_driver.py", line 25, in __init__
    import pyautogui
  File "/home/tsl/.local/lib/python3.8/site-packages/pyautogui/__init__.py", line 246, in <module>
    import mouseinfo
  File "/home/tsl/.local/lib/python3.8/site-packages/mouseinfo/__init__.py", line 223, in <module>
    _display = Display(os.environ['DISPLAY'])
  File "/home/tsl/.local/lib/python3.8/site-packages/Xlib/display.py", line 80, in __init__
    self.display = _BaseDisplay(display)
  File "/home/tsl/.local/lib/python3.8/site-packages/Xlib/display.py", line 62, in __init__
    display.Display.__init__(*(self, ) + args, **keys)
  File "/home/tsl/.local/lib/python3.8/site-packages/Xlib/protocol/display.py", line 58, in __init__
    self.socket = connect.get_socket(name, host, displayno)
  File "/home/tsl/.local/lib/python3.8/site-packages/Xlib/support/connect.py", line 76, in get_socket
    return mod.get_socket(dname, host, dno)
  File "/home/tsl/.local/lib/python3.8/site-packages/Xlib/support/unix_connect.py", line 78, in get_socket
    raise error.DisplayConnectionError(dname, str(val))
Xlib.error.DisplayConnectionError: Can't connect to display ":1": [Errno 2] No such file or directory
[2026-03-20 18:31:16] ==========================================
[2026-03-20 18:31:16] VPN 自动重连系统启动
[2026-03-20 18:31:16] ==========================================
[2026-03-20 18:31:16] DISPLAY: :1
[2026-03-20 18:31:16] 工作目录: /home/tsl/openclaw/vpn-auto/v2
[2026-03-20 18:31:16] 日志文件: /home/tsl/openclaw/vpn-auto/v2/logs/vpn-20260320.log
[2026-03-20 18:31:16] 
[2026-03-20 18:31:16] Python 版本: Python 3.8.10
[2026-03-20 18:31:16] 检查依赖...
[2026-03-20 18:31:17] ✅ 配置文件: /home/tsl/openclaw/vpn-auto/v2/config/config.yaml
[2026-03-20 18:31:17] 
[2026-03-20 18:31:17] 启动 VPN Watchdog...
[2026-03-20 18:31:17] 
[2026-03-20 18:31:17] [INFO] PyAutoGUI 驱动已加载
[2026-03-20 18:31:17] [INFO] OpenCV 驱动已加载
[2026-03-20 18:31:17] [INFO] 飞书通知已启用，目标用户: ou_b3afb7d2133e4d689be523fc48f3d2b3
[2026-03-20 18:31:17] [INFO] 已加载 2 个驱动
[2026-03-20 18:31:17] [INFO] VPN Watchdog 已启动
[2026-03-20 18:31:17] [INFO] 检测间隔: 60 秒
[2026-03-20 18:31:17] [INFO] 最大失败次数: 3
[2026-03-20 18:31:17] [WARNING] ⚠️  VPN 断开 (失败次数: 1/3)
[2026-03-20 18:32:17] [WARNING] ⚠️  VPN 断开 (失败次数: 2/3)
[2026-03-20 18:33:18] [INFO] ✅ VPN 已恢复连接
