[2026-03-16 14:29:48] ==========================================
[2026-03-16 14:29:48] VPN 自动重连系统启动
[2026-03-16 14:29:48] ==========================================
[2026-03-16 14:29:48] DISPLAY: :1
[2026-03-16 14:29:48] 工作目录: /home/tsl/openclaw/vpn-auto/v2
[2026-03-16 14:29:48] 日志文件: /home/tsl/openclaw/vpn-auto/v2/logs/vpn-20260316.log
[2026-03-16 14:29:48] 
[2026-03-16 14:29:48] Python 版本: Python 3.8.10
[2026-03-16 14:29:48] 检查依赖...
[2026-03-16 14:29:49] ✅ 配置文件: /home/tsl/openclaw/vpn-auto/v2/config/config.yaml
[2026-03-16 14:29:49] 
[2026-03-16 14:29:49] 启动 VPN Watchdog...
[2026-03-16 14:29:49] 
Traceback (most recent call last):
  File "/home/tsl/.local/lib/python3.8/site-packages/Xlib/support/unix_connect.py", line 76, in get_socket
    s.connect('/tmp/.X11-unix/X%d' % dno)
FileNotFoundError: [Errno 2] No such file or directory

During handling of the above exception, another exception occurred:

Traceback (most recent call last):
  File "/home/tsl/openclaw/vpn-auto/v2/core/watchdog.py", line 110, in <module>
    main()
  File "/home/tsl/openclaw/vpn-auto/v2/core/watchdog.py", line 105, in main
    watchdog = VPNWatchdog(config_path=args.config)
  File "/home/tsl/openclaw/vpn-auto/v2/core/watchdog.py", line 35, in __init__
    self.orchestrator = ReconnectOrchestrator(self.config)
  File "/home/tsl/openclaw/vpn-auto/v2/core/orchestrator.py", line 33, in __init__
    self.drivers = self._init_drivers()
  File "/home/tsl/openclaw/vpn-auto/v2/core/orchestrator.py", line 54, in _init_drivers
    drivers.append(PyAutoDriver(self.config))
  File "/home/tsl/openclaw/vpn-auto/v2/drivers/pyauto_driver.py", line 25, in __init__
    import pyautogui
  File "/home/tsl/.local/lib/python3.8/site-packages/pyautogui/__init__.py", line 246, in <module>
    import mouseinfo
  File "/home/tsl/.local/lib/python3.8/site-packages/mouseinfo/__init__.py", line 223, in <module>
    _display = Display(os.environ['DISPLAY'])
  File "/home/tsl/.local/lib/python3.8/site-packages/Xlib/display.py", line 80, in __init__
    self.display = _BaseDisplay(display)
  File "/home/tsl/.local/lib/python3.8/site-packages/Xlib/display.py", line 62, in __init__
    display.Display.__init__(*(self, ) + args, **keys)
  File "/home/tsl/.local/lib/python3.8/site-packages/Xlib/protocol/display.py", line 58, in __init__
    self.socket = connect.get_socket(name, host, displayno)
  File "/home/tsl/.local/lib/python3.8/site-packages/Xlib/support/connect.py", line 76, in get_socket
    return mod.get_socket(dname, host, dno)
  File "/home/tsl/.local/lib/python3.8/site-packages/Xlib/support/unix_connect.py", line 78, in get_socket
    raise error.DisplayConnectionError(dname, str(val))
Xlib.error.DisplayConnectionError: Can't connect to display ":1": [Errno 2] No such file or directory
[2026-03-16 14:30:00] ==========================================
[2026-03-16 14:30:00] VPN 自动重连系统启动
[2026-03-16 14:30:00] ==========================================
[2026-03-16 14:30:00] DISPLAY: :1
[2026-03-16 14:30:00] 工作目录: /home/tsl/openclaw/vpn-auto/v2
[2026-03-16 14:30:00] 日志文件: /home/tsl/openclaw/vpn-auto/v2/logs/vpn-20260316.log
[2026-03-16 14:30:00] 
[2026-03-16 14:30:00] Python 版本: Python 3.8.10
[2026-03-16 14:30:00] 检查依赖...
[2026-03-16 14:30:00] ✅ 配置文件: /home/tsl/openclaw/vpn-auto/v2/config/config.yaml
[2026-03-16 14:30:00] 
[2026-03-16 14:30:00] 启动 VPN Watchdog...
[2026-03-16 14:30:00] 
Traceback (most recent call last):
  File "/home/tsl/.local/lib/python3.8/site-packages/Xlib/support/unix_connect.py", line 76, in get_socket
    s.connect('/tmp/.X11-unix/X%d' % dno)
FileNotFoundError: [Errno 2] No such file or directory

During handling of the above exception, another exception occurred:

Traceback (most recent call last):
  File "/home/tsl/openclaw/vpn-auto/v2/core/watchdog.py", line 110, in <module>
    main()
  File "/home/tsl/openclaw/vpn-auto/v2/core/watchdog.py", line 105, in main
    watchdog = VPNWatchdog(config_path=args.config)
  File "/home/tsl/openclaw/vpn-auto/v2/core/watchdog.py", line 35, in __init__
    self.orchestrator = ReconnectOrchestrator(self.config)
  File "/home/tsl/openclaw/vpn-auto/v2/core/orchestrator.py", line 33, in __init__
    self.drivers = self._init_drivers()
  File "/home/tsl/openclaw/vpn-auto/v2/core/orchestrator.py", line 54, in _init_drivers
    drivers.append(PyAutoDriver(self.config))
  File "/home/tsl/openclaw/vpn-auto/v2/drivers/pyauto_driver.py", line 25, in __init__
    import pyautogui
  File "/home/tsl/.local/lib/python3.8/site-packages/pyautogui/__init__.py", line 246, in <module>
    import mouseinfo
  File "/home/tsl/.local/lib/python3.8/site-packages/mouseinfo/__init__.py", line 223, in <module>
    _display = Display(os.environ['DISPLAY'])
  File "/home/tsl/.local/lib/python3.8/site-packages/Xlib/display.py", line 80, in __init__
    self.display = _BaseDisplay(display)
  File "/home/tsl/.local/lib/python3.8/site-packages/Xlib/display.py", line 62, in __init__
    display.Display.__init__(*(self, ) + args, **keys)
  File "/home/tsl/.local/lib/python3.8/site-packages/Xlib/protocol/display.py", line 58, in __init__
    self.socket = connect.get_socket(name, host, displayno)
  File "/home/tsl/.local/lib/python3.8/site-packages/Xlib/support/connect.py", line 76, in get_socket
    return mod.get_socket(dname, host, dno)
  File "/home/tsl/.local/lib/python3.8/site-packages/Xlib/support/unix_connect.py", line 78, in get_socket
    raise error.DisplayConnectionError(dname, str(val))
Xlib.error.DisplayConnectionError: Can't connect to display ":1": [Errno 2] No such file or directory
[2026-03-16 14:30:11] ==========================================
[2026-03-16 14:30:11] VPN 自动重连系统启动
[2026-03-16 14:30:11] ==========================================
[2026-03-16 14:30:11] DISPLAY: :1
[2026-03-16 14:30:11] 工作目录: /home/tsl/openclaw/vpn-auto/v2
[2026-03-16 14:30:11] 日志文件: /home/tsl/openclaw/vpn-auto/v2/logs/vpn-20260316.log
[2026-03-16 14:30:11] 
[2026-03-16 14:30:11] Python 版本: Python 3.8.10
[2026-03-16 14:30:11] 检查依赖...
[2026-03-16 14:30:11] ✅ 配置文件: /home/tsl/openclaw/vpn-auto/v2/config/config.yaml
[2026-03-16 14:30:11] 
[2026-03-16 14:30:11] 启动 VPN Watchdog...
[2026-03-16 14:30:11] 
[2026-03-16 14:30:11] [INFO] PyAutoGUI 驱动已加载
[2026-03-16 14:30:11] [INFO] OpenCV 驱动已加载
[2026-03-16 14:30:11] [INFO] 飞书通知已启用，目标用户: ou_b3afb7d2133e4d689be523fc48f3d2b3
[2026-03-16 14:30:11] [INFO] 已加载 2 个驱动
[2026-03-16 14:30:11] [INFO] VPN Watchdog 已启动
[2026-03-16 14:30:11] [INFO] 检测间隔: 60 秒
[2026-03-16 14:30:11] [INFO] 最大失败次数: 3
[2026-03-16 14:30:12] [WARNING] ⚠️  VPN 断开 (失败次数: 1/3)
[2026-03-16 14:31:12] [WARNING] ⚠️  VPN 断开 (失败次数: 2/3)
[2026-03-16 14:32:12] [WARNING] ⚠️  VPN 断开 (失败次数: 3/3)
[2026-03-16 14:32:12] [ERROR] ❌ VPN 连续失败 3 次，触发重连
[2026-03-16 14:32:12] [INFO] ============================================================
[2026-03-16 14:32:12] [INFO] 开始 VPN 重连流程
[2026-03-16 14:32:12] [INFO] ============================================================
[2026-03-16 14:32:12] [INFO] 停止 FortiClient 进程...
[2026-03-16 14:32:12] [WARNING] ⚠️  sudo 返回码 -9，尝试不使用 sudo...
[2026-03-16 14:32:14] [INFO] ✅ FortiClient 进程已停止
[2026-03-16 14:32:14] [INFO] 将光标移动到屏幕中央 (960, 540)...
[2026-03-16 14:32:14] [INFO] 启动 FortiClient...
[2026-03-16 14:32:14] [INFO] 点击左边栏图标 (40, 200)...
[2026-03-16 14:32:16] [INFO] ✅ 已触发 FortiClient 启动
[2026-03-16 14:32:16] [INFO] 等待 FortiClient 窗口出现（最多 30 秒）...
[2026-03-16 14:32:16] [INFO] ✅ 窗口已出现（等待 1 秒）
[2026-03-16 14:32:16] [INFO] 等待 GUI 加载 (15 秒)...
[2026-03-16 14:32:31] [INFO] 尝试点击连接按钮...
[2026-03-16 14:32:31] [INFO] 尝试驱动: PyAutoDriver
[2026-03-16 14:32:31] [INFO] 使用 PyAutoGUI 查找按钮...
[2026-03-16 14:32:32] [INFO] 找到按钮: Point(x=992, y=722)
[2026-03-16 14:32:32] [INFO] ✅ PyAutoGUI 点击成功
[2026-03-16 14:32:32] [INFO] ✅ PyAutoDriver 成功
[2026-03-16 14:32:32] [INFO] 等待 VPN 连接（最多 60 秒，每 10 秒检查一次）...
[2026-03-16 14:32:42] [INFO] 检查 VPN 状态（第 1/6 次）...
[2026-03-16 14:32:42] [INFO] ✅ VPN 已连接（FortiClient 状态），耗时 10 秒
[2026-03-16 14:32:42] [INFO] ============================================================
[2026-03-16 14:32:42] [INFO] ✅ VPN 重连成功
[2026-03-16 14:32:42] [INFO] ============================================================
[2026-03-16 17:05:58] [WARNING] ⚠️  VPN 断开 (失败次数: 1/3)
[2026-03-16 17:07:08] [INFO] ✅ VPN 已恢复连接
[2026-03-16 21:04:02] [WARNING] ⚠️  VPN 断开 (失败次数: 1/3)
[2026-03-16 21:05:02] [WARNING] ⚠️  VPN 断开 (失败次数: 2/3)
[2026-03-16 21:06:02] [WARNING] ⚠️  VPN 断开 (失败次数: 3/3)
[2026-03-16 21:06:02] [ERROR] ❌ VPN 连续失败 3 次，触发重连
[2026-03-16 21:06:02] [INFO] ============================================================
[2026-03-16 21:06:02] [INFO] 开始 VPN 重连流程
[2026-03-16 21:06:02] [INFO] ============================================================
[2026-03-16 21:06:02] [INFO] 停止 FortiClient 进程...
[2026-03-16 21:06:02] [WARNING] ⚠️  sudo 返回码 -9，尝试不使用 sudo...
[2026-03-16 21:06:04] [INFO] ✅ FortiClient 进程已停止
[2026-03-16 21:06:04] [INFO] 将光标移动到屏幕中央 (960, 540)...
[2026-03-16 21:06:04] [INFO] 启动 FortiClient...
[2026-03-16 21:06:04] [INFO] 点击左边栏图标 (40, 200)...
[2026-03-16 21:06:07] [INFO] ✅ 已触发 FortiClient 启动
[2026-03-16 21:06:07] [INFO] 等待 FortiClient 窗口出现（最多 30 秒）...
[2026-03-16 21:06:07] [INFO] ✅ 窗口已出现（等待 1 秒）
[2026-03-16 21:06:07] [INFO] 等待 GUI 加载 (15 秒)...
[2026-03-16 21:06:22] [INFO] 尝试点击连接按钮...
[2026-03-16 21:06:22] [INFO] 尝试驱动: PyAutoDriver
[2026-03-16 21:06:22] [INFO] 使用 PyAutoGUI 查找按钮...
[2026-03-16 21:06:22] [ERROR] PyAutoGUI 驱动异常: 
[2026-03-16 21:06:22] [WARNING] ⚠️  PyAutoDriver 失败
[2026-03-16 21:06:22] [INFO] 尝试驱动: VisionDriver
[2026-03-16 21:06:22] [INFO] 使用 OpenCV 查找按钮...
[2026-03-16 21:06:22] [WARNING] 未找到按钮
[2026-03-16 21:06:22] [WARNING] ⚠️  VisionDriver 失败
[2026-03-16 21:06:22] [ERROR] 所有驱动都失败了
[2026-03-16 21:06:22] [ERROR] 点击连接按钮失败
[2026-03-16 21:06:22] [ERROR] ============================================================
[2026-03-16 21:06:22] [ERROR] ❌ VPN 重连失败
[2026-03-16 21:06:22] [ERROR] ============================================================
[2026-03-16 21:07:22] [WARNING] ⚠️  VPN 断开 (失败次数: 4/3)
[2026-03-16 21:07:22] [ERROR] ❌ VPN 连续失败 4 次，触发重连
[2026-03-16 21:07:22] [INFO] ============================================================
[2026-03-16 21:07:22] [INFO] 开始 VPN 重连流程
[2026-03-16 21:07:22] [INFO] ============================================================
[2026-03-16 21:07:22] [INFO] 停止 FortiClient 进程...
[2026-03-16 21:07:23] [WARNING] ⚠️  sudo 返回码 -9，尝试不使用 sudo...
[2026-03-16 21:07:25] [INFO] ✅ FortiClient 进程已停止
[2026-03-16 21:07:25] [INFO] 将光标移动到屏幕中央 (960, 540)...
[2026-03-16 21:07:25] [INFO] 启动 FortiClient...
[2026-03-16 21:07:25] [INFO] 点击左边栏图标 (40, 200)...
[2026-03-16 21:07:27] [INFO] ✅ 已触发 FortiClient 启动
[2026-03-16 21:07:27] [INFO] 等待 FortiClient 窗口出现（最多 30 秒）...
[2026-03-16 21:07:27] [INFO] ✅ 窗口已出现（等待 1 秒）
[2026-03-16 21:07:27] [INFO] 等待 GUI 加载 (15 秒)...
[2026-03-16 21:07:42] [INFO] 尝试点击连接按钮...
[2026-03-16 21:07:42] [INFO] 尝试驱动: PyAutoDriver
[2026-03-16 21:07:42] [INFO] 使用 PyAutoGUI 查找按钮...
[2026-03-16 21:07:42] [ERROR] PyAutoGUI 驱动异常: 
[2026-03-16 21:07:42] [WARNING] ⚠️  PyAutoDriver 失败
[2026-03-16 21:07:42] [INFO] 尝试驱动: VisionDriver
[2026-03-16 21:07:42] [INFO] 使用 OpenCV 查找按钮...
[2026-03-16 21:07:43] [WARNING] 未找到按钮
[2026-03-16 21:07:43] [WARNING] ⚠️  VisionDriver 失败
[2026-03-16 21:07:43] [ERROR] 所有驱动都失败了
[2026-03-16 21:07:43] [ERROR] 点击连接按钮失败
[2026-03-16 21:07:43] [ERROR] ============================================================
[2026-03-16 21:07:43] [ERROR] ❌ VPN 重连失败
[2026-03-16 21:07:43] [ERROR] ============================================================
[2026-03-16 21:08:43] [WARNING] ⚠️  VPN 断开 (失败次数: 5/3)
[2026-03-16 21:08:43] [ERROR] ❌ VPN 连续失败 5 次，触发重连
[2026-03-16 21:08:43] [INFO] ============================================================
[2026-03-16 21:08:43] [INFO] 开始 VPN 重连流程
[2026-03-16 21:08:43] [INFO] ============================================================
[2026-03-16 21:08:43] [INFO] 停止 FortiClient 进程...
[2026-03-16 21:08:43] [WARNING] ⚠️  sudo 返回码 -9，尝试不使用 sudo...
[2026-03-16 21:08:45] [INFO] ✅ FortiClient 进程已停止
[2026-03-16 21:08:45] [INFO] 将光标移动到屏幕中央 (960, 540)...
[2026-03-16 21:08:45] [INFO] 启动 FortiClient...
[2026-03-16 21:08:45] [INFO] 点击左边栏图标 (40, 200)...
[2026-03-16 21:08:47] [INFO] ✅ 已触发 FortiClient 启动
[2026-03-16 21:08:47] [INFO] 等待 FortiClient 窗口出现（最多 30 秒）...
[2026-03-16 21:08:47] [INFO] ✅ 窗口已出现（等待 1 秒）
[2026-03-16 21:08:47] [INFO] 等待 GUI 加载 (15 秒)...
[2026-03-16 21:09:02] [INFO] 尝试点击连接按钮...
[2026-03-16 21:09:02] [INFO] 尝试驱动: PyAutoDriver
[2026-03-16 21:09:02] [INFO] 使用 PyAutoGUI 查找按钮...
[2026-03-16 21:09:02] [INFO] 找到按钮: Point(x=992, y=722)
[2026-03-16 21:09:03] [INFO] ✅ PyAutoGUI 点击成功
[2026-03-16 21:09:03] [INFO] ✅ PyAutoDriver 成功
[2026-03-16 21:09:03] [INFO] 等待 VPN 连接（最多 60 秒，每 10 秒检查一次）...
[2026-03-16 21:09:13] [INFO] 检查 VPN 状态（第 1/6 次）...
[2026-03-16 21:09:13] [INFO] ✅ VPN 已连接（FortiClient 状态），耗时 10 秒
[2026-03-16 21:09:13] [INFO] ============================================================
[2026-03-16 21:09:13] [INFO] ✅ VPN 重连成功
[2026-03-16 21:09:13] [INFO] ============================================================
