[2026-03-18 16:52:26] ==========================================
[2026-03-18 16:52:26] VPN 自动重连系统启动
[2026-03-18 16:52:26] ==========================================
[2026-03-18 16:52:26] DISPLAY: :1
[2026-03-18 16:52:26] 工作目录: /home/tsl/openclaw/vpn-auto/v2
[2026-03-18 16:52:26] 日志文件: /home/tsl/openclaw/vpn-auto/v2/logs/vpn-20260318.log
[2026-03-18 16:52:26] 
[2026-03-18 16:52:26] Python 版本: Python 3.8.10
[2026-03-18 16:52:26] 检查依赖...
[2026-03-18 16:52:27] ✅ 配置文件: /home/tsl/openclaw/vpn-auto/v2/config/config.yaml
[2026-03-18 16:52:27] 
[2026-03-18 16:52:27] 启动 VPN Watchdog...
[2026-03-18 16:52:27] 
[2026-03-18 16:52:27] [INFO] PyAutoGUI 驱动已加载
[2026-03-18 16:52:27] [INFO] OpenCV 驱动已加载
[2026-03-18 16:52:27] [INFO] 飞书通知已启用，目标用户: ou_b3afb7d2133e4d689be523fc48f3d2b3
[2026-03-18 16:52:27] [INFO] 已加载 2 个驱动
[2026-03-18 16:52:27] [INFO] VPN Watchdog 已启动
[2026-03-18 16:52:27] [INFO] 检测间隔: 60 秒
[2026-03-18 16:52:27] [INFO] 最大失败次数: 3
[2026-03-18 18:46:56] [ERROR] 检查 VPN 接口失败: Command '['forticlient', 'vpn', 'status']' timed out after 5 seconds
[2026-03-18 18:47:00] [WARNING] ⚠️  VPN 断开 (失败次数: 1/3)
[2026-03-18 18:48:49] [ERROR] 检查 VPN 接口失败: Command '['forticlient', 'vpn', 'status']' timed out after 5 seconds
[2026-03-18 18:49:09] [WARNING] ⚠️  VPN 断开 (失败次数: 2/3)
[2026-03-18 18:50:32] ==========================================
[2026-03-18 18:50:32] VPN 自动重连系统启动
[2026-03-18 18:50:32] ==========================================
[2026-03-18 18:50:32] DISPLAY: :1
[2026-03-18 18:50:32] 工作目录: /home/tsl/openclaw/vpn-auto/v2
[2026-03-18 18:50:32] 日志文件: /home/tsl/openclaw/vpn-auto/v2/logs/vpn-20260318.log
[2026-03-18 18:50:32] 
[2026-03-18 18:50:32] Python 版本: Python 3.8.10
[2026-03-18 18:50:32] 检查依赖...
[2026-03-18 18:50:33] ✅ 配置文件: /home/tsl/openclaw/vpn-auto/v2/config/config.yaml
[2026-03-18 18:50:33] 
[2026-03-18 18:50:33] 启动 VPN Watchdog...
[2026-03-18 18:50:33] 
Traceback (most recent call last):
  File "/home/tsl/.local/lib/python3.8/site-packages/Xlib/support/unix_connect.py", line 76, in get_socket
    s.connect('/tmp/.X11-unix/X%d' % dno)
FileNotFoundError: [Errno 2] No such file or directory

During handling of the above exception, another exception occurred:

Traceback (most recent call last):
  File "/home/tsl/openclaw/vpn-auto/v2/core/watchdog.py", line 110, in <module>
    main()
  File "/home/tsl/openclaw/vpn-auto/v2/core/watchdog.py", line 105, in main
    watchdog = VPNWatchdog(config_path=args.config)
  File "/home/tsl/openclaw/vpn-auto/v2/core/watchdog.py", line 35, in __init__
    self.orchestrator = ReconnectOrchestrator(self.config)
  File "/home/tsl/openclaw/vpn-auto/v2/core/orchestrator.py", line 33, in __init__
    self.drivers = self._init_drivers()
  File "/home/tsl/openclaw/vpn-auto/v2/core/orchestrator.py", line 54, in _init_drivers
    drivers.append(PyAutoDriver(self.config))
  File "/home/tsl/openclaw/vpn-auto/v2/drivers/pyauto_driver.py", line 25, in __init__
    import pyautogui
  File "/home/tsl/.local/lib/python3.8/site-packages/pyautogui/__init__.py", line 246, in <module>
    import mouseinfo
  File "/home/tsl/.local/lib/python3.8/site-packages/mouseinfo/__init__.py", line 223, in <module>
    _display = Display(os.environ['DISPLAY'])
  File "/home/tsl/.local/lib/python3.8/site-packages/Xlib/display.py", line 80, in __init__
    self.display = _BaseDisplay(display)
  File "/home/tsl/.local/lib/python3.8/site-packages/Xlib/display.py", line 62, in __init__
    display.Display.__init__(*(self, ) + args, **keys)
  File "/home/tsl/.local/lib/python3.8/site-packages/Xlib/protocol/display.py", line 58, in __init__
    self.socket = connect.get_socket(name, host, displayno)
  File "/home/tsl/.local/lib/python3.8/site-packages/Xlib/support/connect.py", line 76, in get_socket
    return mod.get_socket(dname, host, dno)
  File "/home/tsl/.local/lib/python3.8/site-packages/Xlib/support/unix_connect.py", line 78, in get_socket
    raise error.DisplayConnectionError(dname, str(val))
Xlib.error.DisplayConnectionError: Can't connect to display ":1": [Errno 2] No such file or directory
[2026-03-18 18:50:44] ==========================================
[2026-03-18 18:50:44] VPN 自动重连系统启动
[2026-03-18 18:50:44] ==========================================
[2026-03-18 18:50:44] DISPLAY: :1
[2026-03-18 18:50:44] 工作目录: /home/tsl/openclaw/vpn-auto/v2
[2026-03-18 18:50:44] 日志文件: /home/tsl/openclaw/vpn-auto/v2/logs/vpn-20260318.log
[2026-03-18 18:50:44] 
[2026-03-18 18:50:44] Python 版本: Python 3.8.10
[2026-03-18 18:50:44] 检查依赖...
[2026-03-18 18:50:44] ✅ 配置文件: /home/tsl/openclaw/vpn-auto/v2/config/config.yaml
[2026-03-18 18:50:44] 
[2026-03-18 18:50:44] 启动 VPN Watchdog...
[2026-03-18 18:50:44] 
Traceback (most recent call last):
  File "/home/tsl/.local/lib/python3.8/site-packages/Xlib/support/unix_connect.py", line 76, in get_socket
    s.connect('/tmp/.X11-unix/X%d' % dno)
FileNotFoundError: [Errno 2] No such file or directory

During handling of the above exception, another exception occurred:

Traceback (most recent call last):
  File "/home/tsl/openclaw/vpn-auto/v2/core/watchdog.py", line 110, in <module>
    main()
  File "/home/tsl/openclaw/vpn-auto/v2/core/watchdog.py", line 105, in main
    watchdog = VPNWatchdog(config_path=args.config)
  File "/home/tsl/openclaw/vpn-auto/v2/core/watchdog.py", line 35, in __init__
    self.orchestrator = ReconnectOrchestrator(self.config)
  File "/home/tsl/openclaw/vpn-auto/v2/core/orchestrator.py", line 33, in __init__
    self.drivers = self._init_drivers()
  File "/home/tsl/openclaw/vpn-auto/v2/core/orchestrator.py", line 54, in _init_drivers
    drivers.append(PyAutoDriver(self.config))
  File "/home/tsl/openclaw/vpn-auto/v2/drivers/pyauto_driver.py", line 25, in __init__
    import pyautogui
  File "/home/tsl/.local/lib/python3.8/site-packages/pyautogui/__init__.py", line 246, in <module>
    import mouseinfo
  File "/home/tsl/.local/lib/python3.8/site-packages/mouseinfo/__init__.py", line 223, in <module>
    _display = Display(os.environ['DISPLAY'])
  File "/home/tsl/.local/lib/python3.8/site-packages/Xlib/display.py", line 80, in __init__
    self.display = _BaseDisplay(display)
  File "/home/tsl/.local/lib/python3.8/site-packages/Xlib/display.py", line 62, in __init__
    display.Display.__init__(*(self, ) + args, **keys)
  File "/home/tsl/.local/lib/python3.8/site-packages/Xlib/protocol/display.py", line 58, in __init__
    self.socket = connect.get_socket(name, host, displayno)
  File "/home/tsl/.local/lib/python3.8/site-packages/Xlib/support/connect.py", line 76, in get_socket
    return mod.get_socket(dname, host, dno)
  File "/home/tsl/.local/lib/python3.8/site-packages/Xlib/support/unix_connect.py", line 78, in get_socket
    raise error.DisplayConnectionError(dname, str(val))
Xlib.error.DisplayConnectionError: Can't connect to display ":1": [Errno 2] No such file or directory
[2026-03-18 18:50:55] ==========================================
[2026-03-18 18:50:55] VPN 自动重连系统启动
[2026-03-18 18:50:55] ==========================================
[2026-03-18 18:50:55] DISPLAY: :1
[2026-03-18 18:50:55] 工作目录: /home/tsl/openclaw/vpn-auto/v2
[2026-03-18 18:50:55] 日志文件: /home/tsl/openclaw/vpn-auto/v2/logs/vpn-20260318.log
[2026-03-18 18:50:55] 
[2026-03-18 18:50:55] Python 版本: Python 3.8.10
[2026-03-18 18:50:55] 检查依赖...
[2026-03-18 18:50:55] ✅ 配置文件: /home/tsl/openclaw/vpn-auto/v2/config/config.yaml
[2026-03-18 18:50:55] 
[2026-03-18 18:50:55] 启动 VPN Watchdog...
[2026-03-18 18:50:55] 
Traceback (most recent call last):
  File "/home/tsl/.local/lib/python3.8/site-packages/Xlib/support/unix_connect.py", line 76, in get_socket
    s.connect('/tmp/.X11-unix/X%d' % dno)
FileNotFoundError: [Errno 2] No such file or directory

During handling of the above exception, another exception occurred:

Traceback (most recent call last):
  File "/home/tsl/openclaw/vpn-auto/v2/core/watchdog.py", line 110, in <module>
    main()
  File "/home/tsl/openclaw/vpn-auto/v2/core/watchdog.py", line 105, in main
    watchdog = VPNWatchdog(config_path=args.config)
  File "/home/tsl/openclaw/vpn-auto/v2/core/watchdog.py", line 35, in __init__
    self.orchestrator = ReconnectOrchestrator(self.config)
  File "/home/tsl/openclaw/vpn-auto/v2/core/orchestrator.py", line 33, in __init__
    self.drivers = self._init_drivers()
  File "/home/tsl/openclaw/vpn-auto/v2/core/orchestrator.py", line 54, in _init_drivers
    drivers.append(PyAutoDriver(self.config))
  File "/home/tsl/openclaw/vpn-auto/v2/drivers/pyauto_driver.py", line 25, in __init__
    import pyautogui
  File "/home/tsl/.local/lib/python3.8/site-packages/pyautogui/__init__.py", line 246, in <module>
    import mouseinfo
  File "/home/tsl/.local/lib/python3.8/site-packages/mouseinfo/__init__.py", line 223, in <module>
    _display = Display(os.environ['DISPLAY'])
  File "/home/tsl/.local/lib/python3.8/site-packages/Xlib/display.py", line 80, in __init__
    self.display = _BaseDisplay(display)
  File "/home/tsl/.local/lib/python3.8/site-packages/Xlib/display.py", line 62, in __init__
    display.Display.__init__(*(self, ) + args, **keys)
  File "/home/tsl/.local/lib/python3.8/site-packages/Xlib/protocol/display.py", line 58, in __init__
    self.socket = connect.get_socket(name, host, displayno)
  File "/home/tsl/.local/lib/python3.8/site-packages/Xlib/support/connect.py", line 76, in get_socket
    return mod.get_socket(dname, host, dno)
  File "/home/tsl/.local/lib/python3.8/site-packages/Xlib/support/unix_connect.py", line 78, in get_socket
    raise error.DisplayConnectionError(dname, str(val))
Xlib.error.DisplayConnectionError: Can't connect to display ":1": [Errno 2] No such file or directory
[2026-03-18 18:51:05] ==========================================
[2026-03-18 18:51:05] VPN 自动重连系统启动
[2026-03-18 18:51:05] ==========================================
[2026-03-18 18:51:05] DISPLAY: :1
[2026-03-18 18:51:05] 工作目录: /home/tsl/openclaw/vpn-auto/v2
[2026-03-18 18:51:05] 日志文件: /home/tsl/openclaw/vpn-auto/v2/logs/vpn-20260318.log
[2026-03-18 18:51:05] 
[2026-03-18 18:51:05] Python 版本: Python 3.8.10
[2026-03-18 18:51:05] 检查依赖...
[2026-03-18 18:51:06] ✅ 配置文件: /home/tsl/openclaw/vpn-auto/v2/config/config.yaml
[2026-03-18 18:51:06] 
[2026-03-18 18:51:06] 启动 VPN Watchdog...
[2026-03-18 18:51:06] 
Traceback (most recent call last):
  File "/home/tsl/.local/lib/python3.8/site-packages/Xlib/support/unix_connect.py", line 76, in get_socket
    s.connect('/tmp/.X11-unix/X%d' % dno)
FileNotFoundError: [Errno 2] No such file or directory

During handling of the above exception, another exception occurred:

Traceback (most recent call last):
  File "/home/tsl/openclaw/vpn-auto/v2/core/watchdog.py", line 110, in <module>
    main()
  File "/home/tsl/openclaw/vpn-auto/v2/core/watchdog.py", line 105, in main
    watchdog = VPNWatchdog(config_path=args.config)
  File "/home/tsl/openclaw/vpn-auto/v2/core/watchdog.py", line 35, in __init__
    self.orchestrator = ReconnectOrchestrator(self.config)
  File "/home/tsl/openclaw/vpn-auto/v2/core/orchestrator.py", line 33, in __init__
    self.drivers = self._init_drivers()
  File "/home/tsl/openclaw/vpn-auto/v2/core/orchestrator.py", line 54, in _init_drivers
    drivers.append(PyAutoDriver(self.config))
  File "/home/tsl/openclaw/vpn-auto/v2/drivers/pyauto_driver.py", line 25, in __init__
    import pyautogui
  File "/home/tsl/.local/lib/python3.8/site-packages/pyautogui/__init__.py", line 246, in <module>
    import mouseinfo
  File "/home/tsl/.local/lib/python3.8/site-packages/mouseinfo/__init__.py", line 223, in <module>
    _display = Display(os.environ['DISPLAY'])
  File "/home/tsl/.local/lib/python3.8/site-packages/Xlib/display.py", line 80, in __init__
    self.display = _BaseDisplay(display)
  File "/home/tsl/.local/lib/python3.8/site-packages/Xlib/display.py", line 62, in __init__
    display.Display.__init__(*(self, ) + args, **keys)
  File "/home/tsl/.local/lib/python3.8/site-packages/Xlib/protocol/display.py", line 58, in __init__
    self.socket = connect.get_socket(name, host, displayno)
  File "/home/tsl/.local/lib/python3.8/site-packages/Xlib/support/connect.py", line 76, in get_socket
    return mod.get_socket(dname, host, dno)
  File "/home/tsl/.local/lib/python3.8/site-packages/Xlib/support/unix_connect.py", line 78, in get_socket
    raise error.DisplayConnectionError(dname, str(val))
Xlib.error.DisplayConnectionError: Can't connect to display ":1": [Errno 2] No such file or directory
[2026-03-18 18:51:16] ==========================================
[2026-03-18 18:51:16] VPN 自动重连系统启动
[2026-03-18 18:51:16] ==========================================
[2026-03-18 18:51:16] DISPLAY: :1
[2026-03-18 18:51:16] 工作目录: /home/tsl/openclaw/vpn-auto/v2
[2026-03-18 18:51:16] 日志文件: /home/tsl/openclaw/vpn-auto/v2/logs/vpn-20260318.log
[2026-03-18 18:51:16] 
[2026-03-18 18:51:16] Python 版本: Python 3.8.10
[2026-03-18 18:51:16] 检查依赖...
[2026-03-18 18:51:16] ✅ 配置文件: /home/tsl/openclaw/vpn-auto/v2/config/config.yaml
[2026-03-18 18:51:16] 
[2026-03-18 18:51:16] 启动 VPN Watchdog...
[2026-03-18 18:51:16] 
Traceback (most recent call last):
  File "/home/tsl/.local/lib/python3.8/site-packages/Xlib/support/unix_connect.py", line 76, in get_socket
    s.connect('/tmp/.X11-unix/X%d' % dno)
FileNotFoundError: [Errno 2] No such file or directory

During handling of the above exception, another exception occurred:

Traceback (most recent call last):
  File "/home/tsl/openclaw/vpn-auto/v2/core/watchdog.py", line 110, in <module>
    main()
  File "/home/tsl/openclaw/vpn-auto/v2/core/watchdog.py", line 105, in main
    watchdog = VPNWatchdog(config_path=args.config)
  File "/home/tsl/openclaw/vpn-auto/v2/core/watchdog.py", line 35, in __init__
    self.orchestrator = ReconnectOrchestrator(self.config)
  File "/home/tsl/openclaw/vpn-auto/v2/core/orchestrator.py", line 33, in __init__
    self.drivers = self._init_drivers()
  File "/home/tsl/openclaw/vpn-auto/v2/core/orchestrator.py", line 54, in _init_drivers
    drivers.append(PyAutoDriver(self.config))
  File "/home/tsl/openclaw/vpn-auto/v2/drivers/pyauto_driver.py", line 25, in __init__
    import pyautogui
  File "/home/tsl/.local/lib/python3.8/site-packages/pyautogui/__init__.py", line 246, in <module>
    import mouseinfo
  File "/home/tsl/.local/lib/python3.8/site-packages/mouseinfo/__init__.py", line 223, in <module>
    _display = Display(os.environ['DISPLAY'])
  File "/home/tsl/.local/lib/python3.8/site-packages/Xlib/display.py", line 80, in __init__
    self.display = _BaseDisplay(display)
  File "/home/tsl/.local/lib/python3.8/site-packages/Xlib/display.py", line 62, in __init__
    display.Display.__init__(*(self, ) + args, **keys)
  File "/home/tsl/.local/lib/python3.8/site-packages/Xlib/protocol/display.py", line 58, in __init__
    self.socket = connect.get_socket(name, host, displayno)
  File "/home/tsl/.local/lib/python3.8/site-packages/Xlib/support/connect.py", line 76, in get_socket
    return mod.get_socket(dname, host, dno)
  File "/home/tsl/.local/lib/python3.8/site-packages/Xlib/support/unix_connect.py", line 78, in get_socket
    raise error.DisplayConnectionError(dname, str(val))
Xlib.error.DisplayConnectionError: Can't connect to display ":1": [Errno 2] No such file or directory
[2026-03-18 18:51:27] ==========================================
[2026-03-18 18:51:27] VPN 自动重连系统启动
[2026-03-18 18:51:27] ==========================================
[2026-03-18 18:51:27] DISPLAY: :1
[2026-03-18 18:51:27] 工作目录: /home/tsl/openclaw/vpn-auto/v2
[2026-03-18 18:51:27] 日志文件: /home/tsl/openclaw/vpn-auto/v2/logs/vpn-20260318.log
[2026-03-18 18:51:27] 
[2026-03-18 18:51:27] Python 版本: Python 3.8.10
[2026-03-18 18:51:27] 检查依赖...
[2026-03-18 18:51:27] ✅ 配置文件: /home/tsl/openclaw/vpn-auto/v2/config/config.yaml
[2026-03-18 18:51:27] 
[2026-03-18 18:51:27] 启动 VPN Watchdog...
[2026-03-18 18:51:27] 
Traceback (most recent call last):
  File "/home/tsl/.local/lib/python3.8/site-packages/Xlib/support/unix_connect.py", line 76, in get_socket
    s.connect('/tmp/.X11-unix/X%d' % dno)
FileNotFoundError: [Errno 2] No such file or directory

During handling of the above exception, another exception occurred:

Traceback (most recent call last):
  File "/home/tsl/openclaw/vpn-auto/v2/core/watchdog.py", line 110, in <module>
    main()
  File "/home/tsl/openclaw/vpn-auto/v2/core/watchdog.py", line 105, in main
    watchdog = VPNWatchdog(config_path=args.config)
  File "/home/tsl/openclaw/vpn-auto/v2/core/watchdog.py", line 35, in __init__
    self.orchestrator = ReconnectOrchestrator(self.config)
  File "/home/tsl/openclaw/vpn-auto/v2/core/orchestrator.py", line 33, in __init__
    self.drivers = self._init_drivers()
  File "/home/tsl/openclaw/vpn-auto/v2/core/orchestrator.py", line 54, in _init_drivers
    drivers.append(PyAutoDriver(self.config))
  File "/home/tsl/openclaw/vpn-auto/v2/drivers/pyauto_driver.py", line 25, in __init__
    import pyautogui
  File "/home/tsl/.local/lib/python3.8/site-packages/pyautogui/__init__.py", line 246, in <module>
    import mouseinfo
  File "/home/tsl/.local/lib/python3.8/site-packages/mouseinfo/__init__.py", line 223, in <module>
    _display = Display(os.environ['DISPLAY'])
  File "/home/tsl/.local/lib/python3.8/site-packages/Xlib/display.py", line 80, in __init__
    self.display = _BaseDisplay(display)
  File "/home/tsl/.local/lib/python3.8/site-packages/Xlib/display.py", line 62, in __init__
    display.Display.__init__(*(self, ) + args, **keys)
  File "/home/tsl/.local/lib/python3.8/site-packages/Xlib/protocol/display.py", line 58, in __init__
    self.socket = connect.get_socket(name, host, displayno)
  File "/home/tsl/.local/lib/python3.8/site-packages/Xlib/support/connect.py", line 76, in get_socket
    return mod.get_socket(dname, host, dno)
  File "/home/tsl/.local/lib/python3.8/site-packages/Xlib/support/unix_connect.py", line 78, in get_socket
    raise error.DisplayConnectionError(dname, str(val))
Xlib.error.DisplayConnectionError: Can't connect to display ":1": [Errno 2] No such file or directory
[2026-03-18 18:51:38] ==========================================
[2026-03-18 18:51:38] VPN 自动重连系统启动
[2026-03-18 18:51:38] ==========================================
[2026-03-18 18:51:38] DISPLAY: :1
[2026-03-18 18:51:38] 工作目录: /home/tsl/openclaw/vpn-auto/v2
[2026-03-18 18:51:38] 日志文件: /home/tsl/openclaw/vpn-auto/v2/logs/vpn-20260318.log
[2026-03-18 18:51:38] 
[2026-03-18 18:51:38] Python 版本: Python 3.8.10
[2026-03-18 18:51:38] 检查依赖...
[2026-03-18 18:51:38] ✅ 配置文件: /home/tsl/openclaw/vpn-auto/v2/config/config.yaml
[2026-03-18 18:51:38] 
[2026-03-18 18:51:38] 启动 VPN Watchdog...
[2026-03-18 18:51:38] 
Traceback (most recent call last):
  File "/home/tsl/.local/lib/python3.8/site-packages/Xlib/support/unix_connect.py", line 76, in get_socket
    s.connect('/tmp/.X11-unix/X%d' % dno)
FileNotFoundError: [Errno 2] No such file or directory

During handling of the above exception, another exception occurred:

Traceback (most recent call last):
  File "/home/tsl/openclaw/vpn-auto/v2/core/watchdog.py", line 110, in <module>
    main()
  File "/home/tsl/openclaw/vpn-auto/v2/core/watchdog.py", line 105, in main
    watchdog = VPNWatchdog(config_path=args.config)
  File "/home/tsl/openclaw/vpn-auto/v2/core/watchdog.py", line 35, in __init__
    self.orchestrator = ReconnectOrchestrator(self.config)
  File "/home/tsl/openclaw/vpn-auto/v2/core/orchestrator.py", line 33, in __init__
    self.drivers = self._init_drivers()
  File "/home/tsl/openclaw/vpn-auto/v2/core/orchestrator.py", line 54, in _init_drivers
    drivers.append(PyAutoDriver(self.config))
  File "/home/tsl/openclaw/vpn-auto/v2/drivers/pyauto_driver.py", line 25, in __init__
    import pyautogui
  File "/home/tsl/.local/lib/python3.8/site-packages/pyautogui/__init__.py", line 246, in <module>
    import mouseinfo
  File "/home/tsl/.local/lib/python3.8/site-packages/mouseinfo/__init__.py", line 223, in <module>
    _display = Display(os.environ['DISPLAY'])
  File "/home/tsl/.local/lib/python3.8/site-packages/Xlib/display.py", line 80, in __init__
    self.display = _BaseDisplay(display)
  File "/home/tsl/.local/lib/python3.8/site-packages/Xlib/display.py", line 62, in __init__
    display.Display.__init__(*(self, ) + args, **keys)
  File "/home/tsl/.local/lib/python3.8/site-packages/Xlib/protocol/display.py", line 58, in __init__
    self.socket = connect.get_socket(name, host, displayno)
  File "/home/tsl/.local/lib/python3.8/site-packages/Xlib/support/connect.py", line 76, in get_socket
    return mod.get_socket(dname, host, dno)
  File "/home/tsl/.local/lib/python3.8/site-packages/Xlib/support/unix_connect.py", line 78, in get_socket
    raise error.DisplayConnectionError(dname, str(val))
Xlib.error.DisplayConnectionError: Can't connect to display ":1": [Errno 2] No such file or directory
[2026-03-18 18:51:48] ==========================================
[2026-03-18 18:51:48] VPN 自动重连系统启动
[2026-03-18 18:51:48] ==========================================
[2026-03-18 18:51:48] DISPLAY: :1
[2026-03-18 18:51:48] 工作目录: /home/tsl/openclaw/vpn-auto/v2
[2026-03-18 18:51:48] 日志文件: /home/tsl/openclaw/vpn-auto/v2/logs/vpn-20260318.log
[2026-03-18 18:51:48] 
[2026-03-18 18:51:48] Python 版本: Python 3.8.10
[2026-03-18 18:51:48] 检查依赖...
[2026-03-18 18:51:49] ✅ 配置文件: /home/tsl/openclaw/vpn-auto/v2/config/config.yaml
[2026-03-18 18:51:49] 
[2026-03-18 18:51:49] 启动 VPN Watchdog...
[2026-03-18 18:51:49] 
Traceback (most recent call last):
  File "/home/tsl/.local/lib/python3.8/site-packages/Xlib/support/unix_connect.py", line 76, in get_socket
    s.connect('/tmp/.X11-unix/X%d' % dno)
FileNotFoundError: [Errno 2] No such file or directory

During handling of the above exception, another exception occurred:

Traceback (most recent call last):
  File "/home/tsl/openclaw/vpn-auto/v2/core/watchdog.py", line 110, in <module>
    main()
  File "/home/tsl/openclaw/vpn-auto/v2/core/watchdog.py", line 105, in main
    watchdog = VPNWatchdog(config_path=args.config)
  File "/home/tsl/openclaw/vpn-auto/v2/core/watchdog.py", line 35, in __init__
    self.orchestrator = ReconnectOrchestrator(self.config)
  File "/home/tsl/openclaw/vpn-auto/v2/core/orchestrator.py", line 33, in __init__
    self.drivers = self._init_drivers()
  File "/home/tsl/openclaw/vpn-auto/v2/core/orchestrator.py", line 54, in _init_drivers
    drivers.append(PyAutoDriver(self.config))
  File "/home/tsl/openclaw/vpn-auto/v2/drivers/pyauto_driver.py", line 25, in __init__
    import pyautogui
  File "/home/tsl/.local/lib/python3.8/site-packages/pyautogui/__init__.py", line 246, in <module>
    import mouseinfo
  File "/home/tsl/.local/lib/python3.8/site-packages/mouseinfo/__init__.py", line 223, in <module>
    _display = Display(os.environ['DISPLAY'])
  File "/home/tsl/.local/lib/python3.8/site-packages/Xlib/display.py", line 80, in __init__
    self.display = _BaseDisplay(display)
  File "/home/tsl/.local/lib/python3.8/site-packages/Xlib/display.py", line 62, in __init__
    display.Display.__init__(*(self, ) + args, **keys)
  File "/home/tsl/.local/lib/python3.8/site-packages/Xlib/protocol/display.py", line 58, in __init__
    self.socket = connect.get_socket(name, host, displayno)
  File "/home/tsl/.local/lib/python3.8/site-packages/Xlib/support/connect.py", line 76, in get_socket
    return mod.get_socket(dname, host, dno)
  File "/home/tsl/.local/lib/python3.8/site-packages/Xlib/support/unix_connect.py", line 78, in get_socket
    raise error.DisplayConnectionError(dname, str(val))
Xlib.error.DisplayConnectionError: Can't connect to display ":1": [Errno 2] No such file or directory
[2026-03-18 18:51:59] ==========================================
[2026-03-18 18:51:59] VPN 自动重连系统启动
[2026-03-18 18:51:59] ==========================================
[2026-03-18 18:51:59] DISPLAY: :1
[2026-03-18 18:51:59] 工作目录: /home/tsl/openclaw/vpn-auto/v2
[2026-03-18 18:51:59] 日志文件: /home/tsl/openclaw/vpn-auto/v2/logs/vpn-20260318.log
[2026-03-18 18:51:59] 
[2026-03-18 18:51:59] Python 版本: Python 3.8.10
[2026-03-18 18:51:59] 检查依赖...
[2026-03-18 18:51:59] ✅ 配置文件: /home/tsl/openclaw/vpn-auto/v2/config/config.yaml
[2026-03-18 18:51:59] 
[2026-03-18 18:51:59] 启动 VPN Watchdog...
[2026-03-18 18:51:59] 
Traceback (most recent call last):
  File "/home/tsl/.local/lib/python3.8/site-packages/Xlib/support/unix_connect.py", line 76, in get_socket
    s.connect('/tmp/.X11-unix/X%d' % dno)
FileNotFoundError: [Errno 2] No such file or directory

During handling of the above exception, another exception occurred:

Traceback (most recent call last):
  File "/home/tsl/openclaw/vpn-auto/v2/core/watchdog.py", line 110, in <module>
    main()
  File "/home/tsl/openclaw/vpn-auto/v2/core/watchdog.py", line 105, in main
    watchdog = VPNWatchdog(config_path=args.config)
  File "/home/tsl/openclaw/vpn-auto/v2/core/watchdog.py", line 35, in __init__
    self.orchestrator = ReconnectOrchestrator(self.config)
  File "/home/tsl/openclaw/vpn-auto/v2/core/orchestrator.py", line 33, in __init__
    self.drivers = self._init_drivers()
  File "/home/tsl/openclaw/vpn-auto/v2/core/orchestrator.py", line 54, in _init_drivers
    drivers.append(PyAutoDriver(self.config))
  File "/home/tsl/openclaw/vpn-auto/v2/drivers/pyauto_driver.py", line 25, in __init__
    import pyautogui
  File "/home/tsl/.local/lib/python3.8/site-packages/pyautogui/__init__.py", line 246, in <module>
    import mouseinfo
  File "/home/tsl/.local/lib/python3.8/site-packages/mouseinfo/__init__.py", line 223, in <module>
    _display = Display(os.environ['DISPLAY'])
  File "/home/tsl/.local/lib/python3.8/site-packages/Xlib/display.py", line 80, in __init__
    self.display = _BaseDisplay(display)
  File "/home/tsl/.local/lib/python3.8/site-packages/Xlib/display.py", line 62, in __init__
    display.Display.__init__(*(self, ) + args, **keys)
  File "/home/tsl/.local/lib/python3.8/site-packages/Xlib/protocol/display.py", line 58, in __init__
    self.socket = connect.get_socket(name, host, displayno)
  File "/home/tsl/.local/lib/python3.8/site-packages/Xlib/support/connect.py", line 76, in get_socket
    return mod.get_socket(dname, host, dno)
  File "/home/tsl/.local/lib/python3.8/site-packages/Xlib/support/unix_connect.py", line 78, in get_socket
    raise error.DisplayConnectionError(dname, str(val))
Xlib.error.DisplayConnectionError: Can't connect to display ":1": [Errno 2] No such file or directory
[2026-03-18 18:52:10] ==========================================
[2026-03-18 18:52:10] VPN 自动重连系统启动
[2026-03-18 18:52:10] ==========================================
[2026-03-18 18:52:10] DISPLAY: :1
[2026-03-18 18:52:10] 工作目录: /home/tsl/openclaw/vpn-auto/v2
[2026-03-18 18:52:10] 日志文件: /home/tsl/openclaw/vpn-auto/v2/logs/vpn-20260318.log
[2026-03-18 18:52:10] 
[2026-03-18 18:52:10] Python 版本: Python 3.8.10
[2026-03-18 18:52:10] 检查依赖...
[2026-03-18 18:52:10] ✅ 配置文件: /home/tsl/openclaw/vpn-auto/v2/config/config.yaml
[2026-03-18 18:52:10] 
[2026-03-18 18:52:10] 启动 VPN Watchdog...
[2026-03-18 18:52:10] 
Traceback (most recent call last):
  File "/home/tsl/.local/lib/python3.8/site-packages/Xlib/support/unix_connect.py", line 76, in get_socket
    s.connect('/tmp/.X11-unix/X%d' % dno)
FileNotFoundError: [Errno 2] No such file or directory

During handling of the above exception, another exception occurred:

Traceback (most recent call last):
  File "/home/tsl/openclaw/vpn-auto/v2/core/watchdog.py", line 110, in <module>
    main()
  File "/home/tsl/openclaw/vpn-auto/v2/core/watchdog.py", line 105, in main
    watchdog = VPNWatchdog(config_path=args.config)
  File "/home/tsl/openclaw/vpn-auto/v2/core/watchdog.py", line 35, in __init__
    self.orchestrator = ReconnectOrchestrator(self.config)
  File "/home/tsl/openclaw/vpn-auto/v2/core/orchestrator.py", line 33, in __init__
    self.drivers = self._init_drivers()
  File "/home/tsl/openclaw/vpn-auto/v2/core/orchestrator.py", line 54, in _init_drivers
    drivers.append(PyAutoDriver(self.config))
  File "/home/tsl/openclaw/vpn-auto/v2/drivers/pyauto_driver.py", line 25, in __init__
    import pyautogui
  File "/home/tsl/.local/lib/python3.8/site-packages/pyautogui/__init__.py", line 246, in <module>
    import mouseinfo
  File "/home/tsl/.local/lib/python3.8/site-packages/mouseinfo/__init__.py", line 223, in <module>
    _display = Display(os.environ['DISPLAY'])
  File "/home/tsl/.local/lib/python3.8/site-packages/Xlib/display.py", line 80, in __init__
    self.display = _BaseDisplay(display)
  File "/home/tsl/.local/lib/python3.8/site-packages/Xlib/display.py", line 62, in __init__
    display.Display.__init__(*(self, ) + args, **keys)
  File "/home/tsl/.local/lib/python3.8/site-packages/Xlib/protocol/display.py", line 58, in __init__
    self.socket = connect.get_socket(name, host, displayno)
  File "/home/tsl/.local/lib/python3.8/site-packages/Xlib/support/connect.py", line 76, in get_socket
    return mod.get_socket(dname, host, dno)
  File "/home/tsl/.local/lib/python3.8/site-packages/Xlib/support/unix_connect.py", line 78, in get_socket
    raise error.DisplayConnectionError(dname, str(val))
Xlib.error.DisplayConnectionError: Can't connect to display ":1": [Errno 2] No such file or directory
[2026-03-18 18:52:21] ==========================================
[2026-03-18 18:52:21] VPN 自动重连系统启动
[2026-03-18 18:52:21] ==========================================
[2026-03-18 18:52:21] DISPLAY: :1
[2026-03-18 18:52:21] 工作目录: /home/tsl/openclaw/vpn-auto/v2
[2026-03-18 18:52:21] 日志文件: /home/tsl/openclaw/vpn-auto/v2/logs/vpn-20260318.log
[2026-03-18 18:52:21] 
[2026-03-18 18:52:21] Python 版本: Python 3.8.10
[2026-03-18 18:52:21] 检查依赖...
[2026-03-18 18:52:21] ✅ 配置文件: /home/tsl/openclaw/vpn-auto/v2/config/config.yaml
[2026-03-18 18:52:21] 
[2026-03-18 18:52:21] 启动 VPN Watchdog...
[2026-03-18 18:52:21] 
Traceback (most recent call last):
  File "/home/tsl/.local/lib/python3.8/site-packages/Xlib/support/unix_connect.py", line 76, in get_socket
    s.connect('/tmp/.X11-unix/X%d' % dno)
FileNotFoundError: [Errno 2] No such file or directory

During handling of the above exception, another exception occurred:

Traceback (most recent call last):
  File "/home/tsl/openclaw/vpn-auto/v2/core/watchdog.py", line 110, in <module>
    main()
  File "/home/tsl/openclaw/vpn-auto/v2/core/watchdog.py", line 105, in main
    watchdog = VPNWatchdog(config_path=args.config)
  File "/home/tsl/openclaw/vpn-auto/v2/core/watchdog.py", line 35, in __init__
    self.orchestrator = ReconnectOrchestrator(self.config)
  File "/home/tsl/openclaw/vpn-auto/v2/core/orchestrator.py", line 33, in __init__
    self.drivers = self._init_drivers()
  File "/home/tsl/openclaw/vpn-auto/v2/core/orchestrator.py", line 54, in _init_drivers
    drivers.append(PyAutoDriver(self.config))
  File "/home/tsl/openclaw/vpn-auto/v2/drivers/pyauto_driver.py", line 25, in __init__
    import pyautogui
  File "/home/tsl/.local/lib/python3.8/site-packages/pyautogui/__init__.py", line 246, in <module>
    import mouseinfo
  File "/home/tsl/.local/lib/python3.8/site-packages/mouseinfo/__init__.py", line 223, in <module>
    _display = Display(os.environ['DISPLAY'])
  File "/home/tsl/.local/lib/python3.8/site-packages/Xlib/display.py", line 80, in __init__
    self.display = _BaseDisplay(display)
  File "/home/tsl/.local/lib/python3.8/site-packages/Xlib/display.py", line 62, in __init__
    display.Display.__init__(*(self, ) + args, **keys)
  File "/home/tsl/.local/lib/python3.8/site-packages/Xlib/protocol/display.py", line 58, in __init__
    self.socket = connect.get_socket(name, host, displayno)
  File "/home/tsl/.local/lib/python3.8/site-packages/Xlib/support/connect.py", line 76, in get_socket
    return mod.get_socket(dname, host, dno)
  File "/home/tsl/.local/lib/python3.8/site-packages/Xlib/support/unix_connect.py", line 78, in get_socket
    raise error.DisplayConnectionError(dname, str(val))
Xlib.error.DisplayConnectionError: Can't connect to display ":1": [Errno 2] No such file or directory
[2026-03-18 18:52:32] ==========================================
[2026-03-18 18:52:32] VPN 自动重连系统启动
[2026-03-18 18:52:32] ==========================================
[2026-03-18 18:52:32] DISPLAY: :1
[2026-03-18 18:52:32] 工作目录: /home/tsl/openclaw/vpn-auto/v2
[2026-03-18 18:52:32] 日志文件: /home/tsl/openclaw/vpn-auto/v2/logs/vpn-20260318.log
[2026-03-18 18:52:32] 
[2026-03-18 18:52:32] Python 版本: Python 3.8.10
[2026-03-18 18:52:32] 检查依赖...
[2026-03-18 18:52:32] ✅ 配置文件: /home/tsl/openclaw/vpn-auto/v2/config/config.yaml
[2026-03-18 18:52:32] 
[2026-03-18 18:52:32] 启动 VPN Watchdog...
[2026-03-18 18:52:32] 
[2026-03-18 18:52:32] [INFO] PyAutoGUI 驱动已加载
[2026-03-18 18:52:32] [INFO] OpenCV 驱动已加载
[2026-03-18 18:52:32] [INFO] 飞书通知已启用，目标用户: ou_b3afb7d2133e4d689be523fc48f3d2b3
[2026-03-18 18:52:32] [INFO] 已加载 2 个驱动
[2026-03-18 18:52:32] [INFO] VPN Watchdog 已启动
[2026-03-18 18:52:32] [INFO] 检测间隔: 60 秒
[2026-03-18 18:52:32] [INFO] 最大失败次数: 3
[2026-03-18 18:52:32] [WARNING] ⚠️  VPN 断开 (失败次数: 1/3)
[2026-03-18 18:53:32] [WARNING] ⚠️  VPN 断开 (失败次数: 2/3)
[2026-03-18 18:54:34] [INFO] ✅ VPN 已恢复连接
[2026-03-18 20:05:18] [ERROR] 检查 VPN 接口失败: Command '['forticlient', 'vpn', 'status']' timed out after 5 seconds
[2026-03-18 20:05:22] [WARNING] ⚠️  VPN 断开 (失败次数: 1/3)
[2026-03-18 20:06:31] [ERROR] 检查 VPN 接口失败: Command '['forticlient', 'vpn', 'status']' timed out after 5 seconds
[2026-03-18 20:06:31] [WARNING] ⚠️  VPN 断开 (失败次数: 2/3)
[2026-03-18 20:09:46] [ERROR] 检查 VPN 接口失败: Command '['forticlient', 'vpn', 'status']' timed out after 5 seconds
[2026-03-18 20:12:18] [WARNING] ⚠️  VPN 断开 (失败次数: 3/3)
[2026-03-18 20:13:10] [ERROR] ❌ VPN 连续失败 3 次，触发重连
[2026-03-18 20:15:32] [INFO] ============================================================
[2026-03-18 20:18:06] [INFO] 开始 VPN 重连流程
[2026-03-18 20:20:41] [INFO] ============================================================
[2026-03-18 20:21:47] [INFO] 停止 FortiClient 进程...
[2026-03-18 20:21:48] [WARNING] ⚠️  sudo 返回码 -9，尝试不使用 sudo...
[2026-03-18 20:21:51] [INFO] ✅ FortiClient 进程已停止
[2026-03-18 20:21:51] [INFO] 将光标移动到屏幕中央 (960, 540)...
[2026-03-18 20:21:51] [INFO] 启动 FortiClient...
[2026-03-18 20:21:51] [INFO] 点击左边栏图标 (40, 200)...
[2026-03-18 20:21:54] [INFO] ✅ 已触发 FortiClient 启动
[2026-03-18 20:21:54] [INFO] 等待 FortiClient 窗口出现（最多 30 秒）...
[2026-03-18 20:22:11] [WARNING] ⚠️  窗口尚未出现，重试点击左边栏图标...
[2026-03-18 20:22:11] [INFO] 点击左边栏图标 (40, 200)...
[2026-03-18 20:24:16] [ERROR] ❌ 窗口未在 30 秒内出现
[2026-03-18 20:24:16] [ERROR] FortiClient 窗口未出现
[2026-03-18 20:24:16] [ERROR] ============================================================
[2026-03-18 20:24:16] [ERROR] ❌ VPN 重连失败
[2026-03-18 20:24:16] [ERROR] ============================================================
[2026-03-18 20:25:55] [ERROR] 检查 VPN 接口失败: Command '['forticlient', 'vpn', 'status']' timed out after 5 seconds
[2026-03-18 20:25:55] [WARNING] ⚠️  VPN 断开 (失败次数: 4/3)
[2026-03-18 20:25:55] [ERROR] ❌ VPN 连续失败 4 次，触发重连
[2026-03-18 20:25:55] [INFO] ============================================================
[2026-03-18 20:25:55] [INFO] 开始 VPN 重连流程
[2026-03-18 20:25:55] [INFO] ============================================================
[2026-03-18 20:25:55] [INFO] 停止 FortiClient 进程...
[2026-03-18 20:25:58] [WARNING] ⚠️  sudo 返回码 -9，尝试不使用 sudo...
[2026-03-18 20:26:01] [INFO] ✅ FortiClient 进程已停止
[2026-03-18 20:26:02] [INFO] 将光标移动到屏幕中央 (960, 540)...
[2026-03-18 20:26:21] [INFO] 启动 FortiClient...
[2026-03-18 20:26:22] [INFO] 点击左边栏图标 (40, 200)...
[2026-03-18 20:31:27] [INFO] ✅ 已触发 FortiClient 启动
[2026-03-18 20:31:29] [INFO] 等待 FortiClient 窗口出现（最多 30 秒）...
[2026-03-18 20:35:19] [INFO] ✅ 窗口已出现（等待 7 秒）
[2026-03-18 20:35:19] [INFO] 等待 GUI 加载 (15 秒)...
[2026-03-18 20:35:34] [INFO] 尝试点击连接按钮...
[2026-03-18 20:35:34] [INFO] 尝试驱动: PyAutoDriver
[2026-03-18 20:35:34] [INFO] 使用 PyAutoGUI 查找按钮...
[2026-03-18 20:35:34] [ERROR] PyAutoGUI 驱动异常: 
[2026-03-18 20:35:34] [WARNING] ⚠️  PyAutoDriver 失败
[2026-03-18 20:35:34] [INFO] 尝试驱动: VisionDriver
[2026-03-18 20:35:34] [INFO] 使用 OpenCV 查找按钮...
[2026-03-18 20:35:35] [WARNING] 未找到按钮
[2026-03-18 20:35:35] [WARNING] ⚠️  VisionDriver 失败
[2026-03-18 20:35:35] [ERROR] 所有驱动都失败了
[2026-03-18 20:35:35] [ERROR] 点击连接按钮失败
[2026-03-18 20:35:35] [ERROR] ============================================================
[2026-03-18 20:35:35] [ERROR] ❌ VPN 重连失败
[2026-03-18 20:35:35] [ERROR] ============================================================
[2026-03-18 20:36:35] [WARNING] ⚠️  VPN 断开 (失败次数: 5/3)
[2026-03-18 20:36:35] [ERROR] ❌ VPN 连续失败 5 次，触发重连
[2026-03-18 20:36:35] [INFO] ============================================================
[2026-03-18 20:36:35] [INFO] 开始 VPN 重连流程
[2026-03-18 20:36:35] [INFO] ============================================================
[2026-03-18 20:36:35] [INFO] 停止 FortiClient 进程...
[2026-03-18 20:36:35] [WARNING] ⚠️  sudo 返回码 -9，尝试不使用 sudo...
[2026-03-18 20:36:37] [INFO] ✅ FortiClient 进程已停止
[2026-03-18 20:36:37] [INFO] 将光标移动到屏幕中央 (960, 540)...
[2026-03-18 20:36:37] [INFO] 启动 FortiClient...
[2026-03-18 20:36:37] [INFO] 点击左边栏图标 (40, 200)...
[2026-03-18 20:36:39] [INFO] ✅ 已触发 FortiClient 启动
[2026-03-18 20:36:39] [INFO] 等待 FortiClient 窗口出现（最多 30 秒）...
[2026-03-18 20:36:39] [INFO] ✅ 窗口已出现（等待 1 秒）
[2026-03-18 20:36:39] [INFO] 等待 GUI 加载 (15 秒)...
[2026-03-18 20:36:54] [INFO] 尝试点击连接按钮...
[2026-03-18 20:36:54] [INFO] 尝试驱动: PyAutoDriver
[2026-03-18 20:36:54] [INFO] 使用 PyAutoGUI 查找按钮...
[2026-03-18 20:36:55] [INFO] 找到按钮: Point(x=992, y=722)
[2026-03-18 20:36:55] [INFO] ✅ PyAutoGUI 点击成功
[2026-03-18 20:36:55] [INFO] ✅ PyAutoDriver 成功
[2026-03-18 20:36:55] [INFO] 等待 VPN 连接（最多 60 秒，每 10 秒检查一次）...
[2026-03-18 20:37:05] [INFO] 检查 VPN 状态（第 1/6 次）...
[2026-03-18 20:37:15] [INFO] 检查 VPN 状态（第 2/6 次）...
[2026-03-18 20:37:25] [INFO] 检查 VPN 状态（第 3/6 次）...
[2026-03-18 20:37:35] [INFO] 检查 VPN 状态（第 4/6 次）...
[2026-03-18 20:37:45] [INFO] 检查 VPN 状态（第 5/6 次）...
[2026-03-18 20:37:55] [INFO] 检查 VPN 状态（第 6/6 次）...
[2026-03-18 20:37:55] [WARNING] ⚠️  VPN 在 60 秒内未连接
[2026-03-18 20:37:55] [WARNING] ⚠️  VPN 需要手动完成 SAML 认证
[2026-03-18 20:37:55] [INFO] 正在截取屏幕...
[2026-03-18 20:37:56] [INFO] 截图已保存: /tmp/vpn-saml-8761.png
[2026-03-18 20:38:07] [INFO] ✅ 飞书图片发送成功
[2026-03-18 20:38:11] [INFO] ✅ 飞书消息发送成功
[2026-03-18 20:38:11] [ERROR] ============================================================
[2026-03-18 20:38:11] [ERROR] ❌ VPN 重连失败
[2026-03-18 20:38:11] [ERROR] ============================================================
[2026-03-18 20:39:12] [WARNING] ⚠️  VPN 断开 (失败次数: 6/3)
[2026-03-18 20:39:12] [ERROR] ❌ VPN 连续失败 6 次，触发重连
[2026-03-18 20:39:12] [INFO] ============================================================
[2026-03-18 20:39:12] [INFO] 开始 VPN 重连流程
[2026-03-18 20:39:12] [INFO] ============================================================
[2026-03-18 20:39:12] [INFO] 停止 FortiClient 进程...
[2026-03-18 20:39:12] [WARNING] ⚠️  sudo 返回码 -9，尝试不使用 sudo...
[2026-03-18 20:39:14] [INFO] ✅ FortiClient 进程已停止
[2026-03-18 20:39:14] [INFO] 将光标移动到屏幕中央 (960, 540)...
[2026-03-18 20:39:14] [INFO] 启动 FortiClient...
[2026-03-18 20:39:14] [INFO] 点击左边栏图标 (40, 200)...
[2026-03-18 20:39:16] [INFO] ✅ 已触发 FortiClient 启动
[2026-03-18 20:39:16] [INFO] 等待 FortiClient 窗口出现（最多 30 秒）...
[2026-03-18 20:39:16] [INFO] ✅ 窗口已出现（等待 1 秒）
[2026-03-18 20:39:16] [INFO] 等待 GUI 加载 (15 秒)...
[2026-03-18 20:39:31] [INFO] 尝试点击连接按钮...
[2026-03-18 20:39:31] [INFO] 尝试驱动: PyAutoDriver
[2026-03-18 20:39:31] [INFO] 使用 PyAutoGUI 查找按钮...
[2026-03-18 20:39:31] [INFO] 找到按钮: Point(x=992, y=722)
[2026-03-18 20:39:31] [INFO] ✅ PyAutoGUI 点击成功
[2026-03-18 20:39:31] [INFO] ✅ PyAutoDriver 成功
[2026-03-18 20:39:31] [INFO] 等待 VPN 连接（最多 60 秒，每 10 秒检查一次）...
[2026-03-18 20:39:41] [INFO] 检查 VPN 状态（第 1/6 次）...
[2026-03-18 20:39:42] [INFO] ✅ VPN 已连接（FortiClient 状态），耗时 10 秒
[2026-03-18 20:39:42] [INFO] ============================================================
[2026-03-18 20:39:42] [INFO] ✅ VPN 重连成功
[2026-03-18 20:39:42] [INFO] ============================================================
[2026-03-19 04:40:10] [WARNING] ⚠️  VPN 断开 (失败次数: 1/3)
[2026-03-19 04:41:10] [WARNING] ⚠️  VPN 断开 (失败次数: 2/3)
[2026-03-19 04:42:11] [WARNING] ⚠️  VPN 断开 (失败次数: 3/3)
[2026-03-19 04:42:11] [ERROR] ❌ VPN 连续失败 3 次，触发重连
[2026-03-19 04:42:11] [INFO] ============================================================
[2026-03-19 04:42:11] [INFO] 开始 VPN 重连流程
[2026-03-19 04:42:11] [INFO] ============================================================
[2026-03-19 04:42:11] [INFO] 停止 FortiClient 进程...
[2026-03-19 04:42:11] [WARNING] ⚠️  sudo 返回码 -9，尝试不使用 sudo...
[2026-03-19 04:42:13] [INFO] ✅ FortiClient 进程已停止
[2026-03-19 04:42:13] [INFO] 将光标移动到屏幕中央 (960, 540)...
[2026-03-19 04:42:13] [INFO] 启动 FortiClient...
[2026-03-19 04:42:13] [INFO] 点击左边栏图标 (40, 200)...
[2026-03-19 04:42:15] [INFO] ✅ 已触发 FortiClient 启动
[2026-03-19 04:42:15] [INFO] 等待 FortiClient 窗口出现（最多 30 秒）...
[2026-03-19 04:42:15] [INFO] ✅ 窗口已出现（等待 1 秒）
[2026-03-19 04:42:15] [INFO] 等待 GUI 加载 (15 秒)...
[2026-03-19 04:42:30] [INFO] 尝试点击连接按钮...
[2026-03-19 04:42:30] [INFO] 尝试驱动: PyAutoDriver
[2026-03-19 04:42:30] [INFO] 使用 PyAutoGUI 查找按钮...
[2026-03-19 04:42:30] [INFO] 找到按钮: Point(x=992, y=722)
[2026-03-19 04:42:30] [INFO] ✅ PyAutoGUI 点击成功
[2026-03-19 04:42:30] [INFO] ✅ PyAutoDriver 成功
[2026-03-19 04:42:30] [INFO] 等待 VPN 连接（最多 60 秒，每 10 秒检查一次）...
[2026-03-19 04:42:41] [INFO] 检查 VPN 状态（第 1/6 次）...
[2026-03-19 04:42:41] [INFO] ✅ VPN 已连接（FortiClient 状态），耗时 10 秒
[2026-03-19 04:42:41] [INFO] ============================================================
[2026-03-19 04:42:41] [INFO] ✅ VPN 重连成功
[2026-03-19 04:42:41] [INFO] ============================================================
[2026-03-19 09:20:17] [ERROR] 检查 VPN 接口失败: Command '['forticlient', 'vpn', 'status']' timed out after 5 seconds
[2026-03-19 09:20:17] [WARNING] ⚠️  VPN 断开 (失败次数: 1/3)
[2026-03-19 09:22:11] [ERROR] 检查 VPN 接口失败: Command '['forticlient', 'vpn', 'status']' timed out after 5 seconds
[2026-03-19 09:22:12] [WARNING] ⚠️  VPN 断开 (失败次数: 2/3)
[2026-03-19 09:23:21] [ERROR] 检查 VPN 接口失败: Command '['forticlient', 'vpn', 'status']' timed out after 5 seconds
[2026-03-19 09:23:22] [WARNING] ⚠️  VPN 断开 (失败次数: 3/3)
[2026-03-19 09:23:22] [ERROR] ❌ VPN 连续失败 3 次，触发重连
[2026-03-19 09:23:23] [INFO] ============================================================
[2026-03-19 09:23:23] [INFO] 开始 VPN 重连流程
[2026-03-19 09:23:23] [INFO] ============================================================
[2026-03-19 09:23:23] [INFO] 停止 FortiClient 进程...
[2026-03-19 09:24:22] [ERROR] 停止 FortiClient 失败: [Errno 1] Operation not permitted
[2026-03-19 09:24:22] [ERROR] 停止 FortiClient 失败
[2026-03-19 09:24:22] [ERROR] ============================================================
[2026-03-19 09:24:22] [ERROR] ❌ VPN 重连失败
[2026-03-19 09:24:22] [ERROR] ============================================================
[2026-03-19 09:25:33] [ERROR] 检查 VPN 接口失败: Command '['forticlient', 'vpn', 'status']' timed out after 5 seconds
[2026-03-19 09:25:36] [WARNING] ⚠️  VPN 断开 (失败次数: 4/3)
[2026-03-19 09:25:38] [ERROR] ❌ VPN 连续失败 4 次，触发重连
[2026-03-19 09:25:39] [INFO] ============================================================
[2026-03-19 09:25:41] [INFO] 开始 VPN 重连流程
[2026-03-19 09:25:43] [INFO] ============================================================
[2026-03-19 09:25:44] [INFO] 停止 FortiClient 进程...
[2026-03-19 09:26:11] [ERROR] 停止 FortiClient 失败: Command '['sudo', '-n', 'pkill', '-9', '-f', 'forticlient']' timed out after 10 seconds
[2026-03-19 09:26:31] [ERROR] 停止 FortiClient 失败
[2026-03-19 09:26:50] [ERROR] ============================================================
[2026-03-19 09:27:04] [ERROR] ❌ VPN 重连失败
[2026-03-19 09:27:05] [ERROR] ============================================================
[2026-03-19 09:28:38] [ERROR] 检查 VPN 接口失败: Command '['forticlient', 'vpn', 'status']' timed out after 5 seconds
[2026-03-19 09:28:46] [WARNING] ⚠️  VPN 断开 (失败次数: 5/3)
[2026-03-19 09:28:53] [ERROR] ❌ VPN 连续失败 5 次，触发重连
[2026-03-19 09:29:02] [INFO] ============================================================
[2026-03-19 09:29:15] [INFO] 开始 VPN 重连流程
[2026-03-19 09:29:39] [INFO] ============================================================
[2026-03-19 09:30:10] [INFO] 停止 FortiClient 进程...
[2026-03-19 09:37:22] [ERROR] 停止 FortiClient 失败: Command '['sudo', '-n', 'pkill', '-9', '-f', 'forticlient']' timed out after 10 seconds
[2026-03-19 09:39:21] [ERROR] 停止 FortiClient 失败
[2026-03-19 09:39:55] [ERROR] ============================================================
[2026-03-19 09:40:24] [ERROR] ❌ VPN 重连失败
[2026-03-19 09:40:48] [ERROR] ============================================================
[2026-03-19 09:50:25] [WARNING] ⚠️  VPN 断开 (失败次数: 6/3)
[2026-03-19 09:50:25] [ERROR] ❌ VPN 连续失败 6 次，触发重连
[2026-03-19 09:50:25] [INFO] ============================================================
[2026-03-19 09:50:25] [INFO] 开始 VPN 重连流程
[2026-03-19 09:50:25] [INFO] ============================================================
[2026-03-19 09:50:25] [INFO] 停止 FortiClient 进程...
[2026-03-19 09:50:25] [WARNING] ⚠️  sudo 返回码 -9，尝试不使用 sudo...
[2026-03-19 09:50:27] [INFO] ✅ FortiClient 进程已停止
[2026-03-19 09:50:27] [INFO] 将光标移动到屏幕中央 (960, 540)...
[2026-03-19 09:50:28] [INFO] 启动 FortiClient...
[2026-03-19 09:50:28] [INFO] 点击左边栏图标 (40, 200)...
[2026-03-19 09:50:30] [INFO] ✅ 已触发 FortiClient 启动
[2026-03-19 09:50:30] [INFO] 等待 FortiClient 窗口出现（最多 30 秒）...
[2026-03-19 09:50:32] [INFO] ✅ 窗口已出现（等待 2 秒）
[2026-03-19 09:50:32] [INFO] 等待 GUI 加载 (15 秒)...
[2026-03-19 09:50:47] [INFO] 尝试点击连接按钮...
[2026-03-19 09:50:47] [INFO] 尝试驱动: PyAutoDriver
[2026-03-19 09:50:47] [INFO] 使用 PyAutoGUI 查找按钮...
[2026-03-19 09:50:47] [INFO] 找到按钮: Point(x=992, y=722)
[2026-03-19 09:50:47] [INFO] ✅ PyAutoGUI 点击成功
[2026-03-19 09:50:47] [INFO] ✅ PyAutoDriver 成功
[2026-03-19 09:50:47] [INFO] 等待 VPN 连接（最多 60 秒，每 10 秒检查一次）...
[2026-03-19 09:50:57] [INFO] 检查 VPN 状态（第 1/6 次）...
[2026-03-19 09:51:08] [INFO] 检查 VPN 状态（第 2/6 次）...
[2026-03-19 09:51:08] [INFO] ✅ VPN 已连接（FortiClient 状态），耗时 20 秒
[2026-03-19 09:51:08] [INFO] ============================================================
[2026-03-19 09:51:08] [INFO] ✅ VPN 重连成功
[2026-03-19 09:51:08] [INFO] ============================================================
[2026-03-19 10:32:01] [ERROR] 检查 VPN 接口失败: Command '['forticlient', 'vpn', 'status']' timed out after 5 seconds
[2026-03-19 10:32:07] [WARNING] ⚠️  VPN 断开 (失败次数: 1/3)
[2026-03-19 10:33:17] [ERROR] 检查 VPN 接口失败: Command '['forticlient', 'vpn', 'status']' timed out after 5 seconds
[2026-03-19 10:33:18] [WARNING] ⚠️  VPN 断开 (失败次数: 2/3)
[2026-03-19 10:34:40] [ERROR] 检查 VPN 接口失败: Command '['forticlient', 'vpn', 'status']' timed out after 5 seconds
[2026-03-19 10:34:41] [WARNING] ⚠️  VPN 断开 (失败次数: 3/3)
[2026-03-19 10:34:42] [ERROR] ❌ VPN 连续失败 3 次，触发重连
[2026-03-19 10:34:42] [INFO] ============================================================
[2026-03-19 10:34:43] [INFO] 开始 VPN 重连流程
[2026-03-19 10:34:43] [INFO] ============================================================
[2026-03-19 10:34:44] [INFO] 停止 FortiClient 进程...
[2026-03-19 10:35:02] [ERROR] 停止 FortiClient 失败: [Errno 1] Operation not permitted
[2026-03-19 10:35:02] [ERROR] 停止 FortiClient 失败
[2026-03-19 10:35:02] [ERROR] ============================================================
[2026-03-19 10:35:02] [ERROR] ❌ VPN 重连失败
[2026-03-19 10:35:02] [ERROR] ============================================================
