[2026-03-17 19:25:26] ==========================================
[2026-03-17 19:25:26] VPN 自动重连系统启动
[2026-03-17 19:25:26] ==========================================
[2026-03-17 19:25:26] DISPLAY: :1
[2026-03-17 19:25:26] 工作目录: /home/tsl/openclaw/vpn-auto/v2
[2026-03-17 19:25:26] 日志文件: /home/tsl/openclaw/vpn-auto/v2/logs/vpn-20260317.log
[2026-03-17 19:25:26] 
[2026-03-17 19:25:26] Python 版本: Python 3.8.10
[2026-03-17 19:25:26] 检查依赖...
[2026-03-17 19:25:27] ✅ 配置文件: /home/tsl/openclaw/vpn-auto/v2/config/config.yaml
[2026-03-17 19:25:27] 
[2026-03-17 19:25:27] 启动 VPN Watchdog...
[2026-03-17 19:25:27] 
Traceback (most recent call last):
  File "/home/tsl/.local/lib/python3.8/site-packages/Xlib/support/unix_connect.py", line 76, in get_socket
    s.connect('/tmp/.X11-unix/X%d' % dno)
FileNotFoundError: [Errno 2] No such file or directory

During handling of the above exception, another exception occurred:

Traceback (most recent call last):
  File "/home/tsl/openclaw/vpn-auto/v2/core/watchdog.py", line 110, in <module>
    main()
  File "/home/tsl/openclaw/vpn-auto/v2/core/watchdog.py", line 105, in main
    watchdog = VPNWatchdog(config_path=args.config)
  File "/home/tsl/openclaw/vpn-auto/v2/core/watchdog.py", line 35, in __init__
    self.orchestrator = ReconnectOrchestrator(self.config)
  File "/home/tsl/openclaw/vpn-auto/v2/core/orchestrator.py", line 33, in __init__
    self.drivers = self._init_drivers()
  File "/home/tsl/openclaw/vpn-auto/v2/core/orchestrator.py", line 54, in _init_drivers
    drivers.append(PyAutoDriver(self.config))
  File "/home/tsl/openclaw/vpn-auto/v2/drivers/pyauto_driver.py", line 25, in __init__
    import pyautogui
  File "/home/tsl/.local/lib/python3.8/site-packages/pyautogui/__init__.py", line 246, in <module>
    import mouseinfo
  File "/home/tsl/.local/lib/python3.8/site-packages/mouseinfo/__init__.py", line 223, in <module>
    _display = Display(os.environ['DISPLAY'])
  File "/home/tsl/.local/lib/python3.8/site-packages/Xlib/display.py", line 80, in __init__
    self.display = _BaseDisplay(display)
  File "/home/tsl/.local/lib/python3.8/site-packages/Xlib/display.py", line 62, in __init__
    display.Display.__init__(*(self, ) + args, **keys)
  File "/home/tsl/.local/lib/python3.8/site-packages/Xlib/protocol/display.py", line 58, in __init__
    self.socket = connect.get_socket(name, host, displayno)
  File "/home/tsl/.local/lib/python3.8/site-packages/Xlib/support/connect.py", line 76, in get_socket
    return mod.get_socket(dname, host, dno)
  File "/home/tsl/.local/lib/python3.8/site-packages/Xlib/support/unix_connect.py", line 78, in get_socket
    raise error.DisplayConnectionError(dname, str(val))
Xlib.error.DisplayConnectionError: Can't connect to display ":1": [Errno 2] No such file or directory
[2026-03-17 19:25:38] ==========================================
[2026-03-17 19:25:38] VPN 自动重连系统启动
[2026-03-17 19:25:38] ==========================================
[2026-03-17 19:25:38] DISPLAY: :1
[2026-03-17 19:25:38] 工作目录: /home/tsl/openclaw/vpn-auto/v2
[2026-03-17 19:25:38] 日志文件: /home/tsl/openclaw/vpn-auto/v2/logs/vpn-20260317.log
[2026-03-17 19:25:38] 
[2026-03-17 19:25:38] Python 版本: Python 3.8.10
[2026-03-17 19:25:38] 检查依赖...
[2026-03-17 19:25:38] ✅ 配置文件: /home/tsl/openclaw/vpn-auto/v2/config/config.yaml
[2026-03-17 19:25:38] 
[2026-03-17 19:25:38] 启动 VPN Watchdog...
[2026-03-17 19:25:38] 
Traceback (most recent call last):
  File "/home/tsl/.local/lib/python3.8/site-packages/Xlib/support/unix_connect.py", line 76, in get_socket
    s.connect('/tmp/.X11-unix/X%d' % dno)
FileNotFoundError: [Errno 2] No such file or directory

During handling of the above exception, another exception occurred:

Traceback (most recent call last):
  File "/home/tsl/openclaw/vpn-auto/v2/core/watchdog.py", line 110, in <module>
    main()
  File "/home/tsl/openclaw/vpn-auto/v2/core/watchdog.py", line 105, in main
    watchdog = VPNWatchdog(config_path=args.config)
  File "/home/tsl/openclaw/vpn-auto/v2/core/watchdog.py", line 35, in __init__
    self.orchestrator = ReconnectOrchestrator(self.config)
  File "/home/tsl/openclaw/vpn-auto/v2/core/orchestrator.py", line 33, in __init__
    self.drivers = self._init_drivers()
  File "/home/tsl/openclaw/vpn-auto/v2/core/orchestrator.py", line 54, in _init_drivers
    drivers.append(PyAutoDriver(self.config))
  File "/home/tsl/openclaw/vpn-auto/v2/drivers/pyauto_driver.py", line 25, in __init__
    import pyautogui
  File "/home/tsl/.local/lib/python3.8/site-packages/pyautogui/__init__.py", line 246, in <module>
    import mouseinfo
  File "/home/tsl/.local/lib/python3.8/site-packages/mouseinfo/__init__.py", line 223, in <module>
    _display = Display(os.environ['DISPLAY'])
  File "/home/tsl/.local/lib/python3.8/site-packages/Xlib/display.py", line 80, in __init__
    self.display = _BaseDisplay(display)
  File "/home/tsl/.local/lib/python3.8/site-packages/Xlib/display.py", line 62, in __init__
    display.Display.__init__(*(self, ) + args, **keys)
  File "/home/tsl/.local/lib/python3.8/site-packages/Xlib/protocol/display.py", line 58, in __init__
    self.socket = connect.get_socket(name, host, displayno)
  File "/home/tsl/.local/lib/python3.8/site-packages/Xlib/support/connect.py", line 76, in get_socket
    return mod.get_socket(dname, host, dno)
  File "/home/tsl/.local/lib/python3.8/site-packages/Xlib/support/unix_connect.py", line 78, in get_socket
    raise error.DisplayConnectionError(dname, str(val))
Xlib.error.DisplayConnectionError: Can't connect to display ":1": [Errno 2] No such file or directory
[2026-03-17 19:25:49] ==========================================
[2026-03-17 19:25:49] VPN 自动重连系统启动
[2026-03-17 19:25:49] ==========================================
[2026-03-17 19:25:49] DISPLAY: :1
[2026-03-17 19:25:49] 工作目录: /home/tsl/openclaw/vpn-auto/v2
[2026-03-17 19:25:49] 日志文件: /home/tsl/openclaw/vpn-auto/v2/logs/vpn-20260317.log
[2026-03-17 19:25:49] 
[2026-03-17 19:25:49] Python 版本: Python 3.8.10
[2026-03-17 19:25:49] 检查依赖...
[2026-03-17 19:25:49] ✅ 配置文件: /home/tsl/openclaw/vpn-auto/v2/config/config.yaml
[2026-03-17 19:25:49] 
[2026-03-17 19:25:49] 启动 VPN Watchdog...
[2026-03-17 19:25:49] 
[2026-03-17 19:25:50] [INFO] PyAutoGUI 驱动已加载
[2026-03-17 19:25:50] [INFO] OpenCV 驱动已加载
[2026-03-17 19:25:50] [INFO] 飞书通知已启用，目标用户: ou_b3afb7d2133e4d689be523fc48f3d2b3
[2026-03-17 19:25:50] [INFO] 已加载 2 个驱动
[2026-03-17 19:25:50] [INFO] VPN Watchdog 已启动
[2026-03-17 19:25:50] [INFO] 检测间隔: 60 秒
[2026-03-17 19:25:50] [INFO] 最大失败次数: 3
[2026-03-17 19:25:50] [WARNING] ⚠️  VPN 断开 (失败次数: 1/3)
[2026-03-17 19:26:50] [WARNING] ⚠️  VPN 断开 (失败次数: 2/3)
[2026-03-17 19:27:50] [WARNING] ⚠️  VPN 断开 (失败次数: 3/3)
[2026-03-17 19:27:50] [ERROR] ❌ VPN 连续失败 3 次，触发重连
[2026-03-17 19:27:50] [INFO] ============================================================
[2026-03-17 19:27:50] [INFO] 开始 VPN 重连流程
[2026-03-17 19:27:50] [INFO] ============================================================
[2026-03-17 19:27:50] [INFO] 停止 FortiClient 进程...
[2026-03-17 19:27:50] [WARNING] ⚠️  sudo 返回码 -9，尝试不使用 sudo...
[2026-03-17 19:27:52] [INFO] ✅ FortiClient 进程已停止
[2026-03-17 19:27:52] [INFO] 将光标移动到屏幕中央 (960, 540)...
[2026-03-17 19:27:52] [INFO] 启动 FortiClient...
[2026-03-17 19:27:52] [INFO] 点击左边栏图标 (40, 200)...
[2026-03-17 19:27:55] [INFO] ✅ 已触发 FortiClient 启动
[2026-03-17 19:27:55] [INFO] 等待 FortiClient 窗口出现（最多 30 秒）...
[2026-03-17 19:27:55] [INFO] ✅ 窗口已出现（等待 1 秒）
[2026-03-17 19:27:55] [INFO] 等待 GUI 加载 (15 秒)...
[2026-03-17 19:28:10] [INFO] 尝试点击连接按钮...
[2026-03-17 19:28:10] [INFO] 尝试驱动: PyAutoDriver
[2026-03-17 19:28:10] [INFO] 使用 PyAutoGUI 查找按钮...
[2026-03-17 19:28:10] [INFO] 找到按钮: Point(x=992, y=722)
[2026-03-17 19:28:10] [INFO] ✅ PyAutoGUI 点击成功
[2026-03-17 19:28:10] [INFO] ✅ PyAutoDriver 成功
[2026-03-17 19:28:10] [INFO] 等待 VPN 连接（最多 60 秒，每 10 秒检查一次）...
[2026-03-17 19:28:20] [INFO] 检查 VPN 状态（第 1/6 次）...
[2026-03-17 19:28:20] [INFO] ✅ VPN 已连接（FortiClient 状态），耗时 10 秒
[2026-03-17 19:28:20] [INFO] ============================================================
[2026-03-17 19:28:20] [INFO] ✅ VPN 重连成功
[2026-03-17 19:28:20] [INFO] ============================================================
