[2026-03-25 12:57:21] ==========================================
[2026-03-25 12:57:21] VPN 自动重连系统启动
[2026-03-25 12:57:21] ==========================================
[2026-03-25 12:57:21] DISPLAY: :1
[2026-03-25 12:57:21] 工作目录: /home/tsl/openclaw/vpn-auto/v2
[2026-03-25 12:57:21] 日志文件: /home/tsl/openclaw/vpn-auto/v2/logs/vpn-20260325.log
[2026-03-25 12:57:21] 
[2026-03-25 12:57:21] Python 版本: Python 3.8.10
[2026-03-25 12:57:21] 检查依赖...
[2026-03-25 12:57:22] ✅ 配置文件: /home/tsl/openclaw/vpn-auto/v2/config/config.yaml
[2026-03-25 12:57:22] 
[2026-03-25 12:57:22] 启动 VPN Watchdog...
[2026-03-25 12:57:22] 
Traceback (most recent call last):
  File "/home/tsl/.local/lib/python3.8/site-packages/Xlib/support/unix_connect.py", line 76, in get_socket
    s.connect('/tmp/.X11-unix/X%d' % dno)
FileNotFoundError: [Errno 2] No such file or directory

During handling of the above exception, another exception occurred:

Traceback (most recent call last):
  File "/home/tsl/openclaw/vpn-auto/v2/core/watchdog.py", line 110, in <module>
    main()
  File "/home/tsl/openclaw/vpn-auto/v2/core/watchdog.py", line 105, in main
    watchdog = VPNWatchdog(config_path=args.config)
  File "/home/tsl/openclaw/vpn-auto/v2/core/watchdog.py", line 35, in __init__
    self.orchestrator = ReconnectOrchestrator(self.config)
  File "/home/tsl/openclaw/vpn-auto/v2/core/orchestrator.py", line 33, in __init__
    self.drivers = self._init_drivers()
  File "/home/tsl/openclaw/vpn-auto/v2/core/orchestrator.py", line 54, in _init_drivers
    drivers.append(PyAutoDriver(self.config))
  File "/home/tsl/openclaw/vpn-auto/v2/drivers/pyauto_driver.py", line 25, in __init__
    import pyautogui
  File "/home/tsl/.local/lib/python3.8/site-packages/pyautogui/__init__.py", line 246, in <module>
    import mouseinfo
  File "/home/tsl/.local/lib/python3.8/site-packages/mouseinfo/__init__.py", line 223, in <module>
    _display = Display(os.environ['DISPLAY'])
  File "/home/tsl/.local/lib/python3.8/site-packages/Xlib/display.py", line 80, in __init__
    self.display = _BaseDisplay(display)
  File "/home/tsl/.local/lib/python3.8/site-packages/Xlib/display.py", line 62, in __init__
    display.Display.__init__(*(self, ) + args, **keys)
  File "/home/tsl/.local/lib/python3.8/site-packages/Xlib/protocol/display.py", line 58, in __init__
    self.socket = connect.get_socket(name, host, displayno)
  File "/home/tsl/.local/lib/python3.8/site-packages/Xlib/support/connect.py", line 76, in get_socket
    return mod.get_socket(dname, host, dno)
  File "/home/tsl/.local/lib/python3.8/site-packages/Xlib/support/unix_connect.py", line 78, in get_socket
    raise error.DisplayConnectionError(dname, str(val))
Xlib.error.DisplayConnectionError: Can't connect to display ":1": [Errno 2] No such file or directory
[2026-03-25 12:57:33] ==========================================
[2026-03-25 12:57:33] VPN 自动重连系统启动
[2026-03-25 12:57:33] ==========================================
[2026-03-25 12:57:33] DISPLAY: :1
[2026-03-25 12:57:33] 工作目录: /home/tsl/openclaw/vpn-auto/v2
[2026-03-25 12:57:33] 日志文件: /home/tsl/openclaw/vpn-auto/v2/logs/vpn-20260325.log
[2026-03-25 12:57:33] 
[2026-03-25 12:57:33] Python 版本: Python 3.8.10
[2026-03-25 12:57:33] 检查依赖...
[2026-03-25 12:57:34] ✅ 配置文件: /home/tsl/openclaw/vpn-auto/v2/config/config.yaml
[2026-03-25 12:57:34] 
[2026-03-25 12:57:34] 启动 VPN Watchdog...
[2026-03-25 12:57:34] 
Traceback (most recent call last):
  File "/home/tsl/.local/lib/python3.8/site-packages/Xlib/support/unix_connect.py", line 76, in get_socket
    s.connect('/tmp/.X11-unix/X%d' % dno)
FileNotFoundError: [Errno 2] No such file or directory

During handling of the above exception, another exception occurred:

Traceback (most recent call last):
  File "/home/tsl/openclaw/vpn-auto/v2/core/watchdog.py", line 110, in <module>
    main()
  File "/home/tsl/openclaw/vpn-auto/v2/core/watchdog.py", line 105, in main
    watchdog = VPNWatchdog(config_path=args.config)
  File "/home/tsl/openclaw/vpn-auto/v2/core/watchdog.py", line 35, in __init__
    self.orchestrator = ReconnectOrchestrator(self.config)
  File "/home/tsl/openclaw/vpn-auto/v2/core/orchestrator.py", line 33, in __init__
    self.drivers = self._init_drivers()
  File "/home/tsl/openclaw/vpn-auto/v2/core/orchestrator.py", line 54, in _init_drivers
    drivers.append(PyAutoDriver(self.config))
  File "/home/tsl/openclaw/vpn-auto/v2/drivers/pyauto_driver.py", line 25, in __init__
    import pyautogui
  File "/home/tsl/.local/lib/python3.8/site-packages/pyautogui/__init__.py", line 246, in <module>
    import mouseinfo
  File "/home/tsl/.local/lib/python3.8/site-packages/mouseinfo/__init__.py", line 223, in <module>
    _display = Display(os.environ['DISPLAY'])
  File "/home/tsl/.local/lib/python3.8/site-packages/Xlib/display.py", line 80, in __init__
    self.display = _BaseDisplay(display)
  File "/home/tsl/.local/lib/python3.8/site-packages/Xlib/display.py", line 62, in __init__
    display.Display.__init__(*(self, ) + args, **keys)
  File "/home/tsl/.local/lib/python3.8/site-packages/Xlib/protocol/display.py", line 58, in __init__
    self.socket = connect.get_socket(name, host, displayno)
  File "/home/tsl/.local/lib/python3.8/site-packages/Xlib/support/connect.py", line 76, in get_socket
    return mod.get_socket(dname, host, dno)
  File "/home/tsl/.local/lib/python3.8/site-packages/Xlib/support/unix_connect.py", line 78, in get_socket
    raise error.DisplayConnectionError(dname, str(val))
Xlib.error.DisplayConnectionError: Can't connect to display ":1": [Errno 2] No such file or directory
[2026-03-25 12:57:45] ==========================================
[2026-03-25 12:57:45] VPN 自动重连系统启动
[2026-03-25 12:57:45] ==========================================
[2026-03-25 12:57:45] DISPLAY: :1
[2026-03-25 12:57:45] 工作目录: /home/tsl/openclaw/vpn-auto/v2
[2026-03-25 12:57:45] 日志文件: /home/tsl/openclaw/vpn-auto/v2/logs/vpn-20260325.log
[2026-03-25 12:57:45] 
[2026-03-25 12:57:45] Python 版本: Python 3.8.10
[2026-03-25 12:57:45] 检查依赖...
[2026-03-25 12:57:45] ✅ 配置文件: /home/tsl/openclaw/vpn-auto/v2/config/config.yaml
[2026-03-25 12:57:45] 
[2026-03-25 12:57:45] 启动 VPN Watchdog...
[2026-03-25 12:57:46] 
[2026-03-25 12:57:46] [INFO] PyAutoGUI 驱动已加载
[2026-03-25 12:57:46] [INFO] OpenCV 驱动已加载
[2026-03-25 12:57:46] [INFO] 飞书通知已启用，目标用户: ou_b3afb7d2133e4d689be523fc48f3d2b3
[2026-03-25 12:57:46] [INFO] 已加载 2 个驱动
[2026-03-25 12:57:46] [INFO] VPN Watchdog 已启动
[2026-03-25 12:57:46] [INFO] 检测间隔: 60 秒
[2026-03-25 12:57:46] [INFO] 最大失败次数: 3
[2026-03-25 12:57:46] [WARNING] ⚠️  VPN 断开 (失败次数: 1/3)
[2026-03-25 12:58:46] [WARNING] ⚠️  VPN 断开 (失败次数: 2/3)
[2026-03-25 12:59:46] [WARNING] ⚠️  VPN 断开 (失败次数: 3/3)
[2026-03-25 12:59:46] [ERROR] ❌ VPN 连续失败 3 次，触发重连
[2026-03-25 12:59:46] [INFO] ============================================================
[2026-03-25 12:59:46] [INFO] 开始 VPN 重连流程
[2026-03-25 12:59:46] [INFO] ============================================================
[2026-03-25 12:59:46] [INFO] 停止 FortiClient 进程...
[2026-03-25 12:59:47] [WARNING] ⚠️  sudo 返回码 -9，尝试不使用 sudo...
[2026-03-25 12:59:49] [INFO] ✅ FortiClient 进程已停止
[2026-03-25 12:59:49] [INFO] 将光标移动到屏幕中央 (960, 540)...
[2026-03-25 12:59:49] [INFO] 启动 FortiClient...
[2026-03-25 12:59:49] [INFO] 点击左边栏图标 (40, 200)...
[2026-03-25 12:59:51] [INFO] ✅ 已触发 FortiClient 启动
[2026-03-25 12:59:51] [INFO] 等待 FortiClient 窗口出现（最多 30 秒）...
[2026-03-25 12:59:51] [INFO] ✅ 窗口已出现（等待 1 秒）
[2026-03-25 12:59:51] [INFO] 等待 GUI 加载 (15 秒)...
[2026-03-25 13:00:06] [INFO] 尝试点击连接按钮...
[2026-03-25 13:00:06] [INFO] 尝试驱动: PyAutoDriver
[2026-03-25 13:00:06] [INFO] 使用 PyAutoGUI 查找按钮...
[2026-03-25 13:00:07] [INFO] 找到按钮: Point(x=992, y=722)
[2026-03-25 13:00:07] [INFO] ✅ PyAutoGUI 点击成功
[2026-03-25 13:00:07] [INFO] ✅ PyAutoDriver 成功
[2026-03-25 13:00:07] [INFO] 等待 VPN 连接（最多 60 秒，每 10 秒检查一次）...
[2026-03-25 13:00:17] [INFO] 检查 VPN 状态（第 1/6 次）...
[2026-03-25 13:00:17] [INFO] ✅ VPN 已连接（FortiClient 状态），耗时 10 秒
[2026-03-25 13:00:17] [INFO] ============================================================
[2026-03-25 13:00:17] [INFO] ✅ VPN 重连成功
[2026-03-25 13:00:17] [INFO] ============================================================
[2026-03-25 14:57:47] [WARNING] ⚠️  VPN 断开 (失败次数: 1/3)
[2026-03-25 14:58:47] [WARNING] ⚠️  VPN 断开 (失败次数: 2/3)
[2026-03-25 14:59:47] [WARNING] ⚠️  VPN 断开 (失败次数: 3/3)
[2026-03-25 14:59:47] [ERROR] ❌ VPN 连续失败 3 次，触发重连
[2026-03-25 14:59:47] [INFO] ============================================================
[2026-03-25 14:59:47] [INFO] 开始 VPN 重连流程
[2026-03-25 14:59:47] [INFO] ============================================================
[2026-03-25 14:59:47] [INFO] 停止 FortiClient 进程...
[2026-03-25 14:59:47] [WARNING] ⚠️  sudo 返回码 -9，尝试不使用 sudo...
[2026-03-25 14:59:49] [INFO] ✅ FortiClient 进程已停止
[2026-03-25 14:59:49] [INFO] 将光标移动到屏幕中央 (960, 540)...
[2026-03-25 14:59:49] [INFO] 启动 FortiClient...
[2026-03-25 14:59:49] [INFO] 点击左边栏图标 (40, 200)...
[2026-03-25 14:59:52] [INFO] ✅ 已触发 FortiClient 启动
[2026-03-25 14:59:52] [INFO] 等待 FortiClient 窗口出现（最多 30 秒）...
[2026-03-25 14:59:52] [INFO] ✅ 窗口已出现（等待 1 秒）
[2026-03-25 14:59:52] [INFO] 等待 GUI 加载 (15 秒)...
[2026-03-25 15:00:07] [INFO] 尝试点击连接按钮...
[2026-03-25 15:00:07] [INFO] 尝试驱动: PyAutoDriver
[2026-03-25 15:00:07] [INFO] 使用 PyAutoGUI 查找按钮...
[2026-03-25 15:00:07] [ERROR] PyAutoGUI 驱动异常: 
[2026-03-25 15:00:07] [WARNING] ⚠️  PyAutoDriver 失败
[2026-03-25 15:00:07] [INFO] 尝试驱动: VisionDriver
[2026-03-25 15:00:07] [INFO] 使用 OpenCV 查找按钮...
[2026-03-25 15:00:08] [WARNING] 未找到按钮
[2026-03-25 15:00:08] [WARNING] ⚠️  VisionDriver 失败
[2026-03-25 15:00:08] [ERROR] 所有驱动都失败了
[2026-03-25 15:00:08] [ERROR] 点击连接按钮失败
[2026-03-25 15:00:08] [ERROR] ============================================================
[2026-03-25 15:00:08] [ERROR] ❌ VPN 重连失败
[2026-03-25 15:00:08] [ERROR] ============================================================
[2026-03-25 15:01:08] [WARNING] ⚠️  VPN 断开 (失败次数: 4/3)
[2026-03-25 15:01:08] [ERROR] ❌ VPN 连续失败 4 次，触发重连
[2026-03-25 15:01:08] [INFO] ============================================================
[2026-03-25 15:01:08] [INFO] 开始 VPN 重连流程
[2026-03-25 15:01:08] [INFO] ============================================================
[2026-03-25 15:01:08] [INFO] 停止 FortiClient 进程...
[2026-03-25 15:01:08] [WARNING] ⚠️  sudo 返回码 -9，尝试不使用 sudo...
[2026-03-25 15:01:10] [INFO] ✅ FortiClient 进程已停止
[2026-03-25 15:01:10] [INFO] 将光标移动到屏幕中央 (960, 540)...
[2026-03-25 15:01:10] [INFO] 启动 FortiClient...
[2026-03-25 15:01:10] [INFO] 点击左边栏图标 (40, 200)...
[2026-03-25 15:01:12] [INFO] ✅ 已触发 FortiClient 启动
[2026-03-25 15:01:12] [INFO] 等待 FortiClient 窗口出现（最多 30 秒）...
[2026-03-25 15:01:12] [INFO] ✅ 窗口已出现（等待 1 秒）
[2026-03-25 15:01:12] [INFO] 等待 GUI 加载 (15 秒)...
[2026-03-25 15:01:27] [INFO] 尝试点击连接按钮...
[2026-03-25 15:01:27] [INFO] 尝试驱动: PyAutoDriver
[2026-03-25 15:01:27] [INFO] 使用 PyAutoGUI 查找按钮...
[2026-03-25 15:01:28] [ERROR] PyAutoGUI 驱动异常: 
[2026-03-25 15:01:28] [WARNING] ⚠️  PyAutoDriver 失败
[2026-03-25 15:01:28] [INFO] 尝试驱动: VisionDriver
[2026-03-25 15:01:28] [INFO] 使用 OpenCV 查找按钮...
[2026-03-25 15:01:28] [WARNING] 未找到按钮
[2026-03-25 15:01:28] [WARNING] ⚠️  VisionDriver 失败
[2026-03-25 15:01:28] [ERROR] 所有驱动都失败了
[2026-03-25 15:01:28] [ERROR] 点击连接按钮失败
[2026-03-25 15:01:28] [ERROR] ============================================================
[2026-03-25 15:01:28] [ERROR] ❌ VPN 重连失败
[2026-03-25 15:01:28] [ERROR] ============================================================
[2026-03-25 15:02:28] [WARNING] ⚠️  VPN 断开 (失败次数: 5/3)
[2026-03-25 15:02:28] [ERROR] ❌ VPN 连续失败 5 次，触发重连
[2026-03-25 15:02:28] [INFO] ============================================================
[2026-03-25 15:02:28] [INFO] 开始 VPN 重连流程
[2026-03-25 15:02:28] [INFO] ============================================================
[2026-03-25 15:02:28] [INFO] 停止 FortiClient 进程...
[2026-03-25 15:02:28] [WARNING] ⚠️  sudo 返回码 -9，尝试不使用 sudo...
[2026-03-25 15:02:30] [INFO] ✅ FortiClient 进程已停止
[2026-03-25 15:02:30] [INFO] 将光标移动到屏幕中央 (960, 540)...
[2026-03-25 15:02:30] [INFO] 启动 FortiClient...
[2026-03-25 15:02:30] [INFO] 点击左边栏图标 (40, 200)...
[2026-03-25 15:02:33] [INFO] ✅ 已触发 FortiClient 启动
[2026-03-25 15:02:33] [INFO] 等待 FortiClient 窗口出现（最多 30 秒）...
[2026-03-25 15:02:33] [INFO] ✅ 窗口已出现（等待 1 秒）
[2026-03-25 15:02:33] [INFO] 等待 GUI 加载 (15 秒)...
[2026-03-25 15:02:48] [INFO] 尝试点击连接按钮...
[2026-03-25 15:02:48] [INFO] 尝试驱动: PyAutoDriver
[2026-03-25 15:02:48] [INFO] 使用 PyAutoGUI 查找按钮...
[2026-03-25 15:02:48] [INFO] 找到按钮: Point(x=992, y=722)
[2026-03-25 15:02:48] [INFO] ✅ PyAutoGUI 点击成功
[2026-03-25 15:02:48] [INFO] ✅ PyAutoDriver 成功
[2026-03-25 15:02:48] [INFO] 等待 VPN 连接（最多 60 秒，每 10 秒检查一次）...
[2026-03-25 15:02:58] [INFO] 检查 VPN 状态（第 1/6 次）...
[2026-03-25 15:03:08] [INFO] 检查 VPN 状态（第 2/6 次）...
[2026-03-25 15:03:18] [INFO] 检查 VPN 状态（第 3/6 次）...
[2026-03-25 15:03:28] [INFO] 检查 VPN 状态（第 4/6 次）...
[2026-03-25 15:03:38] [INFO] 检查 VPN 状态（第 5/6 次）...
[2026-03-25 15:03:49] [INFO] 检查 VPN 状态（第 6/6 次）...
[2026-03-25 15:03:49] [WARNING] ⚠️  VPN 在 60 秒内未连接
[2026-03-25 15:03:49] [WARNING] ⚠️  VPN 需要手动完成 SAML 认证
[2026-03-25 15:03:49] [INFO] 正在截取屏幕...
[2026-03-25 15:03:49] [INFO] 截图已保存: /tmp/vpn-saml-6221.png
[2026-03-25 15:04:14] [INFO] ✅ 飞书图片发送成功
[2026-03-25 15:04:19] [INFO] ✅ 飞书消息发送成功
[2026-03-25 15:04:19] [ERROR] ============================================================
[2026-03-25 15:04:19] [ERROR] ❌ VPN 重连失败
[2026-03-25 15:04:19] [ERROR] ============================================================
[2026-03-25 15:05:19] [WARNING] ⚠️  VPN 断开 (失败次数: 6/3)
[2026-03-25 15:05:19] [ERROR] ❌ VPN 连续失败 6 次，触发重连
[2026-03-25 15:05:19] [INFO] ============================================================
[2026-03-25 15:05:19] [INFO] 开始 VPN 重连流程
[2026-03-25 15:05:19] [INFO] ============================================================
[2026-03-25 15:05:19] [INFO] 停止 FortiClient 进程...
[2026-03-25 15:05:19] [WARNING] ⚠️  sudo 返回码 -9，尝试不使用 sudo...
[2026-03-25 15:05:21] [INFO] ✅ FortiClient 进程已停止
[2026-03-25 15:05:21] [INFO] 将光标移动到屏幕中央 (960, 540)...
[2026-03-25 15:05:21] [INFO] 启动 FortiClient...
[2026-03-25 15:05:21] [INFO] 点击左边栏图标 (40, 200)...
[2026-03-25 15:05:24] [INFO] ✅ 已触发 FortiClient 启动
[2026-03-25 15:05:24] [INFO] 等待 FortiClient 窗口出现（最多 30 秒）...
[2026-03-25 15:05:24] [INFO] ✅ 窗口已出现（等待 1 秒）
[2026-03-25 15:05:24] [INFO] 等待 GUI 加载 (15 秒)...
[2026-03-25 15:05:39] [INFO] 尝试点击连接按钮...
[2026-03-25 15:05:39] [INFO] 尝试驱动: PyAutoDriver
[2026-03-25 15:05:39] [INFO] 使用 PyAutoGUI 查找按钮...
[2026-03-25 15:05:39] [INFO] 找到按钮: Point(x=992, y=722)
[2026-03-25 15:05:39] [INFO] ✅ PyAutoGUI 点击成功
[2026-03-25 15:05:39] [INFO] ✅ PyAutoDriver 成功
[2026-03-25 15:05:39] [INFO] 等待 VPN 连接（最多 60 秒，每 10 秒检查一次）...
[2026-03-25 15:05:50] [INFO] 检查 VPN 状态（第 1/6 次）...
[2026-03-25 15:06:00] [INFO] 检查 VPN 状态（第 2/6 次）...
[2026-03-25 15:06:00] [INFO] ✅ VPN 已连接（FortiClient 状态），耗时 20 秒
[2026-03-25 15:06:00] [INFO] ============================================================
[2026-03-25 15:06:00] [INFO] ✅ VPN 重连成功
[2026-03-25 15:06:00] [INFO] ============================================================
[2026-03-25 23:06:47] [WARNING] ⚠️  VPN 断开 (失败次数: 1/3)
[2026-03-25 23:07:47] [WARNING] ⚠️  VPN 断开 (失败次数: 2/3)
[2026-03-25 23:08:47] [WARNING] ⚠️  VPN 断开 (失败次数: 3/3)
[2026-03-25 23:08:47] [ERROR] ❌ VPN 连续失败 3 次，触发重连
[2026-03-25 23:08:47] [INFO] ============================================================
[2026-03-25 23:08:47] [INFO] 开始 VPN 重连流程
[2026-03-25 23:08:47] [INFO] ============================================================
[2026-03-25 23:08:47] [INFO] 停止 FortiClient 进程...
[2026-03-25 23:08:47] [WARNING] ⚠️  sudo 返回码 -9，尝试不使用 sudo...
[2026-03-25 23:08:49] [INFO] ✅ FortiClient 进程已停止
[2026-03-25 23:08:49] [INFO] 将光标移动到屏幕中央 (960, 540)...
[2026-03-25 23:08:49] [INFO] 启动 FortiClient...
[2026-03-25 23:08:49] [INFO] 点击左边栏图标 (40, 200)...
[2026-03-25 23:08:52] [INFO] ✅ 已触发 FortiClient 启动
[2026-03-25 23:08:52] [INFO] 等待 FortiClient 窗口出现（最多 30 秒）...
[2026-03-25 23:08:52] [INFO] ✅ 窗口已出现（等待 1 秒）
[2026-03-25 23:08:52] [INFO] 等待 GUI 加载 (15 秒)...
[2026-03-25 23:09:07] [INFO] 尝试点击连接按钮...
[2026-03-25 23:09:07] [INFO] 尝试驱动: PyAutoDriver
[2026-03-25 23:09:07] [INFO] 使用 PyAutoGUI 查找按钮...
[2026-03-25 23:09:07] [INFO] 找到按钮: Point(x=992, y=722)
[2026-03-25 23:09:08] [INFO] ✅ PyAutoGUI 点击成功
[2026-03-25 23:09:08] [INFO] ✅ PyAutoDriver 成功
[2026-03-25 23:09:08] [INFO] 等待 VPN 连接（最多 60 秒，每 10 秒检查一次）...
[2026-03-25 23:09:18] [INFO] 检查 VPN 状态（第 1/6 次）...
[2026-03-25 23:09:18] [INFO] ✅ VPN 已连接（FortiClient 状态），耗时 10 秒
[2026-03-25 23:09:18] [INFO] ============================================================
[2026-03-25 23:09:18] [INFO] ✅ VPN 重连成功
[2026-03-25 23:09:18] [INFO] ============================================================
[2026-03-26 07:10:01] [WARNING] ⚠️  VPN 断开 (失败次数: 1/3)
[2026-03-26 07:11:02] [WARNING] ⚠️  VPN 断开 (失败次数: 2/3)
[2026-03-26 07:12:02] [WARNING] ⚠️  VPN 断开 (失败次数: 3/3)
[2026-03-26 07:12:02] [ERROR] ❌ VPN 连续失败 3 次，触发重连
[2026-03-26 07:12:02] [INFO] ============================================================
[2026-03-26 07:12:02] [INFO] 开始 VPN 重连流程
[2026-03-26 07:12:02] [INFO] ============================================================
[2026-03-26 07:12:02] [INFO] 停止 FortiClient 进程...
[2026-03-26 07:12:02] [WARNING] ⚠️  sudo 返回码 -9，尝试不使用 sudo...
[2026-03-26 07:12:04] [INFO] ✅ FortiClient 进程已停止
[2026-03-26 07:12:04] [INFO] 将光标移动到屏幕中央 (960, 540)...
[2026-03-26 07:12:04] [INFO] 启动 FortiClient...
[2026-03-26 07:12:04] [INFO] 点击左边栏图标 (40, 200)...
[2026-03-26 07:12:06] [INFO] ✅ 已触发 FortiClient 启动
[2026-03-26 07:12:06] [INFO] 等待 FortiClient 窗口出现（最多 30 秒）...
[2026-03-26 07:12:06] [INFO] ✅ 窗口已出现（等待 1 秒）
[2026-03-26 07:12:06] [INFO] 等待 GUI 加载 (15 秒)...
[2026-03-26 07:12:21] [INFO] 尝试点击连接按钮...
[2026-03-26 07:12:21] [INFO] 尝试驱动: PyAutoDriver
[2026-03-26 07:12:21] [INFO] 使用 PyAutoGUI 查找按钮...
[2026-03-26 07:12:22] [INFO] 找到按钮: Point(x=992, y=722)
[2026-03-26 07:12:22] [INFO] ✅ PyAutoGUI 点击成功
[2026-03-26 07:12:22] [INFO] ✅ PyAutoDriver 成功
[2026-03-26 07:12:22] [INFO] 等待 VPN 连接（最多 60 秒，每 10 秒检查一次）...
[2026-03-26 07:12:32] [INFO] 检查 VPN 状态（第 1/6 次）...
[2026-03-26 07:12:32] [INFO] ✅ VPN 已连接（FortiClient 状态），耗时 10 秒
[2026-03-26 07:12:32] [INFO] ============================================================
[2026-03-26 07:12:32] [INFO] ✅ VPN 重连成功
[2026-03-26 07:12:32] [INFO] ============================================================
[2026-03-26 15:13:20] [WARNING] ⚠️  VPN 断开 (失败次数: 1/3)
[2026-03-26 15:14:20] [WARNING] ⚠️  VPN 断开 (失败次数: 2/3)
[2026-03-26 15:15:20] [WARNING] ⚠️  VPN 断开 (失败次数: 3/3)
[2026-03-26 15:15:20] [ERROR] ❌ VPN 连续失败 3 次，触发重连
[2026-03-26 15:15:20] [INFO] ============================================================
[2026-03-26 15:15:20] [INFO] 开始 VPN 重连流程
[2026-03-26 15:15:20] [INFO] ============================================================
[2026-03-26 15:15:20] [INFO] 停止 FortiClient 进程...
[2026-03-26 15:15:20] [WARNING] ⚠️  sudo 返回码 -9，尝试不使用 sudo...
[2026-03-26 15:15:22] [INFO] ✅ FortiClient 进程已停止
[2026-03-26 15:15:22] [INFO] 将光标移动到屏幕中央 (960, 540)...
[2026-03-26 15:15:22] [INFO] 启动 FortiClient...
[2026-03-26 15:15:22] [INFO] 点击左边栏图标 (40, 200)...
[2026-03-26 15:15:25] [INFO] ✅ 已触发 FortiClient 启动
[2026-03-26 15:15:25] [INFO] 等待 FortiClient 窗口出现（最多 30 秒）...
[2026-03-26 15:15:25] [INFO] ✅ 窗口已出现（等待 1 秒）
[2026-03-26 15:15:25] [INFO] 等待 GUI 加载 (15 秒)...
[2026-03-26 15:15:40] [INFO] 尝试点击连接按钮...
[2026-03-26 15:15:40] [INFO] 尝试驱动: PyAutoDriver
[2026-03-26 15:15:40] [INFO] 使用 PyAutoGUI 查找按钮...
[2026-03-26 15:15:40] [ERROR] PyAutoGUI 驱动异常: 
[2026-03-26 15:15:40] [WARNING] ⚠️  PyAutoDriver 失败
[2026-03-26 15:15:40] [INFO] 尝试驱动: VisionDriver
[2026-03-26 15:15:40] [INFO] 使用 OpenCV 查找按钮...
[2026-03-26 15:15:41] [WARNING] 未找到按钮
[2026-03-26 15:15:41] [WARNING] ⚠️  VisionDriver 失败
[2026-03-26 15:15:41] [ERROR] 所有驱动都失败了
[2026-03-26 15:15:41] [ERROR] 点击连接按钮失败
[2026-03-26 15:15:41] [ERROR] ============================================================
[2026-03-26 15:15:41] [ERROR] ❌ VPN 重连失败
[2026-03-26 15:15:41] [ERROR] ============================================================
[2026-03-26 15:16:41] [WARNING] ⚠️  VPN 断开 (失败次数: 4/3)
[2026-03-26 15:16:41] [ERROR] ❌ VPN 连续失败 4 次，触发重连
[2026-03-26 15:16:41] [INFO] ============================================================
[2026-03-26 15:16:41] [INFO] 开始 VPN 重连流程
[2026-03-26 15:16:41] [INFO] ============================================================
[2026-03-26 15:16:41] [INFO] 停止 FortiClient 进程...
[2026-03-26 15:16:41] [WARNING] ⚠️  sudo 返回码 -9，尝试不使用 sudo...
[2026-03-26 15:16:43] [INFO] ✅ FortiClient 进程已停止
[2026-03-26 15:16:43] [INFO] 将光标移动到屏幕中央 (960, 540)...
[2026-03-26 15:16:43] [INFO] 启动 FortiClient...
[2026-03-26 15:16:43] [INFO] 点击左边栏图标 (40, 200)...
[2026-03-26 15:16:45] [INFO] ✅ 已触发 FortiClient 启动
[2026-03-26 15:16:45] [INFO] 等待 FortiClient 窗口出现（最多 30 秒）...
[2026-03-26 15:16:45] [INFO] ✅ 窗口已出现（等待 1 秒）
[2026-03-26 15:16:45] [INFO] 等待 GUI 加载 (15 秒)...
[2026-03-26 15:17:00] [INFO] 尝试点击连接按钮...
[2026-03-26 15:17:00] [INFO] 尝试驱动: PyAutoDriver
[2026-03-26 15:17:00] [INFO] 使用 PyAutoGUI 查找按钮...
[2026-03-26 15:17:01] [INFO] 找到按钮: Point(x=992, y=722)
[2026-03-26 15:17:01] [INFO] ✅ PyAutoGUI 点击成功
[2026-03-26 15:17:01] [INFO] ✅ PyAutoDriver 成功
[2026-03-26 15:17:01] [INFO] 等待 VPN 连接（最多 60 秒，每 10 秒检查一次）...
[2026-03-26 15:17:11] [INFO] 检查 VPN 状态（第 1/6 次）...
[2026-03-26 15:17:11] [INFO] ✅ VPN 已连接（FortiClient 状态），耗时 10 秒
[2026-03-26 15:17:11] [INFO] ============================================================
[2026-03-26 15:17:11] [INFO] ✅ VPN 重连成功
[2026-03-26 15:17:11] [INFO] ============================================================
[2026-03-26 23:17:56] [WARNING] ⚠️  VPN 断开 (失败次数: 1/3)
[2026-03-26 23:18:57] [WARNING] ⚠️  VPN 断开 (失败次数: 2/3)
[2026-03-26 23:19:57] [WARNING] ⚠️  VPN 断开 (失败次数: 3/3)
[2026-03-26 23:19:57] [ERROR] ❌ VPN 连续失败 3 次，触发重连
[2026-03-26 23:19:57] [INFO] ============================================================
[2026-03-26 23:19:57] [INFO] 开始 VPN 重连流程
[2026-03-26 23:19:57] [INFO] ============================================================
[2026-03-26 23:19:57] [INFO] 停止 FortiClient 进程...
[2026-03-26 23:19:57] [WARNING] ⚠️  sudo 返回码 -9，尝试不使用 sudo...
[2026-03-26 23:19:59] [INFO] ✅ FortiClient 进程已停止
[2026-03-26 23:19:59] [INFO] 将光标移动到屏幕中央 (960, 540)...
[2026-03-26 23:19:59] [INFO] 启动 FortiClient...
[2026-03-26 23:19:59] [INFO] 点击左边栏图标 (40, 200)...
[2026-03-26 23:20:01] [INFO] ✅ 已触发 FortiClient 启动
[2026-03-26 23:20:01] [INFO] 等待 FortiClient 窗口出现（最多 30 秒）...
[2026-03-26 23:20:01] [INFO] ✅ 窗口已出现（等待 1 秒）
[2026-03-26 23:20:01] [INFO] 等待 GUI 加载 (15 秒)...
[2026-03-26 23:20:16] [INFO] 尝试点击连接按钮...
[2026-03-26 23:20:16] [INFO] 尝试驱动: PyAutoDriver
[2026-03-26 23:20:16] [INFO] 使用 PyAutoGUI 查找按钮...
[2026-03-26 23:20:17] [ERROR] PyAutoGUI 驱动异常: 
[2026-03-26 23:20:17] [WARNING] ⚠️  PyAutoDriver 失败
[2026-03-26 23:20:17] [INFO] 尝试驱动: VisionDriver
[2026-03-26 23:20:17] [INFO] 使用 OpenCV 查找按钮...
[2026-03-26 23:20:17] [WARNING] 未找到按钮
[2026-03-26 23:20:17] [WARNING] ⚠️  VisionDriver 失败
[2026-03-26 23:20:17] [ERROR] 所有驱动都失败了
[2026-03-26 23:20:17] [ERROR] 点击连接按钮失败
[2026-03-26 23:20:17] [ERROR] ============================================================
[2026-03-26 23:20:17] [ERROR] ❌ VPN 重连失败
[2026-03-26 23:20:17] [ERROR] ============================================================
[2026-03-26 23:21:17] [WARNING] ⚠️  VPN 断开 (失败次数: 4/3)
[2026-03-26 23:21:17] [ERROR] ❌ VPN 连续失败 4 次，触发重连
[2026-03-26 23:21:17] [INFO] ============================================================
[2026-03-26 23:21:17] [INFO] 开始 VPN 重连流程
[2026-03-26 23:21:17] [INFO] ============================================================
[2026-03-26 23:21:17] [INFO] 停止 FortiClient 进程...
[2026-03-26 23:21:17] [WARNING] ⚠️  sudo 返回码 -9，尝试不使用 sudo...
[2026-03-26 23:21:19] [INFO] ✅ FortiClient 进程已停止
[2026-03-26 23:21:19] [INFO] 将光标移动到屏幕中央 (960, 540)...
[2026-03-26 23:21:19] [INFO] 启动 FortiClient...
[2026-03-26 23:21:19] [INFO] 点击左边栏图标 (40, 200)...
[2026-03-26 23:21:22] [INFO] ✅ 已触发 FortiClient 启动
[2026-03-26 23:21:22] [INFO] 等待 FortiClient 窗口出现（最多 30 秒）...
[2026-03-26 23:21:22] [INFO] ✅ 窗口已出现（等待 1 秒）
[2026-03-26 23:21:22] [INFO] 等待 GUI 加载 (15 秒)...
[2026-03-26 23:21:37] [INFO] 尝试点击连接按钮...
[2026-03-26 23:21:37] [INFO] 尝试驱动: PyAutoDriver
[2026-03-26 23:21:37] [INFO] 使用 PyAutoGUI 查找按钮...
[2026-03-26 23:21:37] [INFO] 找到按钮: Point(x=992, y=722)
[2026-03-26 23:21:37] [INFO] ✅ PyAutoGUI 点击成功
[2026-03-26 23:21:37] [INFO] ✅ PyAutoDriver 成功
[2026-03-26 23:21:37] [INFO] 等待 VPN 连接（最多 60 秒，每 10 秒检查一次）...
[2026-03-26 23:21:47] [INFO] 检查 VPN 状态（第 1/6 次）...
[2026-03-26 23:21:47] [INFO] ✅ VPN 已连接（FortiClient 状态），耗时 10 秒
[2026-03-26 23:21:47] [INFO] ============================================================
[2026-03-26 23:21:47] [INFO] ✅ VPN 重连成功
[2026-03-26 23:21:47] [INFO] ============================================================
[2026-03-27 07:22:32] [WARNING] ⚠️  VPN 断开 (失败次数: 1/3)
[2026-03-27 07:23:32] [WARNING] ⚠️  VPN 断开 (失败次数: 2/3)
[2026-03-27 07:24:32] [WARNING] ⚠️  VPN 断开 (失败次数: 3/3)
[2026-03-27 07:24:32] [ERROR] ❌ VPN 连续失败 3 次，触发重连
[2026-03-27 07:24:32] [INFO] ============================================================
[2026-03-27 07:24:32] [INFO] 开始 VPN 重连流程
[2026-03-27 07:24:32] [INFO] ============================================================
[2026-03-27 07:24:32] [INFO] 停止 FortiClient 进程...
[2026-03-27 07:24:32] [WARNING] ⚠️  sudo 返回码 -9，尝试不使用 sudo...
[2026-03-27 07:24:34] [INFO] ✅ FortiClient 进程已停止
[2026-03-27 07:24:34] [INFO] 将光标移动到屏幕中央 (960, 540)...
[2026-03-27 07:24:34] [INFO] 启动 FortiClient...
[2026-03-27 07:24:34] [INFO] 点击左边栏图标 (40, 200)...
[2026-03-27 07:24:37] [INFO] ✅ 已触发 FortiClient 启动
[2026-03-27 07:24:37] [INFO] 等待 FortiClient 窗口出现（最多 30 秒）...
[2026-03-27 07:24:37] [INFO] ✅ 窗口已出现（等待 1 秒）
[2026-03-27 07:24:37] [INFO] 等待 GUI 加载 (15 秒)...
[2026-03-27 07:24:52] [INFO] 尝试点击连接按钮...
[2026-03-27 07:24:52] [INFO] 尝试驱动: PyAutoDriver
[2026-03-27 07:24:52] [INFO] 使用 PyAutoGUI 查找按钮...
[2026-03-27 07:24:52] [INFO] 找到按钮: Point(x=992, y=722)
[2026-03-27 07:24:52] [INFO] ✅ PyAutoGUI 点击成功
[2026-03-27 07:24:52] [INFO] ✅ PyAutoDriver 成功
[2026-03-27 07:24:52] [INFO] 等待 VPN 连接（最多 60 秒，每 10 秒检查一次）...
[2026-03-27 07:25:02] [INFO] 检查 VPN 状态（第 1/6 次）...
[2026-03-27 07:25:02] [INFO] ✅ VPN 已连接（FortiClient 状态），耗时 10 秒
[2026-03-27 07:25:02] [INFO] ============================================================
[2026-03-27 07:25:02] [INFO] ✅ VPN 重连成功
[2026-03-27 07:25:02] [INFO] ============================================================
[2026-03-27 15:25:07] [WARNING] ⚠️  VPN 断开 (失败次数: 1/3)
[2026-03-27 15:26:07] [WARNING] ⚠️  VPN 断开 (失败次数: 2/3)
[2026-03-27 15:27:07] [WARNING] ⚠️  VPN 断开 (失败次数: 3/3)
[2026-03-27 15:27:07] [ERROR] ❌ VPN 连续失败 3 次，触发重连
[2026-03-27 15:27:07] [INFO] ============================================================
[2026-03-27 15:27:07] [INFO] 开始 VPN 重连流程
[2026-03-27 15:27:07] [INFO] ============================================================
[2026-03-27 15:27:07] [INFO] 停止 FortiClient 进程...
[2026-03-27 15:27:07] [WARNING] ⚠️  sudo 返回码 -9，尝试不使用 sudo...
[2026-03-27 15:27:09] [INFO] ✅ FortiClient 进程已停止
[2026-03-27 15:27:09] [INFO] 将光标移动到屏幕中央 (960, 540)...
[2026-03-27 15:27:09] [INFO] 启动 FortiClient...
[2026-03-27 15:27:09] [INFO] 点击左边栏图标 (40, 200)...
[2026-03-27 15:27:12] [INFO] ✅ 已触发 FortiClient 启动
[2026-03-27 15:27:12] [INFO] 等待 FortiClient 窗口出现（最多 30 秒）...
[2026-03-27 15:27:12] [INFO] ✅ 窗口已出现（等待 1 秒）
[2026-03-27 15:27:12] [INFO] 等待 GUI 加载 (15 秒)...
[2026-03-27 15:27:27] [INFO] 尝试点击连接按钮...
[2026-03-27 15:27:27] [INFO] 尝试驱动: PyAutoDriver
[2026-03-27 15:27:27] [INFO] 使用 PyAutoGUI 查找按钮...
[2026-03-27 15:27:28] [INFO] 找到按钮: Point(x=992, y=722)
[2026-03-27 15:27:28] [INFO] ✅ PyAutoGUI 点击成功
[2026-03-27 15:27:28] [INFO] ✅ PyAutoDriver 成功
[2026-03-27 15:27:28] [INFO] 等待 VPN 连接（最多 60 秒，每 10 秒检查一次）...
[2026-03-27 15:27:38] [INFO] 检查 VPN 状态（第 1/6 次）...
[2026-03-27 15:27:38] [INFO] ✅ VPN 已连接（FortiClient 状态），耗时 10 秒
[2026-03-27 15:27:38] [INFO] ============================================================
[2026-03-27 15:27:38] [INFO] ✅ VPN 重连成功
[2026-03-27 15:27:38] [INFO] ============================================================
[2026-03-27 19:48:38] [WARNING] ⚠️  VPN 断开 (失败次数: 1/3)
[2026-03-27 19:49:39] [INFO] ✅ VPN 已恢复连接
[2026-03-27 21:16:47] [WARNING] ⚠️  VPN 断开 (失败次数: 1/3)
[2026-03-27 21:17:59] [INFO] ✅ VPN 已恢复连接
[2026-03-27 21:23:21] [WARNING] ⚠️  VPN 断开 (失败次数: 1/3)
[2026-03-27 21:24:26] [INFO] ✅ VPN 已恢复连接
[2026-03-27 23:28:46] [WARNING] ⚠️  VPN 断开 (失败次数: 1/3)
[2026-03-27 23:29:46] [WARNING] ⚠️  VPN 断开 (失败次数: 2/3)
[2026-03-27 23:30:47] [WARNING] ⚠️  VPN 断开 (失败次数: 3/3)
[2026-03-27 23:30:47] [ERROR] ❌ VPN 连续失败 3 次，触发重连
[2026-03-27 23:30:47] [INFO] ============================================================
[2026-03-27 23:30:47] [INFO] 开始 VPN 重连流程
[2026-03-27 23:30:47] [INFO] ============================================================
[2026-03-27 23:30:47] [INFO] 停止 FortiClient 进程...
[2026-03-27 23:30:47] [WARNING] ⚠️  sudo 返回码 -9，尝试不使用 sudo...
[2026-03-27 23:30:49] [INFO] ✅ FortiClient 进程已停止
[2026-03-27 23:30:49] [INFO] 将光标移动到屏幕中央 (960, 540)...
[2026-03-27 23:30:49] [INFO] 启动 FortiClient...
[2026-03-27 23:30:49] [INFO] 点击左边栏图标 (40, 200)...
[2026-03-27 23:30:51] [INFO] ✅ 已触发 FortiClient 启动
[2026-03-27 23:30:51] [INFO] 等待 FortiClient 窗口出现（最多 30 秒）...
[2026-03-27 23:30:51] [INFO] ✅ 窗口已出现（等待 1 秒）
[2026-03-27 23:30:51] [INFO] 等待 GUI 加载 (15 秒)...
[2026-03-27 23:31:06] [INFO] 尝试点击连接按钮...
[2026-03-27 23:31:06] [INFO] 尝试驱动: PyAutoDriver
[2026-03-27 23:31:06] [INFO] 使用 PyAutoGUI 查找按钮...
[2026-03-27 23:31:08] [INFO] 找到按钮: Point(x=992, y=722)
[2026-03-27 23:31:08] [INFO] ✅ PyAutoGUI 点击成功
[2026-03-27 23:31:08] [INFO] ✅ PyAutoDriver 成功
[2026-03-27 23:31:08] [INFO] 等待 VPN 连接（最多 60 秒，每 10 秒检查一次）...
[2026-03-27 23:31:18] [INFO] 检查 VPN 状态（第 1/6 次）...
[2026-03-27 23:31:18] [INFO] ✅ VPN 已连接（FortiClient 状态），耗时 10 秒
[2026-03-27 23:31:18] [INFO] ============================================================
[2026-03-27 23:31:18] [INFO] ✅ VPN 重连成功
[2026-03-27 23:31:18] [INFO] ============================================================
[2026-03-28 07:32:14] [WARNING] ⚠️  VPN 断开 (失败次数: 1/3)
[2026-03-28 07:33:14] [WARNING] ⚠️  VPN 断开 (失败次数: 2/3)
[2026-03-28 07:34:14] [WARNING] ⚠️  VPN 断开 (失败次数: 3/3)
[2026-03-28 07:34:14] [ERROR] ❌ VPN 连续失败 3 次，触发重连
[2026-03-28 07:34:14] [INFO] ============================================================
[2026-03-28 07:34:14] [INFO] 开始 VPN 重连流程
[2026-03-28 07:34:14] [INFO] ============================================================
[2026-03-28 07:34:14] [INFO] 停止 FortiClient 进程...
[2026-03-28 07:34:14] [WARNING] ⚠️  sudo 返回码 -9，尝试不使用 sudo...
[2026-03-28 07:34:16] [INFO] ✅ FortiClient 进程已停止
[2026-03-28 07:34:16] [INFO] 将光标移动到屏幕中央 (960, 540)...
[2026-03-28 07:34:16] [INFO] 启动 FortiClient...
[2026-03-28 07:34:16] [INFO] 点击左边栏图标 (40, 200)...
[2026-03-28 07:34:19] [INFO] ✅ 已触发 FortiClient 启动
[2026-03-28 07:34:19] [INFO] 等待 FortiClient 窗口出现（最多 30 秒）...
[2026-03-28 07:34:19] [INFO] ✅ 窗口已出现（等待 1 秒）
[2026-03-28 07:34:19] [INFO] 等待 GUI 加载 (15 秒)...
[2026-03-28 07:34:34] [INFO] 尝试点击连接按钮...
[2026-03-28 07:34:34] [INFO] 尝试驱动: PyAutoDriver
[2026-03-28 07:34:34] [INFO] 使用 PyAutoGUI 查找按钮...
[2026-03-28 07:34:34] [INFO] 找到按钮: Point(x=992, y=722)
[2026-03-28 07:34:34] [INFO] ✅ PyAutoGUI 点击成功
[2026-03-28 07:34:34] [INFO] ✅ PyAutoDriver 成功
[2026-03-28 07:34:34] [INFO] 等待 VPN 连接（最多 60 秒，每 10 秒检查一次）...
[2026-03-28 07:34:44] [INFO] 检查 VPN 状态（第 1/6 次）...
[2026-03-28 07:34:45] [INFO] ✅ VPN 已连接（FortiClient 状态），耗时 10 秒
[2026-03-28 07:34:45] [INFO] ============================================================
[2026-03-28 07:34:45] [INFO] ✅ VPN 重连成功
[2026-03-28 07:34:45] [INFO] ============================================================
[2026-03-28 15:35:36] [WARNING] ⚠️  VPN 断开 (失败次数: 1/3)
[2026-03-28 15:36:36] [WARNING] ⚠️  VPN 断开 (失败次数: 2/3)
[2026-03-28 15:37:36] [WARNING] ⚠️  VPN 断开 (失败次数: 3/3)
[2026-03-28 15:37:36] [ERROR] ❌ VPN 连续失败 3 次，触发重连
[2026-03-28 15:37:36] [INFO] ============================================================
[2026-03-28 15:37:36] [INFO] 开始 VPN 重连流程
[2026-03-28 15:37:36] [INFO] ============================================================
[2026-03-28 15:37:36] [INFO] 停止 FortiClient 进程...
[2026-03-28 15:37:36] [WARNING] ⚠️  sudo 返回码 -9，尝试不使用 sudo...
[2026-03-28 15:37:38] [INFO] ✅ FortiClient 进程已停止
[2026-03-28 15:37:38] [INFO] 将光标移动到屏幕中央 (960, 540)...
[2026-03-28 15:37:38] [INFO] 启动 FortiClient...
[2026-03-28 15:37:38] [INFO] 点击左边栏图标 (40, 200)...
[2026-03-28 15:37:41] [INFO] ✅ 已触发 FortiClient 启动
[2026-03-28 15:37:41] [INFO] 等待 FortiClient 窗口出现（最多 30 秒）...
[2026-03-28 15:37:41] [INFO] ✅ 窗口已出现（等待 1 秒）
[2026-03-28 15:37:41] [INFO] 等待 GUI 加载 (15 秒)...
[2026-03-28 15:37:56] [INFO] 尝试点击连接按钮...
[2026-03-28 15:37:56] [INFO] 尝试驱动: PyAutoDriver
[2026-03-28 15:37:56] [INFO] 使用 PyAutoGUI 查找按钮...
[2026-03-28 15:37:56] [INFO] 找到按钮: Point(x=992, y=722)
[2026-03-28 15:37:56] [INFO] ✅ PyAutoGUI 点击成功
[2026-03-28 15:37:56] [INFO] ✅ PyAutoDriver 成功
[2026-03-28 15:37:56] [INFO] 等待 VPN 连接（最多 60 秒，每 10 秒检查一次）...
[2026-03-28 15:38:06] [INFO] 检查 VPN 状态（第 1/6 次）...
[2026-03-28 15:38:06] [INFO] ✅ VPN 已连接（FortiClient 状态），耗时 10 秒
[2026-03-28 15:38:06] [INFO] ============================================================
[2026-03-28 15:38:06] [INFO] ✅ VPN 重连成功
[2026-03-28 15:38:06] [INFO] ============================================================
[2026-03-28 23:38:09] [WARNING] ⚠️  VPN 断开 (失败次数: 1/3)
[2026-03-28 23:39:09] [WARNING] ⚠️  VPN 断开 (失败次数: 2/3)
[2026-03-28 23:40:09] [WARNING] ⚠️  VPN 断开 (失败次数: 3/3)
[2026-03-28 23:40:09] [ERROR] ❌ VPN 连续失败 3 次，触发重连
[2026-03-28 23:40:09] [INFO] ============================================================
[2026-03-28 23:40:09] [INFO] 开始 VPN 重连流程
[2026-03-28 23:40:09] [INFO] ============================================================
[2026-03-28 23:40:09] [INFO] 停止 FortiClient 进程...
[2026-03-28 23:40:09] [WARNING] ⚠️  sudo 返回码 -9，尝试不使用 sudo...
[2026-03-28 23:40:11] [INFO] ✅ FortiClient 进程已停止
[2026-03-28 23:40:11] [INFO] 将光标移动到屏幕中央 (960, 540)...
[2026-03-28 23:40:11] [INFO] 启动 FortiClient...
[2026-03-28 23:40:11] [INFO] 点击左边栏图标 (40, 200)...
[2026-03-28 23:40:14] [INFO] ✅ 已触发 FortiClient 启动
[2026-03-28 23:40:14] [INFO] 等待 FortiClient 窗口出现（最多 30 秒）...
[2026-03-28 23:40:29] [WARNING] ⚠️  窗口尚未出现，重试点击左边栏图标...
[2026-03-28 23:40:29] [INFO] 点击左边栏图标 (40, 200)...
[2026-03-28 23:40:48] [INFO] ✅ 窗口已出现（等待 17 秒）
[2026-03-28 23:40:48] [INFO] 等待 GUI 加载 (15 秒)...
[2026-03-28 23:41:03] [INFO] 尝试点击连接按钮...
[2026-03-28 23:41:03] [INFO] 尝试驱动: PyAutoDriver
[2026-03-28 23:41:03] [INFO] 使用 PyAutoGUI 查找按钮...
[2026-03-28 23:41:03] [INFO] 找到按钮: Point(x=992, y=722)
[2026-03-28 23:41:03] [INFO] ✅ PyAutoGUI 点击成功
[2026-03-28 23:41:03] [INFO] ✅ PyAutoDriver 成功
[2026-03-28 23:41:03] [INFO] 等待 VPN 连接（最多 60 秒，每 10 秒检查一次）...
[2026-03-28 23:41:13] [INFO] 检查 VPN 状态（第 1/6 次）...
[2026-03-28 23:41:13] [INFO] ✅ VPN 已连接（FortiClient 状态），耗时 10 秒
[2026-03-28 23:41:13] [INFO] ============================================================
[2026-03-28 23:41:13] [INFO] ✅ VPN 重连成功
[2026-03-28 23:41:13] [INFO] ============================================================
[2026-03-29 07:42:02] [WARNING] ⚠️  VPN 断开 (失败次数: 1/3)
[2026-03-29 07:43:02] [WARNING] ⚠️  VPN 断开 (失败次数: 2/3)
[2026-03-29 07:44:02] [WARNING] ⚠️  VPN 断开 (失败次数: 3/3)
[2026-03-29 07:44:02] [ERROR] ❌ VPN 连续失败 3 次，触发重连
[2026-03-29 07:44:02] [INFO] ============================================================
[2026-03-29 07:44:02] [INFO] 开始 VPN 重连流程
[2026-03-29 07:44:02] [INFO] ============================================================
[2026-03-29 07:44:02] [INFO] 停止 FortiClient 进程...
[2026-03-29 07:44:02] [WARNING] ⚠️  sudo 返回码 -9，尝试不使用 sudo...
[2026-03-29 07:44:04] [INFO] ✅ FortiClient 进程已停止
[2026-03-29 07:44:04] [INFO] 将光标移动到屏幕中央 (960, 540)...
[2026-03-29 07:44:04] [INFO] 启动 FortiClient...
[2026-03-29 07:44:04] [INFO] 点击左边栏图标 (40, 200)...
[2026-03-29 07:44:07] [INFO] ✅ 已触发 FortiClient 启动
[2026-03-29 07:44:07] [INFO] 等待 FortiClient 窗口出现（最多 30 秒）...
[2026-03-29 07:44:07] [INFO] ✅ 窗口已出现（等待 1 秒）
[2026-03-29 07:44:07] [INFO] 等待 GUI 加载 (15 秒)...
[2026-03-29 07:44:22] [INFO] 尝试点击连接按钮...
[2026-03-29 07:44:22] [INFO] 尝试驱动: PyAutoDriver
[2026-03-29 07:44:22] [INFO] 使用 PyAutoGUI 查找按钮...
[2026-03-29 07:44:22] [INFO] 找到按钮: Point(x=992, y=722)
[2026-03-29 07:44:22] [INFO] ✅ PyAutoGUI 点击成功
[2026-03-29 07:44:22] [INFO] ✅ PyAutoDriver 成功
[2026-03-29 07:44:22] [INFO] 等待 VPN 连接（最多 60 秒，每 10 秒检查一次）...
[2026-03-29 07:44:32] [INFO] 检查 VPN 状态（第 1/6 次）...
[2026-03-29 07:44:32] [INFO] ✅ VPN 已连接（FortiClient 状态），耗时 10 秒
[2026-03-29 07:44:32] [INFO] ============================================================
[2026-03-29 07:44:32] [INFO] ✅ VPN 重连成功
[2026-03-29 07:44:32] [INFO] ============================================================
[2026-03-29 15:45:23] [WARNING] ⚠️  VPN 断开 (失败次数: 1/3)
[2026-03-29 15:46:23] [WARNING] ⚠️  VPN 断开 (失败次数: 2/3)
[2026-03-29 15:47:23] [WARNING] ⚠️  VPN 断开 (失败次数: 3/3)
[2026-03-29 15:47:23] [ERROR] ❌ VPN 连续失败 3 次，触发重连
[2026-03-29 15:47:23] [INFO] ============================================================
[2026-03-29 15:47:23] [INFO] 开始 VPN 重连流程
[2026-03-29 15:47:23] [INFO] ============================================================
[2026-03-29 15:47:23] [INFO] 停止 FortiClient 进程...
[2026-03-29 15:47:23] [WARNING] ⚠️  sudo 返回码 -9，尝试不使用 sudo...
[2026-03-29 15:47:25] [INFO] ✅ FortiClient 进程已停止
[2026-03-29 15:47:25] [INFO] 将光标移动到屏幕中央 (960, 540)...
[2026-03-29 15:47:25] [INFO] 启动 FortiClient...
[2026-03-29 15:47:25] [INFO] 点击左边栏图标 (40, 200)...
[2026-03-29 15:47:28] [INFO] ✅ 已触发 FortiClient 启动
[2026-03-29 15:47:28] [INFO] 等待 FortiClient 窗口出现（最多 30 秒）...
[2026-03-29 15:47:28] [INFO] ✅ 窗口已出现（等待 1 秒）
[2026-03-29 15:47:28] [INFO] 等待 GUI 加载 (15 秒)...
[2026-03-29 15:47:43] [INFO] 尝试点击连接按钮...
[2026-03-29 15:47:43] [INFO] 尝试驱动: PyAutoDriver
[2026-03-29 15:47:43] [INFO] 使用 PyAutoGUI 查找按钮...
[2026-03-29 15:47:43] [INFO] 找到按钮: Point(x=992, y=722)
[2026-03-29 15:47:43] [INFO] ✅ PyAutoGUI 点击成功
[2026-03-29 15:47:43] [INFO] ✅ PyAutoDriver 成功
[2026-03-29 15:47:43] [INFO] 等待 VPN 连接（最多 60 秒，每 10 秒检查一次）...
[2026-03-29 15:47:53] [INFO] 检查 VPN 状态（第 1/6 次）...
[2026-03-29 15:47:53] [INFO] ✅ VPN 已连接（FortiClient 状态），耗时 10 秒
[2026-03-29 15:47:53] [INFO] ============================================================
[2026-03-29 15:47:53] [INFO] ✅ VPN 重连成功
[2026-03-29 15:47:53] [INFO] ============================================================
[2026-03-29 20:50:19] [WARNING] ⚠️  VPN 断开 (失败次数: 1/3)
[2026-03-29 20:51:19] [WARNING] ⚠️  VPN 断开 (失败次数: 2/3)
[2026-03-29 20:52:19] [WARNING] ⚠️  VPN 断开 (失败次数: 3/3)
[2026-03-29 20:52:19] [ERROR] ❌ VPN 连续失败 3 次，触发重连
[2026-03-29 20:52:19] [INFO] ============================================================
[2026-03-29 20:52:19] [INFO] 开始 VPN 重连流程
[2026-03-29 20:52:19] [INFO] ============================================================
[2026-03-29 20:52:19] [INFO] 停止 FortiClient 进程...
[2026-03-29 20:52:19] [WARNING] ⚠️  sudo 返回码 -9，尝试不使用 sudo...
[2026-03-29 20:52:21] [INFO] ✅ FortiClient 进程已停止
[2026-03-29 20:52:21] [INFO] 将光标移动到屏幕中央 (960, 540)...
[2026-03-29 20:52:21] [INFO] 启动 FortiClient...
[2026-03-29 20:52:21] [INFO] 点击左边栏图标 (40, 200)...
[2026-03-29 20:52:24] [INFO] ✅ 已触发 FortiClient 启动
[2026-03-29 20:52:24] [INFO] 等待 FortiClient 窗口出现（最多 30 秒）...
[2026-03-29 20:52:24] [INFO] ✅ 窗口已出现（等待 1 秒）
[2026-03-29 20:52:24] [INFO] 等待 GUI 加载 (15 秒)...
[2026-03-29 20:52:39] [INFO] 尝试点击连接按钮...
[2026-03-29 20:52:39] [INFO] 尝试驱动: PyAutoDriver
[2026-03-29 20:52:39] [INFO] 使用 PyAutoGUI 查找按钮...
[2026-03-29 20:52:39] [INFO] 找到按钮: Point(x=992, y=722)
[2026-03-29 20:52:39] [INFO] ✅ PyAutoGUI 点击成功
[2026-03-29 20:52:39] [INFO] ✅ PyAutoDriver 成功
[2026-03-29 20:52:39] [INFO] 等待 VPN 连接（最多 60 秒，每 10 秒检查一次）...
[2026-03-29 20:52:49] [INFO] 检查 VPN 状态（第 1/6 次）...
[2026-03-29 20:52:49] [INFO] ✅ VPN 已连接（FortiClient 状态），耗时 10 秒
[2026-03-29 20:52:49] [INFO] ============================================================
[2026-03-29 20:52:49] [INFO] ✅ VPN 重连成功
[2026-03-29 20:52:49] [INFO] ============================================================
[2026-03-29 21:20:23] [WARNING] ⚠️  VPN 断开 (失败次数: 1/3)
[2026-03-29 21:21:23] [WARNING] ⚠️  VPN 断开 (失败次数: 2/3)
[2026-03-29 21:22:23] [WARNING] ⚠️  VPN 断开 (失败次数: 3/3)
[2026-03-29 21:22:23] [ERROR] ❌ VPN 连续失败 3 次，触发重连
[2026-03-29 21:22:23] [INFO] ============================================================
[2026-03-29 21:22:23] [INFO] 开始 VPN 重连流程
[2026-03-29 21:22:23] [INFO] ============================================================
[2026-03-29 21:22:23] [INFO] 停止 FortiClient 进程...
[2026-03-29 21:22:23] [WARNING] ⚠️  sudo 返回码 -9，尝试不使用 sudo...
[2026-03-29 21:22:25] [INFO] ✅ FortiClient 进程已停止
[2026-03-29 21:22:25] [INFO] 将光标移动到屏幕中央 (960, 540)...
[2026-03-29 21:22:25] [INFO] 启动 FortiClient...
[2026-03-29 21:22:25] [INFO] 点击左边栏图标 (40, 200)...
[2026-03-29 21:22:28] [INFO] ✅ 已触发 FortiClient 启动
[2026-03-29 21:22:28] [INFO] 等待 FortiClient 窗口出现（最多 30 秒）...
[2026-03-29 21:22:28] [INFO] ✅ 窗口已出现（等待 1 秒）
[2026-03-29 21:22:28] [INFO] 等待 GUI 加载 (15 秒)...
[2026-03-29 21:22:43] [INFO] 尝试点击连接按钮...
[2026-03-29 21:22:43] [INFO] 尝试驱动: PyAutoDriver
[2026-03-29 21:22:43] [INFO] 使用 PyAutoGUI 查找按钮...
[2026-03-29 21:22:43] [INFO] 找到按钮: Point(x=992, y=722)
[2026-03-29 21:22:43] [INFO] ✅ PyAutoGUI 点击成功
[2026-03-29 21:22:43] [INFO] ✅ PyAutoDriver 成功
[2026-03-29 21:22:43] [INFO] 等待 VPN 连接（最多 60 秒，每 10 秒检查一次）...
[2026-03-29 21:22:53] [INFO] 检查 VPN 状态（第 1/6 次）...
[2026-03-29 21:22:53] [INFO] ✅ VPN 已连接（FortiClient 状态），耗时 10 秒
[2026-03-29 21:22:53] [INFO] ============================================================
[2026-03-29 21:22:53] [INFO] ✅ VPN 重连成功
[2026-03-29 21:22:53] [INFO] ============================================================
[2026-03-29 21:34:07] [WARNING] ⚠️  VPN 断开 (失败次数: 1/3)
[2026-03-29 21:35:07] [WARNING] ⚠️  VPN 断开 (失败次数: 2/3)
[2026-03-29 21:36:07] [WARNING] ⚠️  VPN 断开 (失败次数: 3/3)
[2026-03-29 21:36:07] [ERROR] ❌ VPN 连续失败 3 次，触发重连
[2026-03-29 21:36:07] [INFO] ============================================================
[2026-03-29 21:36:07] [INFO] 开始 VPN 重连流程
[2026-03-29 21:36:07] [INFO] ============================================================
[2026-03-29 21:36:07] [INFO] 停止 FortiClient 进程...
[2026-03-29 21:36:07] [WARNING] ⚠️  sudo 返回码 -9，尝试不使用 sudo...
[2026-03-29 21:36:09] [INFO] ✅ FortiClient 进程已停止
[2026-03-29 21:36:09] [INFO] 将光标移动到屏幕中央 (960, 540)...
[2026-03-29 21:36:09] [INFO] 启动 FortiClient...
[2026-03-29 21:36:09] [INFO] 点击左边栏图标 (40, 200)...
[2026-03-29 21:36:12] [INFO] ✅ 已触发 FortiClient 启动
[2026-03-29 21:36:12] [INFO] 等待 FortiClient 窗口出现（最多 30 秒）...
[2026-03-29 21:36:12] [INFO] ✅ 窗口已出现（等待 1 秒）
[2026-03-29 21:36:12] [INFO] 等待 GUI 加载 (15 秒)...
[2026-03-29 21:36:27] [INFO] 尝试点击连接按钮...
[2026-03-29 21:36:27] [INFO] 尝试驱动: PyAutoDriver
[2026-03-29 21:36:27] [INFO] 使用 PyAutoGUI 查找按钮...
[2026-03-29 21:36:27] [ERROR] PyAutoGUI 驱动异常: 
[2026-03-29 21:36:27] [WARNING] ⚠️  PyAutoDriver 失败
[2026-03-29 21:36:27] [INFO] 尝试驱动: VisionDriver
[2026-03-29 21:36:27] [INFO] 使用 OpenCV 查找按钮...
[2026-03-29 21:36:27] [WARNING] 未找到按钮
[2026-03-29 21:36:27] [WARNING] ⚠️  VisionDriver 失败
[2026-03-29 21:36:27] [ERROR] 所有驱动都失败了
[2026-03-29 21:36:27] [ERROR] 点击连接按钮失败
[2026-03-29 21:36:27] [ERROR] ============================================================
[2026-03-29 21:36:27] [ERROR] ❌ VPN 重连失败
[2026-03-29 21:36:27] [ERROR] ============================================================
[2026-03-29 21:37:28] [WARNING] ⚠️  VPN 断开 (失败次数: 4/3)
[2026-03-29 21:37:28] [ERROR] ❌ VPN 连续失败 4 次，触发重连
[2026-03-29 21:37:28] [INFO] ============================================================
[2026-03-29 21:37:28] [INFO] 开始 VPN 重连流程
[2026-03-29 21:37:28] [INFO] ============================================================
[2026-03-29 21:37:28] [INFO] 停止 FortiClient 进程...
[2026-03-29 21:37:28] [WARNING] ⚠️  sudo 返回码 -9，尝试不使用 sudo...
[2026-03-29 21:37:30] [INFO] ✅ FortiClient 进程已停止
[2026-03-29 21:37:30] [INFO] 将光标移动到屏幕中央 (960, 540)...
[2026-03-29 21:37:30] [INFO] 启动 FortiClient...
[2026-03-29 21:37:30] [INFO] 点击左边栏图标 (40, 200)...
[2026-03-29 21:37:32] [INFO] ✅ 已触发 FortiClient 启动
[2026-03-29 21:37:32] [INFO] 等待 FortiClient 窗口出现（最多 30 秒）...
[2026-03-29 21:37:32] [INFO] ✅ 窗口已出现（等待 1 秒）
[2026-03-29 21:37:32] [INFO] 等待 GUI 加载 (15 秒)...
[2026-03-29 21:37:47] [INFO] 尝试点击连接按钮...
[2026-03-29 21:37:47] [INFO] 尝试驱动: PyAutoDriver
[2026-03-29 21:37:47] [INFO] 使用 PyAutoGUI 查找按钮...
[2026-03-29 21:37:48] [ERROR] PyAutoGUI 驱动异常: 
[2026-03-29 21:37:48] [WARNING] ⚠️  PyAutoDriver 失败
[2026-03-29 21:37:48] [INFO] 尝试驱动: VisionDriver
[2026-03-29 21:37:48] [INFO] 使用 OpenCV 查找按钮...
[2026-03-29 21:37:48] [WARNING] 未找到按钮
[2026-03-29 21:37:48] [WARNING] ⚠️  VisionDriver 失败
[2026-03-29 21:37:48] [ERROR] 所有驱动都失败了
[2026-03-29 21:37:48] [ERROR] 点击连接按钮失败
[2026-03-29 21:37:48] [ERROR] ============================================================
[2026-03-29 21:37:48] [ERROR] ❌ VPN 重连失败
[2026-03-29 21:37:48] [ERROR] ============================================================
[2026-03-29 21:38:48] [WARNING] ⚠️  VPN 断开 (失败次数: 5/3)
[2026-03-29 21:38:48] [ERROR] ❌ VPN 连续失败 5 次，触发重连
[2026-03-29 21:38:48] [INFO] ============================================================
[2026-03-29 21:38:48] [INFO] 开始 VPN 重连流程
[2026-03-29 21:38:48] [INFO] ============================================================
[2026-03-29 21:38:48] [INFO] 停止 FortiClient 进程...
[2026-03-29 21:38:48] [WARNING] ⚠️  sudo 返回码 -9，尝试不使用 sudo...
[2026-03-29 21:38:50] [INFO] ✅ FortiClient 进程已停止
[2026-03-29 21:38:50] [INFO] 将光标移动到屏幕中央 (960, 540)...
[2026-03-29 21:38:50] [INFO] 启动 FortiClient...
[2026-03-29 21:38:50] [INFO] 点击左边栏图标 (40, 200)...
[2026-03-29 21:38:53] [INFO] ✅ 已触发 FortiClient 启动
[2026-03-29 21:38:53] [INFO] 等待 FortiClient 窗口出现（最多 30 秒）...
[2026-03-29 21:38:53] [INFO] ✅ 窗口已出现（等待 1 秒）
[2026-03-29 21:38:53] [INFO] 等待 GUI 加载 (15 秒)...
[2026-03-29 21:39:08] [INFO] 尝试点击连接按钮...
[2026-03-29 21:39:08] [INFO] 尝试驱动: PyAutoDriver
[2026-03-29 21:39:08] [INFO] 使用 PyAutoGUI 查找按钮...
[2026-03-29 21:39:08] [INFO] 找到按钮: Point(x=992, y=722)
[2026-03-29 21:39:08] [INFO] ✅ PyAutoGUI 点击成功
[2026-03-29 21:39:08] [INFO] ✅ PyAutoDriver 成功
[2026-03-29 21:39:08] [INFO] 等待 VPN 连接（最多 60 秒，每 10 秒检查一次）...
[2026-03-29 21:39:18] [INFO] 检查 VPN 状态（第 1/6 次）...
[2026-03-29 21:39:28] [INFO] 检查 VPN 状态（第 2/6 次）...
[2026-03-29 21:39:28] [INFO] ✅ VPN 已连接（FortiClient 状态），耗时 20 秒
[2026-03-29 21:39:28] [INFO] ============================================================
[2026-03-29 21:39:28] [INFO] ✅ VPN 重连成功
[2026-03-29 21:39:28] [INFO] ============================================================
[2026-03-29 22:32:38] [WARNING] ⚠️  VPN 断开 (失败次数: 1/3)
[2026-03-29 22:33:38] [WARNING] ⚠️  VPN 断开 (失败次数: 2/3)
[2026-03-29 22:34:38] [WARNING] ⚠️  VPN 断开 (失败次数: 3/3)
[2026-03-29 22:34:38] [ERROR] ❌ VPN 连续失败 3 次，触发重连
[2026-03-29 22:34:38] [INFO] ============================================================
[2026-03-29 22:34:38] [INFO] 开始 VPN 重连流程
[2026-03-29 22:34:38] [INFO] ============================================================
[2026-03-29 22:34:38] [INFO] 停止 FortiClient 进程...
[2026-03-29 22:34:38] [WARNING] ⚠️  sudo 返回码 -9，尝试不使用 sudo...
[2026-03-29 22:34:40] [INFO] ✅ FortiClient 进程已停止
[2026-03-29 22:34:40] [INFO] 将光标移动到屏幕中央 (960, 540)...
[2026-03-29 22:34:40] [INFO] 启动 FortiClient...
[2026-03-29 22:34:40] [INFO] 点击左边栏图标 (40, 200)...
[2026-03-29 22:34:43] [INFO] ✅ 已触发 FortiClient 启动
[2026-03-29 22:34:43] [INFO] 等待 FortiClient 窗口出现（最多 30 秒）...
[2026-03-29 22:34:43] [INFO] ✅ 窗口已出现（等待 1 秒）
[2026-03-29 22:34:43] [INFO] 等待 GUI 加载 (15 秒)...
[2026-03-29 22:34:58] [INFO] 尝试点击连接按钮...
[2026-03-29 22:34:58] [INFO] 尝试驱动: PyAutoDriver
[2026-03-29 22:34:58] [INFO] 使用 PyAutoGUI 查找按钮...
[2026-03-29 22:34:58] [ERROR] PyAutoGUI 驱动异常: 
[2026-03-29 22:34:58] [WARNING] ⚠️  PyAutoDriver 失败
[2026-03-29 22:34:58] [INFO] 尝试驱动: VisionDriver
[2026-03-29 22:34:58] [INFO] 使用 OpenCV 查找按钮...
[2026-03-29 22:34:58] [WARNING] 未找到按钮
[2026-03-29 22:34:58] [WARNING] ⚠️  VisionDriver 失败
[2026-03-29 22:34:58] [ERROR] 所有驱动都失败了
[2026-03-29 22:34:58] [ERROR] 点击连接按钮失败
[2026-03-29 22:34:58] [ERROR] ============================================================
[2026-03-29 22:34:58] [ERROR] ❌ VPN 重连失败
[2026-03-29 22:34:58] [ERROR] ============================================================
[2026-03-29 22:35:58] [WARNING] ⚠️  VPN 断开 (失败次数: 4/3)
[2026-03-29 22:35:58] [ERROR] ❌ VPN 连续失败 4 次，触发重连
[2026-03-29 22:35:58] [INFO] ============================================================
[2026-03-29 22:35:58] [INFO] 开始 VPN 重连流程
[2026-03-29 22:35:58] [INFO] ============================================================
[2026-03-29 22:35:58] [INFO] 停止 FortiClient 进程...
[2026-03-29 22:35:58] [WARNING] ⚠️  sudo 返回码 -9，尝试不使用 sudo...
[2026-03-29 22:36:00] [INFO] ✅ FortiClient 进程已停止
[2026-03-29 22:36:00] [INFO] 将光标移动到屏幕中央 (960, 540)...
[2026-03-29 22:36:00] [INFO] 启动 FortiClient...
[2026-03-29 22:36:00] [INFO] 点击左边栏图标 (40, 200)...
[2026-03-29 22:36:03] [INFO] ✅ 已触发 FortiClient 启动
[2026-03-29 22:36:03] [INFO] 等待 FortiClient 窗口出现（最多 30 秒）...
[2026-03-29 22:36:03] [INFO] ✅ 窗口已出现（等待 1 秒）
[2026-03-29 22:36:03] [INFO] 等待 GUI 加载 (15 秒)...
[2026-03-29 22:36:18] [INFO] 尝试点击连接按钮...
[2026-03-29 22:36:18] [INFO] 尝试驱动: PyAutoDriver
[2026-03-29 22:36:18] [INFO] 使用 PyAutoGUI 查找按钮...
[2026-03-29 22:36:18] [INFO] 找到按钮: Point(x=992, y=722)
[2026-03-29 22:36:18] [INFO] ✅ PyAutoGUI 点击成功
[2026-03-29 22:36:18] [INFO] ✅ PyAutoDriver 成功
[2026-03-29 22:36:18] [INFO] 等待 VPN 连接（最多 60 秒，每 10 秒检查一次）...
[2026-03-29 22:36:28] [INFO] 检查 VPN 状态（第 1/6 次）...
[2026-03-29 22:36:28] [INFO] ✅ VPN 已连接（FortiClient 状态），耗时 10 秒
[2026-03-29 22:36:28] [INFO] ============================================================
[2026-03-29 22:36:28] [INFO] ✅ VPN 重连成功
[2026-03-29 22:36:28] [INFO] ============================================================
[2026-03-30 00:47:19] [WARNING] ⚠️  VPN 断开 (失败次数: 1/3)
[2026-03-30 00:48:19] [WARNING] ⚠️  VPN 断开 (失败次数: 2/3)
[2026-03-30 00:49:20] [WARNING] ⚠️  VPN 断开 (失败次数: 3/3)
[2026-03-30 00:49:20] [ERROR] ❌ VPN 连续失败 3 次，触发重连
[2026-03-30 00:49:20] [INFO] ============================================================
[2026-03-30 00:49:20] [INFO] 开始 VPN 重连流程
[2026-03-30 00:49:20] [INFO] ============================================================
[2026-03-30 00:49:20] [INFO] 停止 FortiClient 进程...
[2026-03-30 00:49:20] [WARNING] ⚠️  sudo 返回码 -9，尝试不使用 sudo...
[2026-03-30 00:49:22] [INFO] ✅ FortiClient 进程已停止
[2026-03-30 00:49:22] [INFO] 将光标移动到屏幕中央 (960, 540)...
[2026-03-30 00:49:22] [INFO] 启动 FortiClient...
[2026-03-30 00:49:22] [INFO] 点击左边栏图标 (40, 200)...
[2026-03-30 00:49:24] [INFO] ✅ 已触发 FortiClient 启动
[2026-03-30 00:49:24] [INFO] 等待 FortiClient 窗口出现（最多 30 秒）...
[2026-03-30 00:49:24] [INFO] ✅ 窗口已出现（等待 1 秒）
[2026-03-30 00:49:24] [INFO] 等待 GUI 加载 (15 秒)...
[2026-03-30 00:49:39] [INFO] 尝试点击连接按钮...
[2026-03-30 00:49:39] [INFO] 尝试驱动: PyAutoDriver
[2026-03-30 00:49:39] [INFO] 使用 PyAutoGUI 查找按钮...
[2026-03-30 00:49:40] [ERROR] PyAutoGUI 驱动异常: 
[2026-03-30 00:49:40] [WARNING] ⚠️  PyAutoDriver 失败
[2026-03-30 00:49:40] [INFO] 尝试驱动: VisionDriver
[2026-03-30 00:49:40] [INFO] 使用 OpenCV 查找按钮...
[2026-03-30 00:49:40] [WARNING] 未找到按钮
[2026-03-30 00:49:40] [WARNING] ⚠️  VisionDriver 失败
[2026-03-30 00:49:40] [ERROR] 所有驱动都失败了
[2026-03-30 00:49:40] [ERROR] 点击连接按钮失败
[2026-03-30 00:49:40] [ERROR] ============================================================
[2026-03-30 00:49:40] [ERROR] ❌ VPN 重连失败
[2026-03-30 00:49:40] [ERROR] ============================================================
[2026-03-30 00:50:40] [WARNING] ⚠️  VPN 断开 (失败次数: 4/3)
[2026-03-30 00:50:40] [ERROR] ❌ VPN 连续失败 4 次，触发重连
[2026-03-30 00:50:40] [INFO] ============================================================
[2026-03-30 00:50:40] [INFO] 开始 VPN 重连流程
[2026-03-30 00:50:40] [INFO] ============================================================
[2026-03-30 00:50:40] [INFO] 停止 FortiClient 进程...
[2026-03-30 00:50:40] [WARNING] ⚠️  sudo 返回码 -9，尝试不使用 sudo...
[2026-03-30 00:50:42] [INFO] ✅ FortiClient 进程已停止
[2026-03-30 00:50:42] [INFO] 将光标移动到屏幕中央 (960, 540)...
[2026-03-30 00:50:42] [INFO] 启动 FortiClient...
[2026-03-30 00:50:42] [INFO] 点击左边栏图标 (40, 200)...
[2026-03-30 00:50:45] [INFO] ✅ 已触发 FortiClient 启动
[2026-03-30 00:50:45] [INFO] 等待 FortiClient 窗口出现（最多 30 秒）...
[2026-03-30 00:50:45] [INFO] ✅ 窗口已出现（等待 1 秒）
[2026-03-30 00:50:45] [INFO] 等待 GUI 加载 (15 秒)...
[2026-03-30 00:51:00] [INFO] 尝试点击连接按钮...
[2026-03-30 00:51:00] [INFO] 尝试驱动: PyAutoDriver
[2026-03-30 00:51:00] [INFO] 使用 PyAutoGUI 查找按钮...
[2026-03-30 00:51:00] [INFO] 找到按钮: Point(x=992, y=722)
[2026-03-30 00:51:00] [INFO] ✅ PyAutoGUI 点击成功
[2026-03-30 00:51:00] [INFO] ✅ PyAutoDriver 成功
[2026-03-30 00:51:00] [INFO] 等待 VPN 连接（最多 60 秒，每 10 秒检查一次）...
[2026-03-30 00:51:10] [INFO] 检查 VPN 状态（第 1/6 次）...
[2026-03-30 00:51:10] [INFO] ✅ VPN 已连接（FortiClient 状态），耗时 10 秒
[2026-03-30 00:51:10] [INFO] ============================================================
[2026-03-30 00:51:10] [INFO] ✅ VPN 重连成功
[2026-03-30 00:51:10] [INFO] ============================================================
[2026-03-30 03:13:15] [WARNING] ⚠️  VPN 断开 (失败次数: 1/3)
[2026-03-30 03:14:16] [WARNING] ⚠️  VPN 断开 (失败次数: 2/3)
[2026-03-30 03:15:16] [WARNING] ⚠️  VPN 断开 (失败次数: 3/3)
[2026-03-30 03:15:16] [ERROR] ❌ VPN 连续失败 3 次，触发重连
[2026-03-30 03:15:16] [INFO] ============================================================
[2026-03-30 03:15:16] [INFO] 开始 VPN 重连流程
[2026-03-30 03:15:16] [INFO] ============================================================
[2026-03-30 03:15:16] [INFO] 停止 FortiClient 进程...
[2026-03-30 03:15:16] [WARNING] ⚠️  sudo 返回码 -9，尝试不使用 sudo...
[2026-03-30 03:15:18] [INFO] ✅ FortiClient 进程已停止
[2026-03-30 03:15:18] [INFO] 将光标移动到屏幕中央 (960, 540)...
[2026-03-30 03:15:18] [INFO] 启动 FortiClient...
[2026-03-30 03:15:18] [INFO] 点击左边栏图标 (40, 200)...
[2026-03-30 03:15:21] [INFO] ✅ 已触发 FortiClient 启动
[2026-03-30 03:15:21] [INFO] 等待 FortiClient 窗口出现（最多 30 秒）...
[2026-03-30 03:15:21] [INFO] ✅ 窗口已出现（等待 1 秒）
[2026-03-30 03:15:21] [INFO] 等待 GUI 加载 (15 秒)...
[2026-03-30 03:15:36] [INFO] 尝试点击连接按钮...
[2026-03-30 03:15:36] [INFO] 尝试驱动: PyAutoDriver
[2026-03-30 03:15:36] [INFO] 使用 PyAutoGUI 查找按钮...
[2026-03-30 03:15:36] [INFO] 找到按钮: Point(x=992, y=722)
[2026-03-30 03:15:36] [INFO] ✅ PyAutoGUI 点击成功
[2026-03-30 03:15:36] [INFO] ✅ PyAutoDriver 成功
[2026-03-30 03:15:36] [INFO] 等待 VPN 连接（最多 60 秒，每 10 秒检查一次）...
[2026-03-30 03:15:46] [INFO] 检查 VPN 状态（第 1/6 次）...
[2026-03-30 03:15:46] [INFO] ✅ VPN 已连接（FortiClient 状态），耗时 10 秒
[2026-03-30 03:15:46] [INFO] ============================================================
[2026-03-30 03:15:46] [INFO] ✅ VPN 重连成功
[2026-03-30 03:15:46] [INFO] ============================================================
[2026-03-30 03:25:58] [WARNING] ⚠️  VPN 断开 (失败次数: 1/3)
[2026-03-30 03:26:58] [WARNING] ⚠️  VPN 断开 (失败次数: 2/3)
[2026-03-30 03:27:58] [WARNING] ⚠️  VPN 断开 (失败次数: 3/3)
[2026-03-30 03:27:58] [ERROR] ❌ VPN 连续失败 3 次，触发重连
[2026-03-30 03:27:59] [INFO] ============================================================
[2026-03-30 03:27:59] [INFO] 开始 VPN 重连流程
[2026-03-30 03:27:59] [INFO] ============================================================
[2026-03-30 03:27:59] [INFO] 停止 FortiClient 进程...
[2026-03-30 03:27:59] [WARNING] ⚠️  sudo 返回码 -9，尝试不使用 sudo...
[2026-03-30 03:28:01] [INFO] ✅ FortiClient 进程已停止
[2026-03-30 03:28:01] [INFO] 将光标移动到屏幕中央 (960, 540)...
[2026-03-30 03:28:01] [INFO] 启动 FortiClient...
[2026-03-30 03:28:01] [INFO] 点击左边栏图标 (40, 200)...
[2026-03-30 03:28:03] [INFO] ✅ 已触发 FortiClient 启动
[2026-03-30 03:28:03] [INFO] 等待 FortiClient 窗口出现（最多 30 秒）...
[2026-03-30 03:28:03] [INFO] ✅ 窗口已出现（等待 1 秒）
[2026-03-30 03:28:03] [INFO] 等待 GUI 加载 (15 秒)...
[2026-03-30 03:28:18] [INFO] 尝试点击连接按钮...
[2026-03-30 03:28:18] [INFO] 尝试驱动: PyAutoDriver
[2026-03-30 03:28:18] [INFO] 使用 PyAutoGUI 查找按钮...
[2026-03-30 03:28:18] [INFO] 找到按钮: Point(x=992, y=722)
[2026-03-30 03:28:18] [INFO] ✅ PyAutoGUI 点击成功
[2026-03-30 03:28:18] [INFO] ✅ PyAutoDriver 成功
[2026-03-30 03:28:18] [INFO] 等待 VPN 连接（最多 60 秒，每 10 秒检查一次）...
[2026-03-30 03:28:28] [INFO] 检查 VPN 状态（第 1/6 次）...
[2026-03-30 03:28:39] [INFO] 检查 VPN 状态（第 2/6 次）...
[2026-03-30 03:28:39] [INFO] ✅ VPN 已连接（FortiClient 状态），耗时 20 秒
[2026-03-30 03:28:39] [INFO] ============================================================
[2026-03-30 03:28:39] [INFO] ✅ VPN 重连成功
[2026-03-30 03:28:39] [INFO] ============================================================
[2026-03-30 11:28:43] [WARNING] ⚠️  VPN 断开 (失败次数: 1/3)
[2026-03-30 11:29:43] [WARNING] ⚠️  VPN 断开 (失败次数: 2/3)
[2026-03-30 11:30:43] [WARNING] ⚠️  VPN 断开 (失败次数: 3/3)
[2026-03-30 11:30:43] [ERROR] ❌ VPN 连续失败 3 次，触发重连
[2026-03-30 11:30:43] [INFO] ============================================================
[2026-03-30 11:30:43] [INFO] 开始 VPN 重连流程
[2026-03-30 11:30:43] [INFO] ============================================================
[2026-03-30 11:30:43] [INFO] 停止 FortiClient 进程...
[2026-03-30 11:30:43] [WARNING] ⚠️  sudo 返回码 -9，尝试不使用 sudo...
[2026-03-30 11:30:45] [INFO] ✅ FortiClient 进程已停止
[2026-03-30 11:30:45] [INFO] 将光标移动到屏幕中央 (960, 540)...
[2026-03-30 11:30:45] [INFO] 启动 FortiClient...
[2026-03-30 11:30:45] [INFO] 点击左边栏图标 (40, 200)...
[2026-03-30 11:30:48] [INFO] ✅ 已触发 FortiClient 启动
[2026-03-30 11:30:48] [INFO] 等待 FortiClient 窗口出现（最多 30 秒）...
[2026-03-30 11:30:48] [INFO] ✅ 窗口已出现（等待 1 秒）
[2026-03-30 11:30:48] [INFO] 等待 GUI 加载 (15 秒)...
[2026-03-30 11:31:03] [INFO] 尝试点击连接按钮...
[2026-03-30 11:31:03] [INFO] 尝试驱动: PyAutoDriver
[2026-03-30 11:31:03] [INFO] 使用 PyAutoGUI 查找按钮...
[2026-03-30 11:31:04] [INFO] 找到按钮: Point(x=992, y=722)
[2026-03-30 11:31:04] [INFO] ✅ PyAutoGUI 点击成功
[2026-03-30 11:31:04] [INFO] ✅ PyAutoDriver 成功
[2026-03-30 11:31:04] [INFO] 等待 VPN 连接（最多 60 秒，每 10 秒检查一次）...
[2026-03-30 11:31:14] [INFO] 检查 VPN 状态（第 1/6 次）...
[2026-03-30 11:31:14] [INFO] ✅ VPN 已连接（FortiClient 状态），耗时 10 秒
[2026-03-30 11:31:14] [INFO] ============================================================
[2026-03-30 11:31:14] [INFO] ✅ VPN 重连成功
[2026-03-30 11:31:14] [INFO] ============================================================
[2026-03-30 15:33:25] [ERROR] 检查 VPN 接口失败: Command '['forticlient', 'vpn', 'status']' timed out after 5 seconds
[2026-03-30 15:33:25] [WARNING] ⚠️  VPN 断开 (失败次数: 1/3)
[2026-03-30 15:34:48] [ERROR] 检查 VPN 接口失败: Command '['forticlient', 'vpn', 'status']' timed out after 5 seconds
[2026-03-30 15:34:49] [WARNING] ⚠️  VPN 断开 (失败次数: 2/3)
[2026-03-30 15:35:52] [INFO] ✅ VPN 已恢复连接
[2026-03-30 15:37:03] [ERROR] 检查 VPN 接口失败: Command '['forticlient', 'vpn', 'status']' timed out after 5 seconds
[2026-03-30 15:37:03] [WARNING] ⚠️  VPN 断开 (失败次数: 1/3)
[2026-03-30 15:38:10] [ERROR] 检查 VPN 接口失败: Command '['forticlient', 'vpn', 'status']' timed out after 5 seconds
[2026-03-30 15:38:10] [WARNING] ⚠️  VPN 断开 (失败次数: 2/3)
[2026-03-30 15:43:45] [ERROR] 检查 VPN 接口失败: Command '['forticlient', 'vpn', 'status']' timed out after 5 seconds
[2026-03-30 15:47:19] [WARNING] ⚠️  VPN 断开 (失败次数: 3/3)
[2026-03-30 15:50:35] [ERROR] ❌ VPN 连续失败 3 次，触发重连
[2026-03-30 15:53:23] [INFO] ============================================================
